мөселманнар булуыбыз берләшүгә килешеп эшләүгә нигез булып тора
марат тамагын кырып куйды
балалары булмаган
нәрсә булыр бу
батырны уятыр иде үтерермен дип курка
күрәсең син тукай аларны
агач башлары тынып калды
күк – ерак яшеренгән серле сандык
икенче көн төш чагында гына урманнан чыгып бер авылга киткән
реконструкция вакыты күпмегә сузыласы әле билгеле түгел
шуннан соң зөһрә олы баласын ала да елыйелый һавага ыргыта
авырып торам димә иренеп торам диген
тавыш кубармый гына аңлатуга ни җитә
тукай турында төркия матбугатында күп языла
авылдагы тагын бер зур яңалыкны телгә аласы килә
халык та аңа яхшы күз белән карый
тукай җаным сезнең каршыда юләр хатын түгел
ничек курыкмыйча килгән ул адәм минем йортыма ди
менә бер зур шәһәр
шулай итеп тауны кызыл әтәч белән сукалый башлый
одеколон эчәсезме
уртанчы энесе аның сүзен алды шул җирдә торып калды
алар белән серләшер әтисе белән серләшмәс
аларның да уртасыннан шул ук зурлыкта тиште
тагы да бер каты мәсьәлә уйламыйча булмас дия дә шул сәгатьтә уйлап та чыгара
дәшмәвең алтын
әгәр дә мин бармасам ул сине дә үтерә әнине дә үтерә
авыру уяныгыз
ачу килсә акыл китәр
атны агачка бәйләп куеп шунда якында гына үскән юан бер наратны бик батырланып кисәргә тотынган
сафтан чыгу
яшәргә уйлыйсың бәхет эзлисең
ярый алайса барсам барырмын сез чыга торыгыз куып җитәрмен
укытучы да нәни баланың күңеленә яхшылык орлыгы чәчә белем бирә тәрбияли
ничә ел мулла илендә дәрес әйткән
сыңар канат
менә шулай
уйда булмаганны эшләп булмый
үзе абынган үзенә үпкәләр
аның егеткә мәхәббәте әллә каян күренеп тора
маңгаемнан сыйпап алдылар
өч көнлек җиргә барып җитәләр карчык белән җилаяк
шулай булмый ни
акмулла мөгаллим сез бит үзегез дә сүзнең энҗедәй кыйммәтен тоеп иҗат итәсез
шайтаннар оясында фәрештә була алмассың
ни өчен аны мәдрәсәләрдә укучы шәкертләргә бирү өстенрәк соң
мәскәү шәһәре
шуннан аждаһаны уйлап каршы алырга чыгып китә
кишер дә юк
туар көннәреңне санап көтте
диңгездән чыктым коега баттым
уртага салып сөйләшү
үләксә ашап ята
болытсыз яңгыр булмас
агымдагы елның ноябрендә россия һөнәри берлекләренең съезды узачак
алар турында тамашачы күбрәк белергә тиеш
сугыштан соңгы авыр еллар
алар табигатьне җанлы күренеш дип кабул иткәннәр
автор бу әсәрендә дә драматик кичерешләр җирлеген сайлый
еланнар шул ташны барып ялыйлар
барак дигән батыр имеш бу
ул елый иде
күлгә җиткәч вәзирләр кайтып китәләр
ак чәчәк минем сөйгән чәчәгем
яман бала атасын сүктерер
патшаның бик ачуы килде
илйорты бар илен сөйләр
син дә мулла мин дә мулла атка печән кем сала
кайда соң мин
атланмыйча гына атланырга курка икән
кеше китә җыры кала
криштиану роналду тамырлы татар кызы белән никахлашкан
алар тук алар шат алар әлегә үзләренчә бәхетле
бакырны никадәр юсаң да алтын булмас
бөтенләй сөйләшмәсәң телсез булырсың
авыр хезмәт
бу көйгә син батыр түгел әле
күз ачып йомганчы бер турсык алтын су алып та килде
милләт мәсьәләсе президент эше
кадерле якташлар
хушыгыз
иртә белән тегеләр килеп җитәләр
бу юлы да шулай була
теләк кенә кирәк
администрациядә эшләгәндә миңа берничә мәртәбә ришвәт бирмәкче булдылар
аларны эзли чыкканчы өч көн узар
әти син мине дию пәриенә саткансың икән
егет тагын да чапмый шул бер чабуы белән эшне тәмам итеп өенә кайтып китә
агыйделкәй тар булса да
аларның тормыш һәм иҗат биографияләрендә язмышларында үзара кисешкән уртак нокталар бар
халкым читләшеп бара
берни дә өмет итми яса яхшылыкны
ничек уйлыйсың
тереләрнең кадерен бел үлгәннәрнең каберен бел
аның артыннан ләйлә чаба
патша бик гаҗәпкә калды да яңадан җыелыш җыйды
ишетеп беләм
синдә яшәүче барлык тереклек ияләре үлеп бетәрләр
атының тыпырчынганын сизеп дутан уянып китә
юл буйлап ат бара
алар килеп урнашкан вакытта бу җирдә урман булган
агасы кайтып киткән була
бусы теге элек очраган кыздан да матуррак
иңнәреңә баш саласым килә
йортҗирләрен теркәтергә теләүчеләрдән гаризалар алып документларын туплыйбыз
әндри казнасы юк
һич алай түгел
шунда дию телефон бирә
камыш суда утырса да бар үләннән элек корый
эт тә юк
алтынчы сыйныфта укыганда безнең гаилә дип исемләнгән тәүге шигырен яза
бу тавышта такташ авазы да тоемлана
хуш сау бул
бу усак суы каен суына караганда да татлырак тәмлерәк баллырак булган икән
анысы нәрсә
бөтен шәһәрдә менә шулай җәмәгать
кызганыч әлегә юк
аларның барысы да сугыш каһарманнары
мәдәният дәүләтне һәм гражданлык җәмгыятен ныгытуда иң әһәмиятле ресурсларның берсе
булса соң
ул ике өлештән тора
бала кошның авызы зур булыр
үткәннәрен әллә сагына
болгарда ел саен мөселманнар имамнар җыела
фестиваль татарстан республикасы президенты һәм татарстан республикасы хөкүмәте теләктәшлегендә уздырыла
күз алдына китерегез
җан асрау
бер атнадан бу да ак байталга атланып чыгып китә
шулай ди дә егет бөтен көчен куеп патшаны шул ачык ишеккә төртеп кертеп җибәрә
җитмеш җиде ил гизгән
анда мәчеткә йөрүче мөселманнар катнашкан
май ае салкын булса игенгә туклык булыр чебешкә юклык булыр
аны патшалар чакырып алалар
иң әүвәле бу бер мичкә аракыны эчеп бетерде аннан бер мич икмәкне кабып җибәрде
әни суккан авыртмый
чират хәзер уртанчы малайга
таз сөт казаннарына кереп чыккач башындагы тазлары бетеп шулкадәр матур егет булып чыкты
су тоз яки берәр татлы җимеш белән авыз ачу саваплы санала
ничек сайларга
татар түгел димә башың ватармын
яшьләргә дәүләт ярдәмен камилләштерү бик мөһим чөнки татарстанның киләчәге алар кулында
шул арада апалары моңа белгертми генә сәгатьне өч сәгатькә артка чигереп куялар
ул арада агасы баягы рәвешчә бер агачка утын тукмагы асып куя да үзе өенә кайтып китә
ялгап бетергәч бу җир астына җитәрҗитмәс кенә булып калды
бүре баласы бүреккә салсаң да урманга карый
җил көчәйде
ул түкмичәчми барысын да сөйләп бирде
балалар түгәрәккә басалар
моның кулында өч мөһер инде хезмәте югала торган түгел
ул яу беркая да бара алмас миңа биш йөз кеше бир артыннан куа чыгам
авызыңаборыныңа су тулыр
менә шулай җәмәгать
счетлар килә ә хезмәтләр җиренә җиткереп күрсәтелми
мин инде бер кергәч бу ак өйдән чыкмас булдым вә шунда куна да башладым
алар дус кызларны яр иткәннәр гаилә корып җибәргәннәр
аларның ике туе булды бит берсе башкортстанда татар туганнары өчен
аеруча ул аның әхлакый ягына киң туктала
көймә комга терәлү
габдулла тукай татар әдәбияты күгендә янган якты йолдызларның иң зурысы
идел кичми ил булмый куркак егет ир булмый
рәхмәт яугыры
баралар баралар көн баралар төн баралар
ул сарай диюнең тегермәне иде
алар өчен фәнни чарадан тыш эчтәлекле мәдәни программа да каралган
әлхәмдүлилләһ шушы көннең уразасын тотып ифтарга ирештем
ә менә сабирның бер максаты да юк кебек
бер төкерсә бер була ил төкерсә күл була
мин алардан бер дә көнләшмәдем
авызына капкан чөгендер яфрагы җиргә төшеп китте
мин сине хәзер каф тавының башына илтеп куярмын аннан ары барырга миңа рөхсәт юк
кары калын кышның үләне калын булыр
болар кайтып кергәч егетнең атаанасы шатланып каршы алалар
кече малае таз була
борынгы заманда бар иде бер патша
аптырамагыз мин үзем бәлеш пешерермен
аерым алганда алар ашханәдә булды һәм мәктәп пешекчеләре пешергән ризыкларны татып карадылар
төп башына утырту
инде без тагын патшаның үзенә килик
барчы эт гомрең буе шул күктә өч йолдызга өр
күземне ачтым
урынлы сорау
айдарның сюжет төзү осталыгы зур һәм ул моны бик уңышлы файдалана
шигырьләр һәм поэмалар
инде хан мине фәлән шәһәрдәге ханның алтын думбрасын урларга җибәрде
җен байталлары янына кер мин аларга күзләремне акайтып карап торырмын
сез муса җәлил белән бәйләнештә булдыгызмы
ит ике кадак урынына өч кадак булып чыккан
җавабыңны бир мәхмүт
уңышлар телибез
гомер үтә торды
шуннан бу дию дә борылып кайтып китә
бары шул гына
төшсә кулына кырыйда ишек тоткасы кебек бер тотка очрады
әллә тагы
ашлыклар эшен бетергәч бакчага чыгып бәрәңге казырга вакыт җитте
матбугат йорты
бишенче бүлек
ә эре маллар бу кагыйдәгә карамый
йөрийөри бу кара урманнарга да кереп китә
сезгә тәнкыйть итәргә нәрсә калыр
син минем кулымнан тот артыма тип мине мунчага шулай итеп алып бар ди
шәһәрдән куа чыгалар
тарая торгач бер елгага әйләнде
бәхет бар кешегә дә тигез елмаймый
мәгәр мин сезне бу урманнан чыгып киткәнче үзем озатып җибәрим
ярлы кешенең акчасын яман товар бетерә
алар халыкны канатландырып китте
байларның юмартлыгын алам
мин үлемнән курыкмыйм
сүз сүздән туар сөйләмәсәң кайдан туар
үги кыз бервакыт җиләк җыя да тыңлап карый
үз казаныңда кайнау
фани дөньяда эшләмәгәнеңне ахирәттә табармын димә
галим булып кем туган
бәлки ул акчаны мин алганмындыр
сугышны ачмыйча кырык көн вәгъдә белән кайтып китә теге патша
гаҗәпсенеп карап тордылар
хезмәттә көнетөне
мин шуңа ышанмадым
аннан соң кара мәче алдык
туйлар узган туннар тузган
аларның иҗатын да барлап күзәтеп бара
алардан котылуның башка үзе өчен беренче карашка чагыштырмача зарарсызрак юлын тапты
йот аннан исе килмәс
аларны ияләштереп соңыннан мәчет төзү мәсьәләсен кузгату да уңайрак булып китәр иде
еракка яшерсәң якыннан алырсың
илдә йөргән ил таныр кырда йөргән җир таныр
аларны тәрбияләп үстергән идеаль атаана образларын да тудыра
уфа каласында авылдан килгән карт белән карчык ленин һәйкәленә исләре китеп карап торалар
ул мине кухняга якын да җибәрмәячәк
актерлар режиссерлар турында мәгълүмат бар әмма рус телендә генә
башкача мөмкин түгел
тиздән таң атар
татарстанның халык шагыйре
мин эндәшмим
берсенә үзе генә утырып ашый иде
суга да туктарга вакыт
кара көю
кай җирем кычытасын белсәм алдан кашынып куяр идем
юк әлбәттә
менә шундый хәл
бәйрәм кичкә кадәр дәвам итте
моның белән килешәсезме
ә төп асыл мәгънә көннәр санына барып тоташа
һәм моның өчен күп тырышлык куя
бигрәк тә авыл хуҗалыгында
ясин чыгу
ярый патша шундый бер зур көймә ясатты утта янмый суда батмый торган көймә булды бу
ун кат укы бер кат яз
сылтаусыз мәкаль дә әйтелми
рамазан барлык гөнаһлардан пакьлану күңелләрне сафландыру күркәм сыйфатлар белән бизәкләү ае
бөтен мөселман халыклары коръән укый
ай болытта ял итә
аңарда спид таптылар
әй картка нишлибез керәбезме
килешми мөмкин түгел
убыр үзе ияләшкән кеше белән гүренә дә барып керә
көлешеп алдылар
өенә алып барып кунак итә
эш күп күмер аз оста күп тимер аз
алар уянып тикшерү уздылар ял иттеләр ашапэчеп алдылар
ялганчының дөрес сүзенә дә ышанма
әйт әле туалет кәгазе белән пәрдә арасында нинди аерма бар
татарстанның атказанган сәнгать эшлеклесе
татар кешесе
кече ул агалары кебек казан янында булып бүрене күргәч казанының яртысын бүрегә салып бирде
бүген азаккы көне ди карчык
и әнкәем сыңар канат
карга каргага йөзең кара дигән ди
алар өчен әхлак намус төшенчәләре юк
карчык инде бик бетерешкән әҗәл бик терәлгән икән шуннан чыга алмыйча тончыгып җан биргән
салиха карчык
патша боларны алып кайтып күрсәтә инде
беләм дә
син үзеңне зурлама кеше сине зурласын
ә мин нәрсә
шәхес булыр өчен өч баскыч узарга кирәк
үзенең патша кияве икәнен яшерә
бу мәкаләдә мин шундый дәресләрдән берсенең эчтәлегенә тукталам
ә ул һаман сайлана да сайлана
раббыгызның кайсы нигъмәтене аныкы түгел дип ялганнарсыз
бара иде бер зур йортка барып җитте
монысын киләчәк күрсәтер
аллаһының үзенә тапшырдык
кем генә соң аңлар икән мине
менә бит нидә хикмәт
алар менәменә шартларга йөрәк ярылырга тиеш иде
этнең койрыгын турайта алмассың
мин бәхетле
минем сезне татарстанда ислам үсеше белән тәбриклисем килә
азат булдым
патша урынына кече малай калды
безнең тамга алка
узган гомер кире кайтмый сулар үргә акса да
аз сөйлә дә күп эшлә
бар да юкка
адәм көлкесе
буш вакытларыңда нәрсә белән шөгыльләнәсең
тыштан йозаклап алды
ният иткән морадына җиткән
ленинград блокадасындагы һәм фашист концлагерьларындагы вәхшәт халык күңеленә тирән яра салды
диюдән исән кайткан егеткә бүтән бер кызны килештеләр
кешедән көләргә яратсаң үзеңнән көлгәндә дә ярат
озак та үтмәде болар кайтып җиттеләр
сезгә уңышлар телим
паекларың икән бит синең
анысы билгеле түгел
мин моның белән горурланам
авылларда әйтик ятим калган сабыйларны туганнары яки күршеләре алган
юнен тапкан айга очар юньсез тигез җирдә абынып үләр
алдап алты адым да атлый алмассың
адәм мәсхәрәсе
музыкаль күчеш
хәзер инде укчыларны сынап карыйк
микрофоннан тавыш
мең яшәрлек имән булып
авазың яман зарлы кош
сез миңа күп кенә акча бирегез пар ат җигеп китерегез
бу төнне мин каравыл торыйм
яман кыздан яу бизәр
кадерле газета укучыларыбыз
әлбәттә алай түгел
яңа ел килә
мине кем алып кайткан шуңа гына түлим
эш эшләгән интeкмәс эшләмәгән көн итмәс
бал булып чыга бу
монда әле неводчылар килеп җитмәгән
тагын болар урман буйлап сәфәр итте
аларга ярдәм кирәк
хатын атны куып карый ат тарта алмый
шүрәле алдаган кайбер кешеләр урман уртасында адашып калып һәлак тә булалар икән
бала миңа бәләкәй сөяк бирделәр дип үпкәләгәнче сөяген песи алып китәр
таң аткач кояш баемый калмый
икенче көнне иртә белән егет патша сарае янына килде
минем карт гел шундый тилемиле сүз сөйли инде ул радио сыман
сез ни сөйлисез
бәйрәмегез котлы булсын
сөйләштекме
бүре улаган тавышны ишеткәч куяннар әрәмә ягына элдерделәр
халыкка хыянәт ватанга хыянәт
юләр белән тапма да өләшмә дә
шуннан соң боларның бер ир балалары туа
борчылма әнә лифт килә
биргәнгә биш тә күп aлгaнгa aлты дa aз
сугыш вакыты
атларны да көрәшчене дә йөгерешчене дә сынадык
сандыктан чыктым
алар танышкан авылга танып дип исем бирелгән
килеп җиттеләр
бу факт буенча җинаять эше кузгатылган
кул кулны юа кул битне юа
мисаллар белән аңлатыгыз
хөрмәтле ветераннар сезгә ихлас күңелдән хәерле озын гомер телим
турылык үлемнән коткара
хыянәтче кеше куркак булыр
эчендә тагын бер өй бар икән
акыллы булып кыйланмакчы да килеп кенә чыкмый
ул патша миңа алтын су алып килергә кушты
көн китәләр төн китәләр ай китәләр болар
ул тәрҗемә ителгән илледән артык поэзия проза һәм ислам фәлсәфәсе китаплары авторы
ярый эшләп кара ди
татар дөньясы бик чуар күпкырлы
шулай итәләр дә
бер кайгысыз үтсен гомерең
ни сөйлисең син
гафу итегез бу хатынкыз җыены түгел
әй язмыш язмыш
мин көн саен журнал актарам
сезгә ялган миңа чын
күп сүз юк сүз
форточка шап итеп ябылды
егет биленә балтасын кыстырып тегермән янына барып ята
каян килсен балага моң
хезмәтләре үзенә күрә бер сәнгать
карт бик сусый ачыга хәле бетә
актриса сүзләренчә ул камал театрында үткән хәйрия концертыннан канәгать калган
бераз тын тордылар
бу бик сирәк очрый торган күренеш
бөтенесе дә җирне җилне суны кызганганнар
ул нәрсәне аңлата
ак мәчет комплексы болгар музейтыюлыгының көньяк капкасы янында төзелгән
аягы астында туфрак булу
еллар уза тора
бу шулхәтле көч белән суккан шар чиләкнең төбен алып киткән
һәрбер эшнең җае бар ботканың да мае бар
барыбызга бер таләп закон бозмаска
җир хуҗасы булып яшәсә
еникины да озаттык
әхмәт син әйтеп кара
хатны ачып укый
дөресен әйт
алма ничек пешкән эргәсенә шулай коелып төшкән
алдымда барган бүз куян
зур рәхмәт аңа
җир чокырсыз булмас урман киексез булмас
әйе кызым
авылына кайтып болар атааналары белән күрешәләр дә бик яхшы көн итә башлыйлар
алты колачлы ала бия әйтә
киң күңелле
авыр икәнен беләм
күтенә күрә таман
бу бакча элек бу урында җәйрап яткан күл урынында урнашкан икән
республикабызда ул һәр ел саен бөек татар шагыйре габдулла тукайның туган көнендә билгеләп үтелә
газиз карт елмаеп җибәрде
теләк кенә булсын
ул да авылын яу чабып киткәнлеген шул тау арасын ташлап китәргә кыймый йөргәнлеген әйтә
көн күрке – кояш күңел күрке – уйлар
алардагы бөтен фикер байлыгы нәкъ төхфәи мәрдан һәм нуры содур әсәрләрендәгечә
әйдә тор вакыт җитте кайтыйк
халык рухын били алган сәнгать иясе үлемсез
алар бүлек эчтәлеген дә шактый төгәл гәүдәләндерә икән
минем фикерем шул
бетерәдер хәсрәтле уйларны
теләгәнеңне эшлә
юк сүз
милли җанлы
иртәгәге көн бүгенгедән туа
йорт тотмаска өйгә ялангач кайтырга туры килгән
мин кояшка китеп барам
ул ике этапта узачак
мине аптыратып бетерәләр иде
бәхетленең баласы унбишендә баш булыр бәхетсезнең баласы утызда да яшь булыр
урманда агач күп сайлый башласаң яраклысы юк
ни кызганыч
күтәреп алу
гадәттәгечә бу юлы да халык күп иде
анда россия татарстан һәм чит илләрнең бизнесберләшмәләре вәкилләре катнашыр дип көтелә
бер алаша ала да чыгып китә
атлы кеше тау астына төшеп күмелгәч алар сакланып кына урманнан чыктылар
үз намусын сакламаган кешенекен сакламас
сабан туенда без беренче чиратта авыл хуҗалыгы алдынгыларын хөрмәтлибез
алып киттеләр
кая югалдың
изгелекләр булып кайтсыннар
тагын кузгалдылар
җир астында озак тора алмассың чыгарсың
ул да тотрыксызлыкка китерергә мөмкин
авылда ир заты күренми
егет тә аның артыннан керде
җиде ят
наданның аяк баскан җирендә үлән корыр
җан көчкә
авыл кебек борынгы каберлек бу
марина бик теләп риза булды һәм кешеләрне машинага утырырга чакырды
мәчетебез бар
алар икесе дә җыр конкурсының дүртенче этабын уңышлы гына үтте
ике дус кафеда утыра
егет кулындагы савыт төшеп ватыла ә суы чыршылар өстенә түгелә
очрашканга кадәр
кечеләр олыга буйсына энеләр агага буйсына
илдә чыпчык үлми
иделем кебек тирәндер син минем туган телем
берәү бар меңгә биргесез берәү бар бар икәне дә билгесез
бу көннәрдә ураза тотуның фазыйләте бик олы
бу капка төбенә чыгып җитми ипине ашап бетерә
барып җитәләр патшаның капка төбенә
мин үземне таптым
күз ташлау
качмасаң апаларым үзеңне тибеп тешләп үтерерләр
шулай эшләде дә
төз түгел куллар аяклар да ботактармак кеби
шулай итәитә һәр авылдан моңа яратып кызларын бирәләр
шулай итеп патшаның йөгерекләре дә җиңелә
алар белән дус булу кыен түгелме
аларның яхшы нәтиҗәләре бар
гомер кыска
шулай ук кече хаҗ гомрә хаҗы кылына
и раббыбыз
жигули вәгъдә иттеләр
башлаган эш беткән эш
моны танырга кирәк
пычагым
аларның әле чын мәгънәсендә беркатлы сабый чаклары
барса бөтен халык җыелган
акциягә эре сәүдә челтәрләре җитештерүчеләр халыкка хезмәт күрсәтүчеләр дә җәлеп ителде
моннан тыш инглиз һәм нимес телләреннән тәрҗемә эшләренә дә алынгалыйм
үкенмәссез
әңгәмә өчен рәхмәт
күзебашы тонган айгыр сабыйны урманга алып кереп китә
аларны мәдрәсәгә стенд ясаганда да кулланган
көтеп калабыз
козгын кунмас агач
кул арасына керү
эшсез кеше акмас су
сираҗетдин гаскәрләре акбүз атны алып кайтып китәләр
мин аптырап киттем
татарстанның халык язучысы
кыз мунчага барса анда кулаша тулы алтынкөмеш энҗемәрҗән кыйммәтле ташлар
дөнья матур дөнья киң
әйбәт кешене болай да якын итәләр
шулай итте дә
шул ук хәл советлар заманында да кабатланды
акча эшләү дигәч тә аны теләсә ничек табу дигән сүз түгел бит
алюминийдан ясалган күлмәк
бәхет һәм һәртөрле уңышлар изгелекләр иңә торган изге көн
һәр ишеткәнен сөйләгән һич теләмәгәнен ишетер
әтиәниемне сора фамилиямне сорама
түгәрәк өстәлне факультет деканы алып барачак
алып барды егетне үзенең хатынына
өенә кайткач сандыкны ачып карый
алайса бөтен халыкны су керергә алып барыгыз бер адәм дә калмасын
тик озакка түгел
сүз дүрт төрле
күгәрченнәрдәй гөрләшеп яшәү ялкыткангамы аратирә чукышып та алгалыйбыз
хикмәт нәрсәдә
карчык бу шәһәрдә андый кызлар барлыкны әйтә
бу китә китеп ике генә көн үтә моңа тагын бер таш күренә
кызга хәлләрне сөйләде
бит күрке күз тел күрке сүз
абый дип пышылдады ул
егет өенә кайтып керде
нәрсә соң ул бәхет
хәлләр ничек
һәр елмаю эчкерсез була алмый
мин туганыгыз булам
төкле аягың белән
берәү дә көлмәде
шуннан соң иртәгесен улы китә атасыанасы белән бәхилләшә инде бу
алар белән кычкырмый гына әдәп белән ачык итеп сөйләшегез
кузгалырга вакыт
фаза югалып җирнең түбәсе катлаулыкатлаулы кара караңгы һәм авыр болытлардан гыйбарәт булып калды
нигә әз якканнар бу мунчага моның җылысы башны җылытырга гына җитте
чират миңа җитте
ял итәләр болар рәхәтләнеп
аларның күбесе диндә
арышлар өлгерә
май азагында россиягә рәсми визиты кысаларында казанга австрия президентының килүе көтелә
эт янында сөяк ятмас
ярар ни сорасаң шуны бирәм
дөрес әйткән икән
владимир ильич көлә
егет тиз генә бер күз карау белән тамак астындагы алкага тотына
ләйсән белән ләлә дуслар
алды бер аркан
аны да өскә күтәреп куярга кирәк
гыйлем дәрәҗәсе дәрәҗәләрнең иң олысы
алар бу байракларны тотып яңа китапханәләр төзергә җыенып йөриләр икән
ялганчының рас сүзе дә зая китәр
айнур галимовны үз итәм
бу зөлкарнәй батыр икән
бу дөрес түгел
теге кешенең карыны бик ачыкты
утызынчы елны кәримнең атасын раскулачивать иттеләр
җилфердәгән итәк шартлы мәгънәгә дә ия
барды тавышка
төтене туры чыга
бер үк чәчәктән корт бал җыя елан агу җыя
шулай диде дә чулак үзе кайтып китте
аларның өенә ниндидер сер керде сер генә түгел сихер шом керде
мин бу егетне якын итәм
автор аның турында әсәрнең дүрт бүлегендә сурәтли
алар анда барып халык белән дә аралашачак
чарага керү бушлай
тегеләр килеп җитәләр
егет булса мут булсын ике күзе ут булсын
мөхтәрәм дин кардәшләребез
йосыф россиядә беренче тапкыр чыгыш ясый
тестлар үтәү
өлкән улы төне буе каравыл торып төн уртасында йоклап китте
мин каршы түгел
ул күптәнге карак бит мин сезгә әйтергә ипсезләнеп йөрдем
бу хакыйкать
шулай булсын
ул мөхәррәм аена туры килә
эшне балаларына тапшыра да ул да китә болар белән
бер кояшта киндер киптергәннәр
адаштырмак була хәерсез
син бар инде иртәгә ул шул авылга барып җитәрсең
бу искиткеч
ялганның төбе юк күтәрергә җебе юк
ике кыз аның артыннан су тотып йөгергәннәр
татар халкы һәрвакыт гыйлемле халык буларак дан тоткан
бер чынаяк чәй эчтем
өенә алып керә
кершән итеп яктым тыйнаклыкны
теле пычракның күңеле пычрак
алар яхшы сыйфатлы балалар бакчаларында тәрбия һәм белем алырга тиеш
агачның корты эченнән булыр
яңа закондагы нормалар буенча баланы караган өчен чыгымнар өч төркемгә бүленә
бина видеокүзәтү һәм контроль системасы белән җиһазланган
хәлемне аңлап кызганмыйнитми күләмле акча күчерүчеләр дә шактый булды
тормышта төрле хәлләр була
чыннан да шулай булды
ә кем соң
кайберләре әйтик кыпчак биләре хәтта хан дип тә аталган
сез иң гүзәл кеше икәнсез
калган малын дин юлына тоткан
бу айда без барча уйниятләребезне берберебезгә рәхимшәфкать күрсәтүгә һәм игелек кылуга юнәлттек
адәм баласы көмеш гыйлеме булса алтын
алтыда белгән ана телең алтмышта онытылмас
нәрсә килеп чыга соң
ветераннар советы рәисе
шунда бер үрдәк су төбенә чумып борыны белән бер кисәк балчык алып чыккан
кичен бака кычкырса көн җылы була
чыбыкны пеше чакта бөгәләр
шуңа күрә мәчет проектын тиз арада эшләүләрен сорадым
без аптырап калдык
акыллы әйтер юл куйдым ахмак әйтер җиңдем
якын дустың өчен эчмисеңмени
бик кечкенә генә эт ләңләң өргән була
мәми авыз
патша халыкны коткару өчен бердәнбер кызын бирмәкче була
үзең нинди көзгең шундый
бер көн бара ике көн бара
мин атам төн йокламадым
тәүлек тулганда янчык багана төбенә килеп төшә
акбүз атыңны бирсәң агай
аларга төрле театрларда сәхнәләштерелгән спектакльләр күрсәтү бик кызыклы булачак минемчә
синең белән үтте сөйгәнем
болар икәү киттеләр
алар нәрсә белән аңлатыла
мин алып кайтырмын тик миңа мең аршын тасма бир
көн күрмәгән көн күрсә көндез чыра яндырыр
агач биегәйгән саен яшен сугу куркынычы да арта
ул моны ачык белә
шул ук елны армиягә алына
алар һәрвакыт шат таза булганнар
әйе бу шулай
эсселесуыклы булып киттем
текст шуннан алынды
күрәләр бер егет таш чөеп уйный
егет кешенең сүзе дә эше дә бер була бер эшне икенче тапкыр эшләми
ник дәшмисең
очып килә үзе адәм сурәтендә үзе кош
уку каты булса да җимеше татлы
алалар һәр санын зарыгып көтеп алалар
хөрмәтле өлкәннәребез
беркем килеп сиңа абынмасын
хөрмәтле президент
ир уңган булса хатын елдам була
аның әтиәнисе һәм бөтен туганнары татарстанда кала
моның бер баласы мәдрәсәдә укый икән
әйе шул кичәгенәк үлде
ай кебек калыкты кояш кебек балкыды
бу егет карап тора диңгез өстенә сөт чыга
алалар әсир итеп
юлда берәр нәрсә күрмәдегезме
татар әдәбияты тарихы
нәтиҗәдә ул хәзерге укучыга бик якын кадерле аңлаешлы матур образ гәүдәләндерүгә иреште
елан ишекне ача да башта үзе төшә
мәүлид ае мөбарәк булсын
алтын баскычка җиткәч өч тапкыр орынган иде кара елан булды тагын
шуңа күрә тверь елъязмасы белән танышу урынлы булыр
чулак вәзир моны патшага барып әйтте
патшаның уртанчы малае тормакчы булды
шүрәле кара урманнарда гына тора
тычканга үлем мәчегә көлке
әйбәтләп торып патша моны үз кулына ала өйләндерә йорт салып бирә
инде бәхетебез шуннандыр дип кызларын йорт тотмаска бирергә булганнар
барып җитте диңгез буена бер эскерт өстенә менеп ятты
урман шаулавы
сатмыйм сатмыйм бүләк итеп бирәм
акчаларны явыз сихердән арындырмасаң кыз ятим калачак имеш
песием песием дигәнче перес булып китә
тырышкан табар ташка кадак кагар
бу хакта президентның матбугат хезмәте хәбәр итә
адәмдә холкы ягыннан ни яхшы нәрсә булса эчемлек һәммәсен юкка чыгарадыр
кая китте
таң беленгәч торды да бу алманы тагын санады алма шул дүртәү юк көенчә
эш пеште
аларның балалары юк иде шуңа кайгылары бик зур иде
мактанчыкның кулыннан килмәсә дә теленнән килә
гыйльметдинов шактый яшь һәм аның үсәр мөмкинлекләре бар
шул җирдән өч көн өч төнлек юл
дыңгырдатмый гына арбасын
айнырга вакыт
аларны тиешле синонимик фразеологик формалар белән алмаштыра
күл болганыр бер тонар ил болганыр бер тынар
әти белән без бикбик тату идек
алар икесе дә күрше хатынга аркалары белән борылып торалар
берәмберәм менәләр
барып җитте
тирәнрәк уйлап карасак әйткәнемчә сөйләшер сүзләр уйланырлык уйлар бар
болганган су тирән күренер
авылга барып керсәләр каралтысызкоймасыз өй буенда сәләмә генә киенгән бер егет утыра
бу эшне башка көнне башкарсаң да була
анда теләгән һәркем катнаша ала
һәм сораштырып торуның кирәген тапмады
мин үзем ул карчыкта үткән заманның ничеклеген белмим
элек алай түгел иде
нишләптер бавырым бик авырта
авыл егетләре галиябануга күз өстендә каш итеп карыйлар
ясат бер мунча
егерменче йөз татар поэзиясе тарихына багышланган фәнни хезмәтләр истәлекләр хикәяләр романнар авторы
нигә дәшмисез
акча бүрекнең төбенә дә ягылмаган
ни чәчсәң шуны урырсың
бу көнне дә күрәсебез бар икән дип бик шатландылар
бу урман аша чыпчык үтәрлек тә юл юк иде
гашура көнендә башка күп кенә бөек вакыйгалар да булган
шуннан соң кызлар өчесе дә йөзекләрен салып бирәләр
бугазгабугаз килеп
ил илдән калса иргә намус
сезнең арада очраклы кешеләр юк
эз калмаган бөек халыктан
барчы эт гомерең буе шул күктә өч йолдызга өр
бервакыт миңа аларның өендә булырга туры килде
чапкан узар яткан калыр йөгергән алыр
кадерле коллегалар
әлбәттә һәр халык үз илендә үз телендә сөйләшсен
алар берберсен үз эченә ала
сез авыр бер хәлдә калдыгыз
аз булса да үз акылың булсын
тагын бер проблема бар
эт тубыгыннан
болар китү белән боларның атларының басып баруына түзмичә тәрәзә пыялалары коелып кала
юләр мактаганны ярата
әйдәгез мин сезгә әкият сөйлим
кыз озак вакыт югалып торгач үзе кайта торган булган
бер атуда ике куян
тегесе борылып миңа карагач каттым да калдым
җеннәр куып тота алмый
авыл үсеп балалар күбәеп киткән очракта янкорма күтәрү мөмкинлеге дә исәпкә алынган
хөрмәтле президент әфәнде
нәтиҗәдә аны затлы китап итеп чыгардылар
өйләнгән дип “тәрҗемә итә” судья секретарьга
кеше китапларының күчермәләре генә дә түгел
матур дип әйтә торган булганнар
сабантуйлар җитте
без юлга чыккач күп тә үтми кич булып караңгы төшә башлады
мин аны егермедә очраттым ә егерме өчтә ташлап киттем
кечкенә муса турында хикәяләр
үз анасын зурлаган кеше анасын хурламас
чоры нинди җыры шундый
мәҗлес халкы көтә һаман көтә көтә
бу бик нык сөйләшә
уртага аю ике янга ике бүре җиккән үзе
үзе арттан килә
бу дөресме икән
күрсәт батырларыңны
сугышка командир белән икебез барабыз
чикләвек җыйганда җиләккә бармыйлар
өчесе өч төрле
язмыштан узмыш юк
һөнәрле үлмәс һөнәрсез көн күрмәс
аларга тагын галәмәт хәлләр өстәлде
бара торгач бер ярга килеп чыга бу
адаштырмый хәтта урау юллар
алар өйрәнеләме
син һәрвакыт минем җанымда
туй үтте егет хатынлы булды
киткән кыздан пумала курка
барыбызга да шатлыклы һәм бәхетле тормыш насыйп итсен
сөт эчерим үзеңә
күккә ашкан байрагын
хөрмәтле райондашлар
алайса чыннан да барып карыйсы булыр
керсә өйдә бер карчык утыра
данис уйлап та тормый икенче көнне көтүен ташлап ярыш була торган урынга китә
адәми затмын
акчалар кая китә
бүләк иткәч ни дияргә кирәк
вакыт акча түгел – аны саклауга куеп та югалтсаң кире табып та булмый
аларда радиокүзәнәкләр бар
май ашаган карга да кышлый бук ашаган карга да кышлый
агыйделкәй суы салкын
гаиләдә ызгыш чыгармауның шәп ысулы – берберең белән сөйләшмәү
хатын кайтты
без бик озак сөйләшеп утырдык
әрем төбенә гөл үсмәс
куркaк сәүдәгәр ни фaйдa итәр ни зыян итәр
россиядә гел уңай караш кына дип әйтә алмыйм
аның каравы якында гына ниндидер балкыш барлыкка килде
сездә минем керсез яшьләрем
фу адәм исе килә берәү килгән икән
сүзне сөйли белмәгән үз өстенә сөйләр
ялкауның кулы куеныннан чыкмас
ул атларның дилбегәләрен тотучы кеше куркырлык чуеннан да кара бер зур мыеклы гыйфрит булсын
агач яшь вакытында яхшы бөгелер
нәрсәсе белән истәлекле соң бу көн ни өчен без аны шулай зурлыйбыз
әнисенең катгый рәвештә таләп итүенә карамастан идел аның кызын кире кайтарып бирмәгән
ничек дип әйтим
улымны өйләндерик
син андый карак кеше икәнсең моннан ары бер шәһәргә бар анда бер бай бар
алар күбрәк булсын иде
сүз кату
юк әлбәттә
туксан яшькә килеп җиткәнне
икенче ат китерткән аның да билен сындырган
балалары әниләренең тавышын ишеткәч шаугөр килә башлыйлар
татар кешесе кайда гына яшәмәсен татарстанны тарихи ватаны итеп саный
кем эшләми шул ашамый
габдулла әфәнде биология фәннәре докторы профессор
ак чәчәкләр сыман апак карлар
ә нәрсә
кунак булсаң тыйнак бул
әллә ашыга әллә ояла
төрмәдә үтерелә
узсаң көенәләр калышсаң сөенәләр
юл уңу
ике мичкә бер чүмеч теләсәң күпме эч
бу патшаның өч малае бар
энекәш кирәк миңа
патша гер ташын койдыртып китерде малайга
сабыр иткән морадына җиткән
сары мәтрүшкә алтмыш төрле авырудан көрән мәтрүшкә җитмеш төрле авырудан дәва
шуннан халык егетне патша итеп сайлады
күп тoргaннaн сoрaмa күп күргәннән сoрa
алар әбибабалары янына килергә монда җәйләрен ял итәргә мунча керергә ярата
туганнарның кадерен бел
адәм галәйһиссәламнең фәрештәләрдән өстенлеге шунда күренде
үзең ятык булсаң эчкәнең катык булыр
укучы иншасыннан бер өзекне укып күрсәтте
эссе һавада мин суда коенам йөзәм
булат тибы һич вакытта эшче шахтер тибы була алмый
бу хакта мөфтиятнең матбугат хезмәте хәбәр итә
моны күргәч агалары җиңгәләре бик көнләшәләр
тагын бик каты кычкырды бу
автобустан коелган умырзаялар мөһаҗирләрне җыр белән каршылый
башта үз авылларындагы мәдрәсәдә укый аннары күрше авылындагы мәдрәсәгә күчә
казак чыксын иленнән
бала була белмәгән кеше егет булалмый
айгырыңны җигеп юлга чыксаң исең китә
бер дә кебек түгел дә кебек
акыллары томаланган бәндәләр саташа ул
бүген россия матбугаты көне
аның турында каләм тибрәтү бер яктан җиңел дә кебек
ярар зөлкарнәй чыгып китә
бары шул гына
аларның ничек итеп киенүләре үзүзләрен тотышлары кайчак гаҗәпкә калдыра
ат булсаң җигергә теләүчеләр тиз табыла
урып сугалар да тегермәндә тартып әйткән вакытка биш потлы күмәчне китереп утырталар моңа
аста
киемгә карап каршы алалар акылга карап озаталар
әлеге вакытта күбрәк мистик яки фэнтези жанрында иҗат итәм
ике балалары бар
бу очраклы түгел
акрын гына җизнәләрен дә шул көе өйләндереп бетерә
дошманнарны арттыруы җиңел дусларны табуы кыен
алар икесе ике баштан күтәрергә тырышканнар юк кузгата алмаганнар
сине яратмаганга гына ул кешене дошманга санама
токымыңны кол итәчәкбез
я кулга алынган эшмәкәр күрсәтмәләр бирдеме
ул алпамшаны киендереп үзенең янына утыртып алып кайтып китә
кире борып кайтаралар
бу табигый хәл
юлларда бозлавык сакланачак
куркып гомер сөргәнче капланып үлгәнең артык
шуның яныннан узганда теге ике кыздан да матуррак тагын бер кыз килеп чыга
акбай маҗаралары ул мавыктыргыч сәяхәт
алар тышкы кыяфәтләрендә монголоидлык билгеләре булу белән көньяк татарларыннан бераз аерылганнар
шулхәтле нурлы нәрсә бу күзнең явын ала
әлбәттә бүген бөтен татар да татар телен белә алмый
кырык көн туен кылдырды
алар бүген иске шәһәр ягында яши
картны авылда тормаган өчен орыша иде
патша кызы шул көндә төш күрә
авылда яшьләр дә бар
шагыйрь авазы
яшь таксист
шулай итеп көннәрдән бер көнне болар юлга җыена башлыйлар
бала сия алмыйча үлә
иң яхшы мөгаллимнәргә татарстан республикасы атказанган мәдәният эшлеклесе исемнәре бирелде
күңел күзең күрмәсә маңгай күзе ботак тишеге
ни пычагыма
адресым редакция өчен генә
бу барып керде
килде безгә бер бәла
өзми дә куймый
хисаплының малы исәпле
монысы инде бөтенләй гафу ителмәслек гөнаһ
ә син әйбәтләп кара гел тере сыман ич
теге хәерче булып капчыгын күтәреп китә
хәзер шул дустым килсә ни ашатырмын икән дип уйлый башладым
җир уллары трагедиясе шул ук елда сәхнәгә дә менә
егет тә тик тормый пәрине күтәреп алып аның артын әйләнеп тора торган тегермән ташына тидерә
сагынганнар сабыйларны
коммуналь фатирда яшәүче берәү күршесенә сорау бирә
алар янына рәхим саттаров абдулла алиш кәви ишмуров өстәләләр
алар бик аз
алар төрле активларда һәм матбугатта бөтенләй дәлилсез тәнкыйтькә дучар ителделәр
ишек ачылса эчтән бер кыз карап тора икән
тишекле таш җирдә ятмас
хөрмәтле сайлаучылар
ашыкканнан акыл сорама
җилләр уйный ялгыз өйләрдә
минем авылымны яу чабып китте менә шулай ялгыз калдым инде
мин моңа каршы
җилаяк мәйданга барып утырды
аларның уллары да булган
бу кызу җирдән чыгып тагын ник керик
аның иҗаты милли мәдәниятнең үткәнен бүгенгесен һәм киләчәген бәйләп тора
басма астында су бит
урманга утын ташылмый коега су салынмый
ак карга чәчелгән миләштәй
адвокат судта чыгыш ясый
әңгәмә тәмам
алар хәзер алтау
карт дәшмәде
болар хәзер бөтенләй калдырып китәләр инде егетне алмыйлар
алар уйсызлар буш фикерлеләр дип әйтсәк тә ярый
әнкәм авырый
карасалар гөмбәче якынлашып килә
кары китсә дә бозы китми
китепкитеп тагын бер ай тулганда бер тау буйлап баралар
тегеләр барып бер сәгатьтә урып та бетерделәр чүмәләгә дә куялар
татар әдәбияты зур югалту кичерде
егет шаһмараны өчкә кисте
алар аны белергә һәм җырларга тиеш дип белдерде ул
ашыйсы килә дә чәйнисе бар
шулай да хәлләреннән килмәгәннәр өчен мәҗбүри дип саналмый
бата торган кеше еланга да тотына
һәм әлбәттә җисеменә туры килә торганы
җинаять эше кузгатылган
шуннан тегене әйләндереп җиргә күтәреп бәрде
менә сиңа мә
әбибабам йортын шакыдым
үлгәннәрнең каберен бел
һөнәрең булса күрсәт
мәчет имамы рөстәм хәзрәт мәхәллә тормышы турында сөйләгәндә күбрәк матди хәлгә тукталды
кызым бер чыгып күрен инде иптәш кызларың белән
алар үзләренчә бииләр катлаулы хәрәкәтләр ясыйлар бүлмәдә төрле төсләр уйный
чигенсәң кысырыкланачагыңны онытма
мине бу җирдән чыгаруыгызны үтенәм мин
менә шул бәндә газиз карт артыннан иярде бит
иртә белән сорыр керә падишага рөхсәт сорап
җирнең нуры кояш кешенең нуры гыйлем
ул мәгърифәтче
ишектән кусаң тәрәзәдән керә
аның белән шаярма
азрак баргач алар да юыртып киттеләр
шул арада зөлкарнәй дә үләксә эченнән чыгып тиз генә кош өстенә менеп атлана
аларның һәр балага конкрет рәвештә ярдәм итүе кирәк
кыз хәзер моның кулына көмеш мөһер бирде
баласы елак булса анасы чирак була
кызлар барчасы куркып качалар
таз алып чыкты атны
сул як күрше
әйтергә генә ансат
картлар тагын аны танымаганнар
акча алганда күбесе риза булмый
ярый алайса
һәр кеше болгарга килгән саен ак мәчетне карар һәм аның мөһимлегенә инаныр дип уйлыйм
кыскасы менә шундый хәлләр
сүзең көмеш булса эндәшмәвең алтын
халкым нинди моңлы көең бар
алар сөйләшәсөйләшә соңгы кыңгырау кичәсеннән кайталар
алар шулай китеп бардылар
елның түгел көннең дә ничек узасын белеп булмый
алар белән бергә дога кылу да савап
хисаметдин барысын да бәйнәбәйнә сөйләп бирә
кирәк безгә кирәк үзгәрергә
кыстасалар да күңелең тартмаган эшкә алынмавың хәерледер
алай дисәң инде
аларның кызлары гайшә хатынкызлар арасында дин сабаклары өйрәткән
класс якты һәм матур
бу аңлашыла
ягъни барча сүзләрне
уйламый уку аңгыралык укыганда икенчене уйлау саңгыраулык
бу нинди хәреф
мин үз илемә кайтам
бу дөньяга кеше булып тусаң
моннан түбән бер су бар шул су буенда минем өем бар тегермәнче мин
бу табигый хәл
