Von letzteren siedelten sich auch einige im Ort an.
Der Stadtrat stimmte der Unterstützung der Umbauarbeiten zu.
Von ihm bot sich dem Betrachter eine idyllische Aussicht hinab auf die Trave.
Ihr Leben bewegte sich nun in ruhigeren Bahnen.
Seine Muttersprache ist Französisch.
Dadurch wird die Produktivität pro Mitarbeiter gesteigert.
Flamme war in verschiedenen Gremien des Landkreistages Nordrhein-Westfalens tätig.
In der Sengoku-Zeit war Higo ein bedeutendes Zentrum des Christentums in Japan.
Querruder befanden sich nur auf den oberen Flächen.
Herrenmannschaft in die Hallen-Bundesliga auf.
Mit "Black" errang er abermals große Anerkennung, sowohl kommerziell als auch bei den Kritikern.
Nach dem Abitur studierte er Medizin an der Universität Breslau.
Danach wurde er an einer landwirtschaftlichen Fachschule ausgebildet.
Sämtliche Ruder sind stoffbespannt.
Linda Koch dümpelt mit einer völlig veralteten Version herum.
Heute erinnert eine Gedenktafel an diese Katastrophe.
Das Kristallsystem ist monoklin.
Die Böden enthalten meist alkalischen Kalkstein.
Wo ist denn die Fernbedienung?
Haben Sie zollpflichtige Ware dabei?
Was heißt das auf Albanisch?
Auch die globale Erwärmung bedroht zunehmend Tangwälder, da der Tang kühles Wasser benötigt.
Er gewann im selben Jahr auch die Katalonien-Rundfahrt.
Dies wird gewöhnlich von der Tunnelpatin vorgenommen.
Während der Zeit der Weimarer Republik arbeitete er als Parteisekretär.
Durch starke Winde ändern sie ständig ihre Form.
Der hier gegenständliche Begriff wird im Türkischen "Veli" geschrieben und ausgesprochen.
Mielec ist eine der größten Städte Polens ohne Anschluss an den Schienenpersonenverkehr.
Dann zog er sich etwas zurück.
Dort war er auch als Gastronom tätig.
Dykstra, Marsden, Carter und Lucy wollen erneut Marihuana anbauen und verkaufen.
Unterschieden werden sie durch die jeweilige Farbgebung.
Er trat damit die Nachfolge von Werner Schramm an, der in den Ruhestand trat.
Diese Aufsplitterung zeigt, dass auch kulturelle Bereiche, wie der Sport, politisiert wurden.
Dem „Angeklagten“ werden hierbei vor der Festgesellschaft seine „Untaten“ in Gedichtform vorgetragen.
Er studierte Orgel in Hannover und Wien, Cembalo in Boston und Dirigieren in Detmold.
Die Plattform und das Chassis basieren auf dem Renault Spider.
Außerdem der Vormund, wenn den Eltern die elterliche Sorge nicht zusteht.
Die jungen Kätzchen entwickeln sich in der Regel schneller als Welpen anderer Rassen.
Trainer ist der Kärntner Alexander Lugger.
Neben der schauspielerischen Ausbildung am Max-Reinhardt-Seminar erhielt sie eine musikalische Ausbildung.
Barbarus übersetzte die Aristoteles-Paraphrasen des Themistios, sowie mehrere Werke des Aristoteles.
Über seine Eden-Bar-Auslage sagte er: Seinen Erfolg hat er sich nach eigenem Bekunden erarbeitet.
Vermutlich bestand jedoch auch hier mariner Einfluss.
Die Japaner wurden mit einer Gold-, zwei Silber- und einer Bronzemedaille Dritter.
Diese war so groß, dass ein weiteres Fahrzeug das Gepäck transportieren musste.
Kohn war auch als Konzertsänger tätig.
Sie wuchs in der Obhut ihrer Mutter und ihrer Großmutter väterlicherseits, Anna d’Este, auf.
Im Zuge von Sparmaßnahmen wurde ein Drittel der Belegschaft entlassen.
In Hamburg sind die Mülleimer mit kreativen Sprüchen bemalt.
Aufklärung ist uns wichtig, versichert Jennifer.
In dem Gerümpel sollen wir die Skulptur finden?
Morgen soll eine Ariane-Rakete zwei weitere Satelliten für den GPS-Konkurrenten Galileo ins All bringen.
Bailey zog bereits als Jugendlicher nach Hollywood, um dort als Filmschauspieler zu arbeiten.
Die wechselständigen, sitzenden Laubblätter sind flach, fleischig, elliptisch-lanzettlich bis eiförmig-rundlich, stumpf, ganzrandig.
In der Meisterschaft spielten die Döblinger lange Zeit keine entscheidende Rolle mehr.
Er dient zur Alarmierung oder Benachrichtigung von Personen oder Personengruppen über ein Funknetz.
Als Hersteller kommen auch die als begabte Glockengießer geltenden Benediktiner in Frage.
Adolf Hitler entschied persönlich, dass die Pläne Wolffs ausgeführt werden sollten.
Er besitzt einen Bahnhof an der Bahnstrecke Poprad–Plaveč und ist ein Eisenbahnknoten.
Auch zur Zeit dieser Baumkängurus beherbergte die relativ trockene Region keine ausgedehnten Wälder.
Sie bevorzugen dabei Pappeln, Birken und Weiden.
Worin besteht der Unterschied zwischen Konfitüre und Marmelade?
Wie unterscheidet man Freund von Feind?
Ich wette mit dir um zehn Riesen, dass er ihn entthronen wird!
Einmal kräftig pusten, bitte!
An diese Kasse bitte nicht mehr anstellen.
Was dabei auf den Hocker troff befände sich im Hockerstoff.
Auch den Profikampf mit seinem Finalgegner von Paris, Søren Petersen, konnte er vorzeitig gewinnen.
Sein bestes Resultat war dabei der sechste Platz beim Pazifik-Grand Prix im japanischen Motegi.
Ossian Hart war mit Catherine Smith Campbell verheiratet, mit der er zwei Kinder hatte.
Die Zeit nach dem Ersten Weltkrieg wurde für das Unternehmen zur Bewährungsprobe.
Heute gibt es verschiedene Betriebe des lokalen Kleingewerbes, darunter eine Käserei und mehrere Weinkellereien.
Hauptbedrohung für die Graubraunen Mausmakis stellt die Zerstörung ihres Lebensraums dar.
Rehe absolvierte nach Beendigung der Schulzeit eine Ausbildung zum Schriftsetzer beim Haller Tagblatt.
Er wird daraufhin freigelassen.
Der Dreißigjährige Krieg hinterließ auch Spuren.
Im nächsten Jahr konnte er dort die siebte Etappe für sich entscheiden.
Er war kroatischer Abstammung.
Sein Hauptort ist Rioz.
In der Schweiz ist sie noch relativ weit mit wenigen Lücken verbreitet.
Sofort im Anschluss daran wurde er Privatdozent an der Universität Leipzig.
Es entsteht eine "Warmfront".
Es ist zudem mit verschiedenen Abbildungen und themenbezogenen Gegenständen ausgerüstet.
Rang einreihte, wurde er mit der Säbelmannschaft Siebter.
Tessenow zählt zu den wichtigsten Vertretern der deutschen Reformarchitektur.
Seitdem ist sie international im Radsport erfolgreich.
Die Phonetik der japanischen Sprache ist dem Lautsystem der austronesischen Sprachen sehr ähnlich.
Heute ist er Teil der Ukraine.
In ihrem Werk widmete sie sich überwiegend der Darstellung von Blumen, Stillleben und Familienporträts.
Ein- und Ausstieg erfolgte meistens durch eine Hecktür, oft mit einer kleinen Plattform.
Die Beschäftigung mit Sondergemeinschaften führt manchmal auch zur Selbstkritik von Kirchen.
Im Dorf herrscht ein reges Vereinsleben: Schützenverein, Musikverein, Chorgemeinschaft, Kinderchor, Sportverein, Kolpingsfamilie und Landjugend.
Ein Verständigungsfrieden aller Kriegsgegner sollte seiner Ansicht nach den Krieg beenden.
Viele deutsche Studenten absolvierten diesen Teil ihres Studiums in Frankreich selbst.
Die Vereinsfarbe ist Orange.
Dazu wurden meist die Worte „Heil Hitler“ oder „Sieg Heil“ gesprochen.
Altenrath wird zusammen mit Böhl als "Altenrath-Böhl" bezeichnet.
Jürgen Wenzel verließ die Band.
Sie liegt an der Westküste der Insel am Kalmarsund.
Versuch einer semiotischen Theorie des Lebendigen"" promoviert.
Es herrscht ein reges Vereinsleben in Fahrnau.
Gegenwärtig ist es im Inneren an der Südwand des Doms angebracht.
Die Mutter Franziska von Faulhaber stammte aus Württemberg; ihre Schwester Valerie geb.
In seiner Wirkungszeit begann die Firma mit der Herstellung von Druckformen.
Demnach sollen Kinder im Laufe ihrer Sozialisation Stadien der kulturellen Entwicklung des Menschen durchlaufen.
Die Gemeinde ist nur wenige Kilometer von der Stadt Beeskow entfernt.
Mit den genetischen Verwandtschaftsbeziehungen zwischen den Sprachen befasst sich die historisch-vergleichende Sprachwissenschaft.
Er ging nie zur Vorsorgeuntersuchung, auch dann nicht, wenn die Krankenkasse die Kosten übernommen hätte.
Ich werde noch bekloppt dabei.
Und schon ertönt sehr laut der Gong, der König betritt den Balkon.
Den Wissenschaftlern gelang das nur mit großer Anstrengung.
Es gehört heute der Stiftung Preußischer Kulturbesitz und wird in der Gemäldegalerie Berlin ausgestellt.
Hierfür war ein entsprechender Treiber und ein geeignetes Grafikprogramm notwendig.
Er liegt im Berliner Ortsteil Charlottenburg-Nord.
Aryan hat schon Filmerfahrung.
Gegen den Willen seiner Generäle nahm Napoleon das Angebot nach der Schlacht an.
Er war unter anderem an der alliierten Invasion in der Normandie beteiligt.
Haupteinnahmequelle ist die Landwirtschaft.
Das Mineral ist eigentlich undurchsichtig, sehr feine Splitter können jedoch rötlich durchscheinend sein.
Seine Geschwister waren
Das Backhaus auf dem benachbarten Hof zählt zu den ältesten Gebäuden vor Ort.
In besonders geeigneten Höhenlagen mit kargen Böden kann die Rebsorte ausgewogene trockene Weißweine hervorbringen.
Die Türkeneinfälle dieser Zeit verwischen wieder die Spuren.
In ihr haben sich sieben Gemeinden zur Erledigung ihrer Verwaltungsgeschäfte zusammengeschlossen.
Die Schiffe der Milgem-Klasse verfügen über Merkmale der Tarnkappentechnik.
Albert van Ecke war niederländischer Abstammung.
Auf dem Gemeindegebiet von Windisch befinden sich weitere Ausstellungsräume und Schauplätze.
Der Bezirk befand sich in Nordböhmen und umfasste große Teile des Böhmischen Mittelgebirges.
Dort konnte er sein Können verfeinern und überzeugte in den Einsätzen als Backup.
Das Template wird dann in ausführbaren Code umgesetzt.
Der Verwaltungssitz befindet sich in der nicht amtsangehörigen Stadt Teterow.
Moselkern ist ein staatlich anerkannter Fremdenverkehrsort.
Hier fanden politische Veranstaltungen, Filmvorführungen, Dichterlesungen und Kunstaktionen statt.
Hier arbeitete sie seitdem im Schauspielfach, auch für Fernseh- und Filmproduktionen.
Hier kommt eine Berechnung anhand der errungenen Mandate in Frage.
Diese ermutigt ihn dazu, sich wieder der Malerei zu widmen.
Danach wurden die Akten der Countyverwaltung nach Wilmot verbracht.
Kirchenrecht darf nicht über nationalem Recht stehen.
Sie sind quer durch den Fluss geritten.
Anscheinend warf der Laden keine Rendite ab.
Holzschrauben drehen sich ihr eigenes Gewinde.
Gib uns ein Beispiel!
Die Polizei sieht hinter der Tat keine politische Motivation.
Eine Finanzspritze würde auch nichts nützen.
Die verstehen sehr wenig, die nur das verstehen, was sich erklären lässt.
Es scheint, als hätte der Krug sich in Luft aufgelöst.
Bleib locker, Mann!
Helge spielt immer alle Zollstöcke kaputt, sobald er sie in die Finger bekommt.
Jedenfalls wenn man reich war.
An welchen Koordinaten liegt Osnabrück?
Darf ich dich mal in den Arm nehmen?
Vincent ist auch so ein Zocker.
Dieser perfide Angriff basiert auf gezinkten Primzahlen.
Um Vertippern vorzubeugen, muss man das Passwort zweimal eingeben.
Vor Inbetriebnahme muss die Zapfsäule geeicht werden.
Er stand in Kontakt mit dem Straßburger Mystiker Johannes Tauler.
Dieses Finale ging in die Geschichte des Deutschen Fußballs ein.
Das Institut ist international tätig durch Entwicklungsprojekte, wissenschaftliche Forschung und Ausbildung.
Die noch blühenden Familien sind kursiv gestellt.
Als Vorbild dienten italienische Villen aus der Zeit der Renaissance.
Wichtige Beispiele dafür sind
Die Lieder wurden mehrheitlich in späteren Jahren offiziell oder auf Bootlegs veröffentlicht.
Nach ihm wurde Fort Canby an der Mündung des Columbias benannt.
In den Folgejahren schrieb Ulrich Strunz zahlreiche weitere Bücher zum Thema Fitness.
Und so beginnt das Abenteuer.
Sie haben freie Auswahl.
Was geht denn bei euch ab?
Diese ließen das Konzept der Radbruchschen Formel an sich gelten.
Sein Sohn Paul ist ebenfalls als Schauspieler tätig.
Die meisten dieser Häuser wurden abgerissen oder völlig umgebaut.
Auf ganz Mallorca gibt es kein eigentliches „Kloster“.
Pflichtspieltor für Arsenal.
Zusammen mit Manfred Ritschel bildete Gerhard Faltermeier dabei einen gefährlichen rechten Flügel.
Dabei stellte er sich den Lehren der Schule mit großer Selbständigkeit gegenüber.
Felix von Merveldt entstammte dem westfälischen Uradels-Geschlecht Merveldt aus dem Münsterland.
Bei den meisten Arten sind Weibchen und Männchen gleich gefärbt.
Heute wird das als "Das Stöckl" bezeichnete Haus als Wohnhaus verwendet.
Er war im Grunde ein weiterentwickelter Junior de Luxe.
An Luft oxidiert es recht schnell.
Er war Gründer der ersten Waldorfschule.
In diesem Vorfrieden wurde der Kurfürst August von Sachsen als polnischer König bestätigt.
Am Ende wurde sie aber nur Vierte.
Diese Erlaubnis zum Führen wird allerdings nur in Ausnahmefällen erteilt.
Suffocation wurden vor allem durch das spezifische Schlagzeugspiel von Mike Smith bekannt.
Man konnte seine Bilder bisher auch in der Fernsehserie Friends sehen.
Wir werden alle sterben
Beate denkt inzwischen ernsthaft über eine Scheidung nach.
Jörg studiert irgendwas mit Medien.
Er gipfelt, indem Hans aus der elterlichen Wohnung auszieht.
Die Kirchenpatronen sind „Peter und Paul“.
Sie kommt selten auch im Mittelmeer in größerer Tiefe vor.
Das Museum wurde vom Markt Kösching im ehemaligen Kloster der Armen Schulschwestern eingerichtet.
Esma ist zudem eine Kurzform des Namens Esmeralda.
Das bedeutet, dass das Land auch speziell von Stürmen geprägt wird und wurde.
In beiden Fällen konnte Stubbs von dieser Krankheit genesen.
Im Rahmen der Volksfrömmigkeit spielte Weihwasser auch eine Rolle in der Volksmedizin.
Dem vorhergehende Gemeinderat gehörten acht Ratsmitglieder an.
Konkubinen im frühen Mittelalter"" die Grundannahmen von Meyers Definition.
Dies sollte verhindern, dass Personen sozialistischer Gesinnung die Bibliothek benutzen.
Teilweise wird sogar Musik, die eindeutig dem Techno zuzuordnen ist, nur kurz „Tech“ genannt.
Die Generaladjutanten in weißen Hosen tragen eine Art Marschallstab und sichern den Aufzug.
Jeder Film ist mit seinem Titel dokumentiert.
Für den europäischen Markt wurde anders entschieden.
In den letzten Jahrzehnten hat sich Wald zu einer Wohngemeinde entwickelt.
Das Klima ist maritim mit milden Wintern und kühlen Sommern.
Er liegt im Stadtbezirk Scharnhorst.
Damit Sie nicht im Trüben fischen, haben wir Ihnen eine Übersicht erstellt.
Wie viel Papier und Tinte braucht man, um das Internet auszudrucken?
In der Kammer ist es so kalt, dass das Thermometer eingefroren ist.
Worin liegt der Sinn, die Stimme in Stereo aufzuzeichnen?
Sie geht mit den neuen Medien unbedarft um, wie ein kleines Kind.
Daraufhin ist er Mohammad an die Gurgel gegangen.
Ab diesem Moment beginnt ein Wettlauf gegen die Zeit.
Schon mal versucht, in einem Smart die Füße hochzulegen?
Jedoch sollte das Narkosemittel mit Bedacht eingesetzt werden.
Die einleitenden Worte hatten ihn verwirrt.
Wie heißt das nochmal, wenn sich jemand nur mit Gestik unterhält?
Buttermilch und Jogurt stehen schon auf der Einkaufsliste.
Sie glauben gar nicht, was ich mir in meinem Beruf schon alles anhören musste.
Wer aufbegehrt mit Gier, der soll leiden wie ein Tier!
Hier gewann sie Gold in der Verfolgung sowie Bronze im Sprint und im Einzel.
Eine unterirdische Haltestelle der braunen Neihu-Linie befindet sich unmittelbar vor dem Terminal.
Kelly Brook wurde als Tochter von Sandra und Kenneth Parsons geboren.
Hier gelang es ihr, die Mischung aus Glamour und Elend einzufangen.
Das Amtsgebiet wird von der Müritz-Elde-Wasserstraße durchzogen.
Die Kirche weist zwar einen Dachreiter auf, aber verfügt über keine Glocken.
Am Bahnhof Bad gibt es heute nur einen Bahnsteig und auch nur ein Gleis.
Er ist Absolvent der Universität Teheran und der Schahid-Beheschti-Universität.
Hier war die Feldmark in Hufen eingeteilt.
Willst du wirklich bis nach Nürnberg fahren?
Es ist schwer, den Kern des Planeten zu erreichen.
Er lernte die Stylistin Venetia Scott kennen, mit der er häufig zusammenarbeitete.
Danach besuchte er wieder das Gymnasium Vinzentinum in Brixen und studierte dort am Priesterseminar.
Jahren besuchte er bereits die theologischen Vorlesungen an der Universität Halle.
Der Russe hat inzwischen die "Ironman One" betreten und Stone mit Sauerstoff versorgt.
Er wurde aus Mangel an Beweisen aber nach einigen Monaten wieder freigelassen.
Die Bebauung ist mit jener der Nachbarstadt San Sebastián de los Reyes zusammengewachsen.
Mitte September ist immer drei Tage lang Kirmes im Ort.
Grades des aktuellen Geschäftsführers.
Die Regelung sah eine Freiheitsstrafe von sechs Monaten bis zu fünf Jahren vor.
Er musste seine Position aus gesundheitlichen Gründen aufgeben.
Künstliche schwimmende Inseln werden auch als Ponton bezeichnet.
Elf dieser Einheiten sind isolierte Sprachen, davon sind wiederum vier ausgestorben.
Der Kollaps der Wolke im freien Fall ist bei Erreichen der Hayashi-Linie beendet.
Der Unternehmer gehört der Republikanischen Partei an.
In seinem Mittellauf folgt er dem Verlauf der Rachel Range.
Dieses Projekt wurde nicht realisiert.
Er hinterließ zwei Kinder sowie seine langjährige Lebensgefährtin, Model und Schauspielerin Jessica Hahn.
Verwaltungssitz ist die Stadt Burton-upon-Trent, in der mehr als die Hälfte der Bevölkerung lebt.
Wo habe ich nur meine Geldbörse gelassen?
Singen macht mir großen Spaß.
Er lebte im Zoo in Karlsruhe, er wurde einundfünfzig Jahre alt.
Um dreiviertel zehn wollen wir bei euch sein.
Lass mich damit in Ruhe, ich habe Urlaub!
Im Anschluss an die Nachrichten hören Sie eine Unwetterwarnung.
Ich weiß ja noch gar nicht, ob das überhaupt etwas für mich ist.
Von wegen lebensmüde!
Gleich geht's weiter!
Sein Wahlkreis war Bayreuth.
Daneben besuchte er die Gewerbeschule.
Zu seinen politischen Nachfolgern zählt vor allem Ignacy Potocki.
Beim Holotyp wurde das Schwanzende zerstört und es sind auch keine Schwanzfedern erhalten.
Gleich die Anfänge seines Episkopats wurden durch außerordentliche Wirren und kriegerische Unruhen gestört.
Wegen seiner mythologischen Bedeutung gehört Rameswaram zu den wichtigsten hinduistischen Pilgerstätten.
Er gehört neben Martin Heidegger zu den wichtigsten Schülern Edmund Husserls.
Seitdem war das Buch frei im Handel.
Später sah er sich als Sachwalter des Erbes von Karl Holl.
Sein offizielles botanisches Autorenkürzel lautet „Forrest“.
Jeder Färinger und Besucher kennt die färöischen Geldscheine, deren Rückseiten er gestaltet hat.
Diese Situation ist jedoch weniger verbreitet und der Begriff daher weniger üblich.
Lang arbeitete wissenschaftlich auf einem breiten Gebiet der Physik.
Dörffel war durchaus wohlhabend und dreimal verheiratet.
Zutaten und Zubereitung variieren stark von Land zu Land.
Zu seinen Lehr- und Forschungsgebieten zählen Makroökonomie, Geld- und Währungspolitik sowie Theoriegeschichte.
Es visualisiert die Entstehung der Produktion.
Sein Onkel Bernhard Raupach war Theologe in Rostock.
Man schneidet die Schote längs auf.
Das gilt auch für Astronauten.
Zwanzig Prozent der Studienplätze werden nach Numerus Clausus vergeben.
Ich höre das Känguruh zum ersten Mal, kenne aber gefühlt jeden zweiten Satz schon.
Im Frühling ist es besonders angenehm durch das Weinanbaugebiet auf Kalkstein zu wandern.
Samin stellt sich nicht ungeschickt an, sie hat Dyspraxie.
Im Brutkasten ist es mollige siebenunddreißig Grad warm.
Sollbruchstellen sind nicht immer ein Fall von geplanter Obsoleszenz.
Nun geht es dem Drückeberger von nebenan an den Kragen.
In Platons "Symposion" ist Poros die Personifikation der Fülle.
Hermann Göring behielt sich die Entscheidung über die Verwendung von eingezogenen Kunstwerken vor.
Es gibt keine Mitgliedsbeiträge oder Sponsoren oder Gelder von anderen Institutionen oder Einrichtungen.
Es galt als das Flaggschiff der KdF-Flotte.
Im Gegensatz zum Pronaos bot der Opisthodom jedoch keinen Zugang zu dem Naos.
Die Wende von einer subjektiven Religiosität hin zum objektiven Wort Gottes vollzog Sasse dort.
Außerdem erhielt die Geschichte den World Fantasy Award.
Nach der „Machtergreifung“ der Nationalsozialisten konnte er seine politische und gewerkschaftliche Arbeit nicht fortführen.
Nach dem Krieg wurde es durch die Rote Armee weiter als Kriegsgefangenenlager betrieben.
In der Regel sind nur gut betuchte Gamer mit VR-Brillen ausgestattet.
Als Dolmetscher, Kassier und Gehilfe begleitete Schärer seinen Vater auf Geschäftsreisen nach Italien.
Er ist in zahlreichen Nichtregierungsorganisationen aktiv.
Bei ihnen handelt es sich um Geister für bestimmte Landschaften, Pflanzen- und Tierarten.
Dort wurde das komplette Laufwerk überholt.
Der „Schwarze Weg“ ist oft nur im inoffiziellen, nichtamtlichen Sprachgebrauch so bezeichnet.
Humfried war zunächst Mönch, dann Dompropst in Würzburg und Kaplan am kaiserlichen Hofe.
Die Sportteams der University of North Alabama sind die "Lions".
In Produktionsweise und Musikstil gibt es hierbei Verbindungen zum Bereich der Independent-Musik.
Das neue Gebäude des Figge Art Museums wurde vom englischen Architekten David Chipperfield entworfen.
Benjamin ist halt ein Bodybuilder.
Das ist meine Lieblingsmusik.
Unterlassen Sie bitte diese spitzfindigen Bemerkungen, die nichts zum Thema beitragen.
Zusammen mit dem derivativen Produktionsfaktor Kapital bilden sie die drei klassischen Produktionsfaktoren.
Die Auberlen-Realschule und eine Straße in Fellbach tragen seinen Namen.
Der Name der Band ist ein Dorf in Cambridgeshire in Großbritannien.
Das soziale und gesellschaftliche Leben ist von Armut und rasanter Inflation geprägt.
Wieder freigelassen, revoltierte er gegen den König.
Die Panoramascheibe war ein weiteres Gestaltungsmerkmal.
Dabei lernte er auch das Werk seines anderen Onkels Louis Couperin kennen.
Dies ist auf das ursprüngliche Konzept der Serie, eine Telenovela, zurückzuführen.
Die Insel ist, wie der gesamte Archipel, vulkanischen Ursprungs.
Einige der zerstörten Akten werden immer noch zusammengesetzt.
Bei der Dosierung des Waschmittels sollte man den Härtegrad des Wassers berücksichtigen.
Duschanbe ist die Hauptstadt von Tadschikistan.
Auch Spanisch ist eine Weltsprache.
Die Sonderwirtschaftszone Shenzhen grenzt direkt an Hongkong.
Jedes zweite Jahre findet ein Dorffest statt, welches von den ortsansässigen Vereinen organisiert wird.
Sie ist definiert durch das Volumen eines Würfels mit Kantenlänge von einer statute mile.
Er war der Sohn von Rabbi Meir Kahane.
Neben oppositionellen Gruppen haben in Geschichte und Gegenwart auch Regierungen deutliche antiamerikanische Positionen vertreten.
Saxl studierte Archäologie und Geschichte in Wien, Berlin und Rom.
Nottwil liegt an der Bahnstrecke Olten–Luzern und hat eine eigene Haltestelle.
Es folgen zahlreiche Auftritte auf Jazzfestivals in Europa und Amerika.
Letztere Rakete dürfte von allen im Nachkriegsdeutschland entwickelten Raketen die größte Flughöhe erreicht haben.
Am nördlichen Rand des Viertels befindet sich das Spital der Gemeinde.
Der Ofen sollte eine Umluftfunktion haben.
Kannst du schon alleine schaukeln, oder soll ich dir Anschwung geben?
Daran gibt es nichts auszusetzen.
Wie viele Menschen leben in Bochum?
Jeder bekommt eine Wunderkerze in die Hand.
Marokkanischen Infanteriedivision zu.
Beide Entwürfe haben jedoch das Prototyp-Stadium nicht erreicht.
Bekannt ist er für die gleichnamige Spielbank und die alljährlich stattfindende Rallye Monte Carlo.
Der Outback Highway beginnt in Winton im nordwestlichen Queensland.
Die eingebaute Widerstandsbremse erlaubt die elektrische Bremsung des Zuges bis zum Stillstand.
Das Weibchen hat dieselbe Fellfarbe, bei ihnen fehlen allerdings die Markierungen.
Am Soundtrack des Films war Bruce Springsteen beteiligt, der das Titellied "The Wrestler" schrieb.
Der Hauptsitz befindet sich im englischen Bristol.
Im Set von van Langen finden sich Lieder aus dem Mittelalter sowie eigene Titel.
Er schloss sich der Fraktion des Linken Zentrums an.
In der Gemeinde befinden sich Wanderwege mit angelegten Rastplätzen.
Der sogenannte Neuengamme-Hauptprozess wurde im Hamburger Curiohaus verhandelt.
Es ist allerdings geplant, eine große Hotelanlage auf der Insel zu errichten.
Die Gemeinde wird durch die Postautolinie vom Bahnhof Koblenz nach Leibstadt erschlossen.
Die Beigeordneten müssen die erforderlichen Voraussetzungen und ausreichende Erfahrung für das Amt besitzen.
Mit dem Ersten Weltkrieg wurde der Flugzeugbau zum wichtigsten Produktionszweig.
Das umfassende Angebot beinhaltet Lebensmittel, industriell hergestellte Haushaltsartikel und das selbstgefertigte Sortiment traditioneller Heiler.
Dazu gehört die Osmolarität im Serum und im Urin.
Kannst Du mir bitte alle Playlists nennen, die mit A beginnen?
Das Verhältnis der Spannung an Primär- und Sekundärspule lässt sich an der Anzahl der Wicklungen ablesen.
Wir treffen uns mit Flori an der Bushaltestelle.
Die Stadtmauer steht unter Denkmalschutz.
Von achtzehnhundertfünfundsechzig bis achtzehnhunderteinundsiebzig war Florenz die Hauptstadt von Italien.
Nicola jobbt als Model auf einer Automesse.
Sie wurden als Gefährder eingestuft und bekommen jetzt eine elektronische Fußfessel.
Die Hauptburg wurde durch eine doppelte Mauer geschützt.
Zweimal erreichte er Podiums-Platzierungen im Weltcup.
Der Ortsname ist von den Komi-Wörtern für "Mündung eines Nebenflusses" abgeleitet.
Es erhielt zunächst den polnischen Ortsnamen "Wysoka Góra" und verlor die Stadtrechte.
Er bestand aus dem eigentlichen Buchstaben und der Ornamentik.
Gleichzeitig hat er Gewissensbisse, Inga so auszunutzen, zumal er sich in sie verliebt hat.
Verwendet wurde sie vorwiegend als Aufklärer, konnte jedoch auch einige leichte Bomben mitführen.
Nach Donald White soll sich an der Stelle die griechisch-römische Hafenstadt Apis befunden haben.
Newt Gingrich folgte ihm im Amt des "Speaker".
Hätte die Presse einen Bildungsauftrag, könnte Springer möglicherweise keine Zeitungen mehr verkaufen.
Woher weiß ich bitteschön den wissenschaftlichen Namen dieser Schlange?
Mein Opa ist damals im Krieg gefallen.
So weit, so gut.
Wenn das Virus mutiert, könnte es vielleicht über die Luft übertragen werden.
Wir sollten uns alle mehr trauen.
Von dort führt eine Wendeltreppe zum Aussichtsbalkon.
Die zwei Jahre im Ausland haben dich sehr verändert.
Das gibt es nur in Castrop-Rauxel
Ein boshaftes Lachen erschallte.
Möchte der gnädige Herr vielleicht etwas verzehren?
Das Kabelinternet ist in unserem Wohngebiet sehr empfehlenswert.
Die Reporter klatschen Beifall und wollen mehr wissen.
Ich geh jetzt duschen.
Alexa muss sich versprochen haben.
Wenigstens bietet die Holzhütte etwas Windschutz.
Damit will man den Kreislauf solange in Gang halten, bis der Notdienst eintrifft.
Sich darüber aufzuregen, lohnt sich nicht.
Der Steward und die Stewardess kümmern sich um das Wohl der Passagiere.
Der Apfel fällt nicht weit vom Stamm.
Für die Pflege von großen Datenbanken benötigt man solche Tools.
Die Gesamtschule liegt in einem sozialen Brennpunkt.
Egal. Was der Duden empfiehlt, ist für uns Gesetz.
Zumindest sowas in der Art.
Mit wem spreche ich?
Natürlich gibt es auch Osmose im biologischen Sinne.
Wissen deine Eltern, was du hier tust?
Er will die Kugel lieber kommen sehen.
Auch einem Paradigmenwechsel gegenüber wäre er nicht abgeneigt.
Über Kranke und Behinderte macht man sich nicht lustig.
Hau rein!
Minderheiten gehören der russisch-orthodoxen Kirche, der evangelisch-lutherischen Kirche und den Baptisten an.
Nach Erlangung der proklamierten Souveränität blieb das Bekenntnis zum Rechtsstaat leer.
Nach seiner Schulausbildung studierte Hutchison an der Oxford University.
Die Grünen profilierten sich insbesondere durch die Missachtung parlamentarischer Regeln.
Jacqueline Kennedy Onassis wuchs auf dem Anwesen ihrer Großeltern in East Hampton auf.
Bei näherer Untersuchung ließen sich zahlreiche gefangene Nematoden auf der Blattoberfläche feststellen.
Barbara Pritz wurde als Tochter eines Diplomaten im Auswärtigen Dienst geboren.
Infolgedessen kam es zur Doppelherrschaft des japanischen Militärs und vichy-treuer französischer Kolonialbeamter.
Zudem war er Autor mehrerer Bücher zu gesellschaftlichen Fragen und modernen theologischen Themen.
Sie verursachen keine Waldschäden, eine Bekämpfung ist daher nicht notwendig.
Leider ist die organisch-abstrakte Stuckdekoration nicht mehr erhalten.
Ferdinandea-Prag zu Heidelberg.
Die hohe Betriebsspannung bedingt somit auch eine große Ladungsmenge.
Jänner verbüßte, im September dieses Jahres war er erstmals als Gast in Graz engagiert.
In seiner Vita bezeichnete er sich wiederholt als Norweger.
Es stellt sich heraus, dass Mrs.
Anschließend war er in einer Anwaltskanzlei und als Gutachter tätig.
Gastspiele führten sie an verschiedene Bühnen vornehmlich des deutschsprachigen Raumes.
Sich volllaufen lassen bis die Schwarte kracht.
Bei so vielen Baustellen weiß man gar nicht, an welcher man anfangen soll.
Viele überlebten nicht mal ihre Feuertaufe.
Brechen wir das Brot in zwei Hälften, haben alle etwas davon.
Warum kommen Sie denn auch ausgerechnet in der Mittagspause?
Tee, Kaffee und andere aromatisierte Getränke gibt es schon seit Jahrtausenden.
Wer am dichtesten dran ist, darf beginnen.
Kannst du mich nach Düsseldorf mitnehmen?
Kipplüften ist viel ineffizienter als Stoßlüften, weil dabei die Wände auskühlen.
Ich muss schon in Neumünster aussteigen
Die Batterie ist leer.
Also das ist ja wirklich der Gipfel
Nein, hör mir zu!
Glaubst du, die zwei können das so ganz alleine auf die Beine stellen?
Sieht so eine angemessene Bezahlung aus?
Was heißt das auf Niederländisch?
Dein Kleinwagen bietet im Prinzip alles, was man braucht, ist aber etwas schwach auf der Brust.
Hier haben die Handwerker ganz klar gepfuscht.
Was gibt es Neues in Wiesbaden?
Dieses diabolische Grinsen sagt alles.
Frau Schröder ist halt etwas künstlerisch angehaucht.
Jedenfalls war zu erkennen, dass er ein blaues T-Shirt drunter hatte.
Was heißt das auf Isländisch?
Zur Einrückung werden Leerzeichen verwendet, nicht Tabulatoren.
Auch mir wurde das Kochen nicht in die Wiege gelegt.
Zur Lieblingsmusik hinzufügen.
Zunächst war offenbar geplant, das Boot als Museumsschiff zugänglich zu machen.
Beide dienen allerdings, blau eingefärbt, als Imitat für den seltenen und wertvollen Matrix-Türkis.
Statt die eingelieferten Gefangenen umgehend zu töten, ließ man sie meist verhungern.
Sein Nachfolger im Bischofsamt wurde Mansour Hobeika.
Dem Bund ist eine Tunnellösung zu teuer.
Jerschow beschäftigte sich mit mathematischer Logik, Modelltheorie und Zahlentheorie.
Die Torhüterin begann das Handballspielen in ihrer Heimatstadt bei Ajax.
Ihr Erfolg war allerdings im Wesentlichen auf Australien und Neuseeland begrenzt.
Dana und das Mädchen fliehen, sie werden von Leann verfolgt.
Darunter folgt wieder ein lebensfeindlich dicht stehender Galeriewald.
Kitwe ist durch den Nkana-Bergbaukomplex der Hauptstandort der Kupfergewinnung und -verarbeitung in Sambia.
Zur selben Zeit nahm sie ihren Künstlernamen an.
Hinter den Brustflossen weist der Rumpf meist einen dunklen Fleck auf.
Der größte Teil liegt im Peak-District-Nationalpark, die Bevölkerung lebt hauptsächlich entlang des Flusses Derwent.
Er war der erste ehemalige Kommunist an der Spitze der italienischen Regierung.
Alle Amphoe liegen in der Provinz Nakhon Si Thammarat.
Das Vorschlagsrecht haben einige offizielle kubanische Kulturinstitutionen; letztlich entscheidet eine Jury unter den Kandidaten.
Auch in der Gabelbach-Gemeinde, einem Verein Ilmenauer Intellektueller, engagierte sich Schwanitz.
Im Churchill County liegt eine Gemeinde, die den Status einer "City" besitzt.
Das Verhältnis zwischen den Alliierten hatte durch den Abbruch der Expedition gelitten.
Der Kanton lag direkt an der Grenze zum Saarland.
Siehe Radiokohlenstoffmethode.
Neben dieser Abstrahlung gibt es auch kompromittierende leitungsgebundene Störungen wie Schwankungen in der Stromaufnahme.
Diese Ausstellung, ""Erice.
Finanziert wurden diese Maßnahmen sowohl vom Verein als auch durch Fördermittel des Landkreises.
Sie wurde Mutter von zwei Kindern.
Tucholski ist Verwaltungsbeamter.
Sei nicht so pessimistisch.
Gibt es Stau heute morgen?
Ihr hört jetzt beide auf damit!
Wer es lutscht, hat länger etwas davon, als wer es kaut.
Das ist natürlich purer Selbstbetrug.
Gerda nahm eine Gießkanne und goss Wasser in die Vase.
Beim Soundcheck kümmert sich Adrian um die Tontechnik.
Inge setzte wieder ihr Pokerface auf.
Durch gnadenlose Härte macht er seine Opfer gefügig.
In so einer schäbigen Klitsche würde ich meinen Rechner nicht abgeben.
Der Flughafen Leipzig/Halle ist so gebaut, dass kleine Flugzeuge notfalls auch auf der Autobahn landen könnten.
Manche sehen in funktionalen Programmiersprachen die Zukunft.
Die Stadt Corleone wurde durch den Roman "Der Pate" von Mario Puzo weltweit bekannt.
Gipfel, fortan nur noch jedes zweite Jahr zusammenzukommen.
Den letzten Mann findet Jim ebenfalls.
Ziel war die gesundheitliche Versorgung der im Namen genannten zu fördern.
Der Don durchfließt die Oblast, die in der Osteuropäischen Ebene liegt.
Nach dem Tod des Gründers Wilhelm Kindler sen.
Ernährt werden diese unter anderem mit den aufgelösten Leichen der Verstorbenen.
Die katholische Kirche ist dem heiligen Vitus geweiht.
Dabei bestritt der Verteidiger alle sieben Turnierspiele, in denen er punktlos blieb.
Gäste-Interviews mit Künstlern wie Kim Wilde oder Milli Vanilli wurden ebenfalls geführt.
Der Künstler wurde auf dem Münchner Waldfriedhof beigesetzt.
Es funktioniert ähnlich wie Interaktiv malen, die Formen entstehen jedoch sofort.
Vermutlich war die Verbreitung im Pleistozän durchgängig.
Dabei wird versucht, dem Besucher ein Bild über das jeweilige Alltagsleben zu vermitteln.
Liste der Wappen im Landkreis Trier-Saarburg
Benno und Lothar haben noch die weiteren Freunde Hotte, Manni und Fiete.
