von letzteren siedelten sich auch einige im ort an
der stadtrat stimmte der unterstützung der umbauarbeiten zu
von ihm bot sich dem betrachter eine idyllische aussicht hinab auf die trave
ihr leben bewegte sich nun in ruhigeren bahnen
seine muttersprache ist französisch
dadurch wird die produktivität pro mitarbeiter gesteigert
flamme war in verschiedenen gremien des landkreistages nordrhein-westfalens tätig
in der sengoku-zeit war higo ein bedeutendes zentrum des christentums in japan
querruder befanden sich nur auf den oberen flächen
herrenmannschaft in die hallen-bundesliga auf
mit black errang er abermals große anerkennung sowohl kommerziell als auch bei den kritikern
nach dem abitur studierte er medizin an der universität breslau
danach wurde er an einer landwirtschaftlichen fachschule ausgebildet
sämtliche ruder sind stoffbespannt
linda koch dümpelt mit einer völlig veralteten version herum
heute erinnert eine gedenktafel an diese katastrophe
das kristallsystem ist monoklin
die böden enthalten meist alkalischen kalkstein
wo ist denn die fernbedienung
haben sie zollpflichtige ware dabei
was heißt das auf albanisch
auch die globale erwärmung bedroht zunehmend tangwälder da der tang kühles wasser benötigt
er gewann im selben jahr auch die katalonien-rundfahrt
dies wird gewöhnlich von der tunnelpatin vorgenommen
während der zeit der weimarer republik arbeitete er als parteisekretär
durch starke winde ändern sie ständig ihre form
der hier gegenständliche begriff wird im türkischen veli geschrieben und ausgesprochen
mielec ist eine der größten städte polens ohne anschluss an den schienenpersonenverkehr
dann zog er sich etwas zurück
dort war er auch als gastronom tätig
dykstra marsden carter und lucy wollen erneut marihuana anbauen und verkaufen
unterschieden werden sie durch die jeweilige farbgebung
er trat damit die nachfolge von werner schramm an der in den ruhestand trat
diese aufsplitterung zeigt dass auch kulturelle bereiche wie der sport politisiert wurden
dem angeklagten werden hierbei vor der festgesellschaft seine untaten in gedichtform vorgetragen
er studierte orgel in hannover und wien cembalo in boston und dirigieren in detmold
die plattform und das chassis basieren auf dem renault spider
außerdem der vormund wenn den eltern die elterliche sorge nicht zusteht
die jungen kätzchen entwickeln sich in der regel schneller als welpen anderer rassen
trainer ist der kärntner alexander lugger
neben der schauspielerischen ausbildung am max-reinhardt-seminar erhielt sie eine musikalische ausbildung
barbarus übersetzte die aristoteles-paraphrasen des themistios sowie mehrere werke des aristoteles
über seine eden-bar-auslage sagte er seinen erfolg hat er sich nach eigenem bekunden erarbeitet
vermutlich bestand jedoch auch hier mariner einfluss
die japaner wurden mit einer gold- zwei silber- und einer bronzemedaille dritter
diese war so groß dass ein weiteres fahrzeug das gepäck transportieren musste
kohn war auch als konzertsänger tätig
sie wuchs in der obhut ihrer mutter und ihrer großmutter väterlicherseits anna d este auf
im zuge von sparmaßnahmen wurde ein drittel der belegschaft entlassen
in hamburg sind die mülleimer mit kreativen sprüchen bemalt
aufklärung ist uns wichtig versichert jennifer
in dem gerümpel sollen wir die skulptur finden
morgen soll eine ariane-rakete zwei weitere satelliten für den gps-konkurrenten galileo ins all bringen
bailey zog bereits als jugendlicher nach hollywood um dort als filmschauspieler zu arbeiten
die wechselständigen sitzenden laubblätter sind flach fleischig elliptisch-lanzettlich bis eiförmig-rundlich stumpf ganzrandig
in der meisterschaft spielten die döblinger lange zeit keine entscheidende rolle mehr
er dient zur alarmierung oder benachrichtigung von personen oder personengruppen über ein funknetz
als hersteller kommen auch die als begabte glockengießer geltenden benediktiner in frage
adolf hitler entschied persönlich dass die pläne wolffs ausgeführt werden sollten
er besitzt einen bahnhof an der bahnstrecke poprad plaveč und ist ein eisenbahnknoten
auch zur zeit dieser baumkängurus beherbergte die relativ trockene region keine ausgedehnten wälder
sie bevorzugen dabei pappeln birken und weiden
worin besteht der unterschied zwischen konfitüre und marmelade
wie unterscheidet man freund von feind
ich wette mit dir um zehn riesen dass er ihn entthronen wird
einmal kräftig pusten bitte
an diese kasse bitte nicht mehr anstellen
was dabei auf den hocker troff befände sich im hockerstoff
auch den profikampf mit seinem finalgegner von paris søren petersen konnte er vorzeitig gewinnen
sein bestes resultat war dabei der sechste platz beim pazifik-grand prix im japanischen motegi
ossian hart war mit catherine smith campbell verheiratet mit der er zwei kinder hatte
die zeit nach dem ersten weltkrieg wurde für das unternehmen zur bewährungsprobe
heute gibt es verschiedene betriebe des lokalen kleingewerbes darunter eine käserei und mehrere weinkellereien
hauptbedrohung für die graubraunen mausmakis stellt die zerstörung ihres lebensraums dar
rehe absolvierte nach beendigung der schulzeit eine ausbildung zum schriftsetzer beim haller tagblatt
er wird daraufhin freigelassen
der dreißigjährige krieg hinterließ auch spuren
im nächsten jahr konnte er dort die siebte etappe für sich entscheiden
er war kroatischer abstammung
sein hauptort ist rioz
in der schweiz ist sie noch relativ weit mit wenigen lücken verbreitet
sofort im anschluss daran wurde er privatdozent an der universität leipzig
es entsteht eine warmfront
es ist zudem mit verschiedenen abbildungen und themenbezogenen gegenständen ausgerüstet
rang einreihte wurde er mit der säbelmannschaft siebter
tessenow zählt zu den wichtigsten vertretern der deutschen reformarchitektur
seitdem ist sie international im radsport erfolgreich
die phonetik der japanischen sprache ist dem lautsystem der austronesischen sprachen sehr ähnlich
heute ist er teil der ukraine
in ihrem werk widmete sie sich überwiegend der darstellung von blumen stillleben und familienporträts
ein- und ausstieg erfolgte meistens durch eine hecktür oft mit einer kleinen plattform
die beschäftigung mit sondergemeinschaften führt manchmal auch zur selbstkritik von kirchen
im dorf herrscht ein reges vereinsleben schützenverein musikverein chorgemeinschaft kinderchor sportverein kolpingsfamilie und landjugend
ein verständigungsfrieden aller kriegsgegner sollte seiner ansicht nach den krieg beenden
viele deutsche studenten absolvierten diesen teil ihres studiums in frankreich selbst
die vereinsfarbe ist orange
dazu wurden meist die worte heil hitler oder sieg heil gesprochen
altenrath wird zusammen mit böhl als altenrath-böhl bezeichnet
jürgen wenzel verließ die band
sie liegt an der westküste der insel am kalmarsund
versuch einer semiotischen theorie des lebendigen promoviert
es herrscht ein reges vereinsleben in fahrnau
gegenwärtig ist es im inneren an der südwand des doms angebracht
die mutter franziska von faulhaber stammte aus württemberg ihre schwester valerie geb
in seiner wirkungszeit begann die firma mit der herstellung von druckformen
demnach sollen kinder im laufe ihrer sozialisation stadien der kulturellen entwicklung des menschen durchlaufen
die gemeinde ist nur wenige kilometer von der stadt beeskow entfernt
mit den genetischen verwandtschaftsbeziehungen zwischen den sprachen befasst sich die historisch-vergleichende sprachwissenschaft
er ging nie zur vorsorgeuntersuchung auch dann nicht wenn die krankenkasse die kosten übernommen hätte
ich werde noch bekloppt dabei
und schon ertönt sehr laut der gong der könig betritt den balkon
den wissenschaftlern gelang das nur mit großer anstrengung
es gehört heute der stiftung preußischer kulturbesitz und wird in der gemäldegalerie berlin ausgestellt
hierfür war ein entsprechender treiber und ein geeignetes grafikprogramm notwendig
er liegt im berliner ortsteil charlottenburg-nord
aryan hat schon filmerfahrung
gegen den willen seiner generäle nahm napoleon das angebot nach der schlacht an
er war unter anderem an der alliierten invasion in der normandie beteiligt
haupteinnahmequelle ist die landwirtschaft
das mineral ist eigentlich undurchsichtig sehr feine splitter können jedoch rötlich durchscheinend sein
seine geschwister waren
das backhaus auf dem benachbarten hof zählt zu den ältesten gebäuden vor ort
in besonders geeigneten höhenlagen mit kargen böden kann die rebsorte ausgewogene trockene weißweine hervorbringen
die türkeneinfälle dieser zeit verwischen wieder die spuren
in ihr haben sich sieben gemeinden zur erledigung ihrer verwaltungsgeschäfte zusammengeschlossen
die schiffe der milgem-klasse verfügen über merkmale der tarnkappentechnik
albert van ecke war niederländischer abstammung
auf dem gemeindegebiet von windisch befinden sich weitere ausstellungsräume und schauplätze
der bezirk befand sich in nordböhmen und umfasste große teile des böhmischen mittelgebirges
dort konnte er sein können verfeinern und überzeugte in den einsätzen als backup
das template wird dann in ausführbaren code umgesetzt
der verwaltungssitz befindet sich in der nicht amtsangehörigen stadt teterow
moselkern ist ein staatlich anerkannter fremdenverkehrsort
hier fanden politische veranstaltungen filmvorführungen dichterlesungen und kunstaktionen statt
hier arbeitete sie seitdem im schauspielfach auch für fernseh- und filmproduktionen
hier kommt eine berechnung anhand der errungenen mandate in frage
diese ermutigt ihn dazu sich wieder der malerei zu widmen
danach wurden die akten der countyverwaltung nach wilmot verbracht
kirchenrecht darf nicht über nationalem recht stehen
sie sind quer durch den fluss geritten
anscheinend warf der laden keine rendite ab
holzschrauben drehen sich ihr eigenes gewinde
gib uns ein beispiel
die polizei sieht hinter der tat keine politische motivation
eine finanzspritze würde auch nichts nützen
die verstehen sehr wenig die nur das verstehen was sich erklären lässt
es scheint als hätte der krug sich in luft aufgelöst
bleib locker mann
helge spielt immer alle zollstöcke kaputt sobald er sie in die finger bekommt
jedenfalls wenn man reich war
an welchen koordinaten liegt osnabrück
darf ich dich mal in den arm nehmen
vincent ist auch so ein zocker
dieser perfide angriff basiert auf gezinkten primzahlen
um vertippern vorzubeugen muss man das passwort zweimal eingeben
vor inbetriebnahme muss die zapfsäule geeicht werden
er stand in kontakt mit dem straßburger mystiker johannes tauler
dieses finale ging in die geschichte des deutschen fußballs ein
das institut ist international tätig durch entwicklungsprojekte wissenschaftliche forschung und ausbildung
die noch blühenden familien sind kursiv gestellt
als vorbild dienten italienische villen aus der zeit der renaissance
wichtige beispiele dafür sind
die lieder wurden mehrheitlich in späteren jahren offiziell oder auf bootlegs veröffentlicht
nach ihm wurde fort canby an der mündung des columbias benannt
in den folgejahren schrieb ulrich strunz zahlreiche weitere bücher zum thema fitness
und so beginnt das abenteuer
sie haben freie auswahl
was geht denn bei euch ab
diese ließen das konzept der radbruchschen formel an sich gelten
sein sohn paul ist ebenfalls als schauspieler tätig
die meisten dieser häuser wurden abgerissen oder völlig umgebaut
auf ganz mallorca gibt es kein eigentliches kloster
pflichtspieltor für arsenal
zusammen mit manfred ritschel bildete gerhard faltermeier dabei einen gefährlichen rechten flügel
dabei stellte er sich den lehren der schule mit großer selbständigkeit gegenüber
felix von merveldt entstammte dem westfälischen uradels-geschlecht merveldt aus dem münsterland
bei den meisten arten sind weibchen und männchen gleich gefärbt
heute wird das als das stöckl bezeichnete haus als wohnhaus verwendet
er war im grunde ein weiterentwickelter junior de luxe
an luft oxidiert es recht schnell
er war gründer der ersten waldorfschule
in diesem vorfrieden wurde der kurfürst august von sachsen als polnischer könig bestätigt
am ende wurde sie aber nur vierte
diese erlaubnis zum führen wird allerdings nur in ausnahmefällen erteilt
suffocation wurden vor allem durch das spezifische schlagzeugspiel von mike smith bekannt
man konnte seine bilder bisher auch in der fernsehserie friends sehen
wir werden alle sterben
beate denkt inzwischen ernsthaft über eine scheidung nach
jörg studiert irgendwas mit medien
er gipfelt indem hans aus der elterlichen wohnung auszieht
die kirchenpatronen sind peter und paul
sie kommt selten auch im mittelmeer in größerer tiefe vor
das museum wurde vom markt kösching im ehemaligen kloster der armen schulschwestern eingerichtet
esma ist zudem eine kurzform des namens esmeralda
das bedeutet dass das land auch speziell von stürmen geprägt wird und wurde
in beiden fällen konnte stubbs von dieser krankheit genesen
im rahmen der volksfrömmigkeit spielte weihwasser auch eine rolle in der volksmedizin
dem vorhergehende gemeinderat gehörten acht ratsmitglieder an
konkubinen im frühen mittelalter die grundannahmen von meyers definition
dies sollte verhindern dass personen sozialistischer gesinnung die bibliothek benutzen
teilweise wird sogar musik die eindeutig dem techno zuzuordnen ist nur kurz tech genannt
die generaladjutanten in weißen hosen tragen eine art marschallstab und sichern den aufzug
jeder film ist mit seinem titel dokumentiert
für den europäischen markt wurde anders entschieden
in den letzten jahrzehnten hat sich wald zu einer wohngemeinde entwickelt
das klima ist maritim mit milden wintern und kühlen sommern
er liegt im stadtbezirk scharnhorst
damit sie nicht im trüben fischen haben wir ihnen eine übersicht erstellt
wie viel papier und tinte braucht man um das internet auszudrucken
in der kammer ist es so kalt dass das thermometer eingefroren ist
worin liegt der sinn die stimme in stereo aufzuzeichnen
sie geht mit den neuen medien unbedarft um wie ein kleines kind
daraufhin ist er mohammad an die gurgel gegangen
ab diesem moment beginnt ein wettlauf gegen die zeit
schon mal versucht in einem smart die füße hochzulegen
jedoch sollte das narkosemittel mit bedacht eingesetzt werden
die einleitenden worte hatten ihn verwirrt
wie heißt das nochmal wenn sich jemand nur mit gestik unterhält
buttermilch und jogurt stehen schon auf der einkaufsliste
sie glauben gar nicht was ich mir in meinem beruf schon alles anhören musste
wer aufbegehrt mit gier der soll leiden wie ein tier
hier gewann sie gold in der verfolgung sowie bronze im sprint und im einzel
eine unterirdische haltestelle der braunen neihu-linie befindet sich unmittelbar vor dem terminal
kelly brook wurde als tochter von sandra und kenneth parsons geboren
hier gelang es ihr die mischung aus glamour und elend einzufangen
das amtsgebiet wird von der müritz-elde-wasserstraße durchzogen
die kirche weist zwar einen dachreiter auf aber verfügt über keine glocken
am bahnhof bad gibt es heute nur einen bahnsteig und auch nur ein gleis
er ist absolvent der universität teheran und der schahid-beheschti-universität
hier war die feldmark in hufen eingeteilt
willst du wirklich bis nach nürnberg fahren
es ist schwer den kern des planeten zu erreichen
er lernte die stylistin venetia scott kennen mit der er häufig zusammenarbeitete
danach besuchte er wieder das gymnasium vinzentinum in brixen und studierte dort am priesterseminar
jahren besuchte er bereits die theologischen vorlesungen an der universität halle
der russe hat inzwischen die ironman one betreten und stone mit sauerstoff versorgt
er wurde aus mangel an beweisen aber nach einigen monaten wieder freigelassen
die bebauung ist mit jener der nachbarstadt san sebastián de los reyes zusammengewachsen
mitte september ist immer drei tage lang kirmes im ort
grades des aktuellen geschäftsführers
die regelung sah eine freiheitsstrafe von sechs monaten bis zu fünf jahren vor
er musste seine position aus gesundheitlichen gründen aufgeben
künstliche schwimmende inseln werden auch als ponton bezeichnet
elf dieser einheiten sind isolierte sprachen davon sind wiederum vier ausgestorben
der kollaps der wolke im freien fall ist bei erreichen der hayashi-linie beendet
der unternehmer gehört der republikanischen partei an
in seinem mittellauf folgt er dem verlauf der rachel range
dieses projekt wurde nicht realisiert
er hinterließ zwei kinder sowie seine langjährige lebensgefährtin model und schauspielerin jessica hahn
verwaltungssitz ist die stadt burton-upon-trent in der mehr als die hälfte der bevölkerung lebt
wo habe ich nur meine geldbörse gelassen
singen macht mir großen spaß
er lebte im zoo in karlsruhe er wurde einundfünfzig jahre alt
um dreiviertel zehn wollen wir bei euch sein
lass mich damit in ruhe ich habe urlaub
im anschluss an die nachrichten hören sie eine unwetterwarnung
ich weiß ja noch gar nicht ob das überhaupt etwas für mich ist
von wegen lebensmüde
gleich geht's weiter
sein wahlkreis war bayreuth
daneben besuchte er die gewerbeschule
zu seinen politischen nachfolgern zählt vor allem ignacy potocki
beim holotyp wurde das schwanzende zerstört und es sind auch keine schwanzfedern erhalten
gleich die anfänge seines episkopats wurden durch außerordentliche wirren und kriegerische unruhen gestört
wegen seiner mythologischen bedeutung gehört rameswaram zu den wichtigsten hinduistischen pilgerstätten
er gehört neben martin heidegger zu den wichtigsten schülern edmund husserls
seitdem war das buch frei im handel
später sah er sich als sachwalter des erbes von karl holl
sein offizielles botanisches autorenkürzel lautet forrest
jeder färinger und besucher kennt die färöischen geldscheine deren rückseiten er gestaltet hat
diese situation ist jedoch weniger verbreitet und der begriff daher weniger üblich
lang arbeitete wissenschaftlich auf einem breiten gebiet der physik
dörffel war durchaus wohlhabend und dreimal verheiratet
zutaten und zubereitung variieren stark von land zu land
zu seinen lehr- und forschungsgebieten zählen makroökonomie geld- und währungspolitik sowie theoriegeschichte
es visualisiert die entstehung der produktion
sein onkel bernhard raupach war theologe in rostock
man schneidet die schote längs auf
das gilt auch für astronauten
zwanzig prozent der studienplätze werden nach numerus clausus vergeben
ich höre das känguruh zum ersten mal kenne aber gefühlt jeden zweiten satz schon
im frühling ist es besonders angenehm durch das weinanbaugebiet auf kalkstein zu wandern
samin stellt sich nicht ungeschickt an sie hat dyspraxie
im brutkasten ist es mollige siebenunddreißig grad warm
sollbruchstellen sind nicht immer ein fall von geplanter obsoleszenz
nun geht es dem drückeberger von nebenan an den kragen
in platons symposion ist poros die personifikation der fülle
hermann göring behielt sich die entscheidung über die verwendung von eingezogenen kunstwerken vor
es gibt keine mitgliedsbeiträge oder sponsoren oder gelder von anderen institutionen oder einrichtungen
es galt als das flaggschiff der kdf-flotte
im gegensatz zum pronaos bot der opisthodom jedoch keinen zugang zu dem naos
die wende von einer subjektiven religiosität hin zum objektiven wort gottes vollzog sasse dort
außerdem erhielt die geschichte den world fantasy award
nach der machtergreifung der nationalsozialisten konnte er seine politische und gewerkschaftliche arbeit nicht fortführen
nach dem krieg wurde es durch die rote armee weiter als kriegsgefangenenlager betrieben
in der regel sind nur gut betuchte gamer mit vr-brillen ausgestattet
als dolmetscher kassier und gehilfe begleitete schärer seinen vater auf geschäftsreisen nach italien
er ist in zahlreichen nichtregierungsorganisationen aktiv
bei ihnen handelt es sich um geister für bestimmte landschaften pflanzen- und tierarten
dort wurde das komplette laufwerk überholt
der schwarze weg ist oft nur im inoffiziellen nichtamtlichen sprachgebrauch so bezeichnet
humfried war zunächst mönch dann dompropst in würzburg und kaplan am kaiserlichen hofe
die sportteams der university of north alabama sind die lions
in produktionsweise und musikstil gibt es hierbei verbindungen zum bereich der independent-musik
das neue gebäude des figge art museums wurde vom englischen architekten david chipperfield entworfen
benjamin ist halt ein bodybuilder
das ist meine lieblingsmusik
unterlassen sie bitte diese spitzfindigen bemerkungen die nichts zum thema beitragen
zusammen mit dem derivativen produktionsfaktor kapital bilden sie die drei klassischen produktionsfaktoren
die auberlen-realschule und eine straße in fellbach tragen seinen namen
der name der band ist ein dorf in cambridgeshire in großbritannien
das soziale und gesellschaftliche leben ist von armut und rasanter inflation geprägt
wieder freigelassen revoltierte er gegen den könig
die panoramascheibe war ein weiteres gestaltungsmerkmal
dabei lernte er auch das werk seines anderen onkels louis couperin kennen
dies ist auf das ursprüngliche konzept der serie eine telenovela zurückzuführen
die insel ist wie der gesamte archipel vulkanischen ursprungs
einige der zerstörten akten werden immer noch zusammengesetzt
bei der dosierung des waschmittels sollte man den härtegrad des wassers berücksichtigen
duschanbe ist die hauptstadt von tadschikistan
auch spanisch ist eine weltsprache
die sonderwirtschaftszone shenzhen grenzt direkt an hongkong
jedes zweite jahre findet ein dorffest statt welches von den ortsansässigen vereinen organisiert wird
sie ist definiert durch das volumen eines würfels mit kantenlänge von einer statute mile
er war der sohn von rabbi meir kahane
neben oppositionellen gruppen haben in geschichte und gegenwart auch regierungen deutliche antiamerikanische positionen vertreten
saxl studierte archäologie und geschichte in wien berlin und rom
nottwil liegt an der bahnstrecke olten luzern und hat eine eigene haltestelle
es folgen zahlreiche auftritte auf jazzfestivals in europa und amerika
letztere rakete dürfte von allen im nachkriegsdeutschland entwickelten raketen die größte flughöhe erreicht haben
am nördlichen rand des viertels befindet sich das spital der gemeinde
der ofen sollte eine umluftfunktion haben
kannst du schon alleine schaukeln oder soll ich dir anschwung geben
daran gibt es nichts auszusetzen
wie viele menschen leben in bochum
jeder bekommt eine wunderkerze in die hand
marokkanischen infanteriedivision zu
beide entwürfe haben jedoch das prototyp-stadium nicht erreicht
bekannt ist er für die gleichnamige spielbank und die alljährlich stattfindende rallye monte carlo
der outback highway beginnt in winton im nordwestlichen queensland
die eingebaute widerstandsbremse erlaubt die elektrische bremsung des zuges bis zum stillstand
das weibchen hat dieselbe fellfarbe bei ihnen fehlen allerdings die markierungen
am soundtrack des films war bruce springsteen beteiligt der das titellied the wrestler schrieb
der hauptsitz befindet sich im englischen bristol
im set von van langen finden sich lieder aus dem mittelalter sowie eigene titel
er schloss sich der fraktion des linken zentrums an
in der gemeinde befinden sich wanderwege mit angelegten rastplätzen
der sogenannte neuengamme-hauptprozess wurde im hamburger curiohaus verhandelt
es ist allerdings geplant eine große hotelanlage auf der insel zu errichten
die gemeinde wird durch die postautolinie vom bahnhof koblenz nach leibstadt erschlossen
die beigeordneten müssen die erforderlichen voraussetzungen und ausreichende erfahrung für das amt besitzen
mit dem ersten weltkrieg wurde der flugzeugbau zum wichtigsten produktionszweig
das umfassende angebot beinhaltet lebensmittel industriell hergestellte haushaltsartikel und das selbstgefertigte sortiment traditioneller heiler
dazu gehört die osmolarität im serum und im urin
kannst du mir bitte alle playlists nennen die mit a beginnen
das verhältnis der spannung an primär- und sekundärspule lässt sich an der anzahl der wicklungen ablesen
wir treffen uns mit flori an der bushaltestelle
die stadtmauer steht unter denkmalschutz
von achtzehnhundertfünfundsechzig bis achtzehnhunderteinundsiebzig war florenz die hauptstadt von italien
nicola jobbt als model auf einer automesse
sie wurden als gefährder eingestuft und bekommen jetzt eine elektronische fußfessel
die hauptburg wurde durch eine doppelte mauer geschützt
zweimal erreichte er podiums-platzierungen im weltcup
der ortsname ist von den komi-wörtern für mündung eines nebenflusses abgeleitet
es erhielt zunächst den polnischen ortsnamen wysoka góra und verlor die stadtrechte
er bestand aus dem eigentlichen buchstaben und der ornamentik
gleichzeitig hat er gewissensbisse inga so auszunutzen zumal er sich in sie verliebt hat
verwendet wurde sie vorwiegend als aufklärer konnte jedoch auch einige leichte bomben mitführen
nach donald white soll sich an der stelle die griechisch-römische hafenstadt apis befunden haben
newt gingrich folgte ihm im amt des speaker
hätte die presse einen bildungsauftrag könnte springer möglicherweise keine zeitungen mehr verkaufen
woher weiß ich bitteschön den wissenschaftlichen namen dieser schlange
mein opa ist damals im krieg gefallen
so weit so gut
wenn das virus mutiert könnte es vielleicht über die luft übertragen werden
wir sollten uns alle mehr trauen
von dort führt eine wendeltreppe zum aussichtsbalkon
die zwei jahre im ausland haben dich sehr verändert
das gibt es nur in castrop-rauxel
ein boshaftes lachen erschallte
möchte der gnädige herr vielleicht etwas verzehren
das kabelinternet ist in unserem wohngebiet sehr empfehlenswert
die reporter klatschen beifall und wollen mehr wissen
ich geh jetzt duschen
alexa muss sich versprochen haben
wenigstens bietet die holzhütte etwas windschutz
damit will man den kreislauf solange in gang halten bis der notdienst eintrifft
sich darüber aufzuregen lohnt sich nicht
der steward und die stewardess kümmern sich um das wohl der passagiere
der apfel fällt nicht weit vom stamm
für die pflege von großen datenbanken benötigt man solche tools
die gesamtschule liegt in einem sozialen brennpunkt
egal was der duden empfiehlt ist für uns gesetz
zumindest sowas in der art
mit wem spreche ich
natürlich gibt es auch osmose im biologischen sinne
wissen deine eltern was du hier tust
er will die kugel lieber kommen sehen
auch einem paradigmenwechsel gegenüber wäre er nicht abgeneigt
über kranke und behinderte macht man sich nicht lustig
hau rein
minderheiten gehören der russisch-orthodoxen kirche der evangelisch-lutherischen kirche und den baptisten an
nach erlangung der proklamierten souveränität blieb das bekenntnis zum rechtsstaat leer
nach seiner schulausbildung studierte hutchison an der oxford university
die grünen profilierten sich insbesondere durch die missachtung parlamentarischer regeln
jacqueline kennedy onassis wuchs auf dem anwesen ihrer großeltern in east hampton auf
bei näherer untersuchung ließen sich zahlreiche gefangene nematoden auf der blattoberfläche feststellen
barbara pritz wurde als tochter eines diplomaten im auswärtigen dienst geboren
infolgedessen kam es zur doppelherrschaft des japanischen militärs und vichy-treuer französischer kolonialbeamter
zudem war er autor mehrerer bücher zu gesellschaftlichen fragen und modernen theologischen themen
sie verursachen keine waldschäden eine bekämpfung ist daher nicht notwendig
leider ist die organisch-abstrakte stuckdekoration nicht mehr erhalten
ferdinandea-prag zu heidelberg
die hohe betriebsspannung bedingt somit auch eine große ladungsmenge
jänner verbüßte im september dieses jahres war er erstmals als gast in graz engagiert
in seiner vita bezeichnete er sich wiederholt als norweger
es stellt sich heraus dass mrs
anschließend war er in einer anwaltskanzlei und als gutachter tätig
gastspiele führten sie an verschiedene bühnen vornehmlich des deutschsprachigen raumes
sich volllaufen lassen bis die schwarte kracht
bei so vielen baustellen weiß man gar nicht an welcher man anfangen soll
viele überlebten nicht mal ihre feuertaufe
brechen wir das brot in zwei hälften haben alle etwas davon
warum kommen sie denn auch ausgerechnet in der mittagspause
tee kaffee und andere aromatisierte getränke gibt es schon seit jahrtausenden
wer am dichtesten dran ist darf beginnen
kannst du mich nach düsseldorf mitnehmen
kipplüften ist viel ineffizienter als stoßlüften weil dabei die wände auskühlen
ich muss schon in neumünster aussteigen
die batterie ist leer
also das ist ja wirklich der gipfel
nein hör mir zu
glaubst du die zwei können das so ganz alleine auf die beine stellen
sieht so eine angemessene bezahlung aus
was heißt das auf niederländisch
dein kleinwagen bietet im prinzip alles was man braucht ist aber etwas schwach auf der brust
hier haben die handwerker ganz klar gepfuscht
was gibt es neues in wiesbaden
dieses diabolische grinsen sagt alles
frau schröder ist halt etwas künstlerisch angehaucht
jedenfalls war zu erkennen dass er ein blaues t-shirt drunter hatte
was heißt das auf isländisch
zur einrückung werden leerzeichen verwendet nicht tabulatoren
auch mir wurde das kochen nicht in die wiege gelegt
zur lieblingsmusik hinzufügen
zunächst war offenbar geplant das boot als museumsschiff zugänglich zu machen
beide dienen allerdings blau eingefärbt als imitat für den seltenen und wertvollen matrix-türkis
statt die eingelieferten gefangenen umgehend zu töten ließ man sie meist verhungern
sein nachfolger im bischofsamt wurde mansour hobeika
dem bund ist eine tunnellösung zu teuer
jerschow beschäftigte sich mit mathematischer logik modelltheorie und zahlentheorie
die torhüterin begann das handballspielen in ihrer heimatstadt bei ajax
ihr erfolg war allerdings im wesentlichen auf australien und neuseeland begrenzt
dana und das mädchen fliehen sie werden von leann verfolgt
darunter folgt wieder ein lebensfeindlich dicht stehender galeriewald
kitwe ist durch den nkana-bergbaukomplex der hauptstandort der kupfergewinnung und -verarbeitung in sambia
zur selben zeit nahm sie ihren künstlernamen an
hinter den brustflossen weist der rumpf meist einen dunklen fleck auf
der größte teil liegt im peak-district-nationalpark die bevölkerung lebt hauptsächlich entlang des flusses derwent
er war der erste ehemalige kommunist an der spitze der italienischen regierung
alle amphoe liegen in der provinz nakhon si thammarat
das vorschlagsrecht haben einige offizielle kubanische kulturinstitutionen letztlich entscheidet eine jury unter den kandidaten
auch in der gabelbach-gemeinde einem verein ilmenauer intellektueller engagierte sich schwanitz
im churchill county liegt eine gemeinde die den status einer city besitzt
das verhältnis zwischen den alliierten hatte durch den abbruch der expedition gelitten
der kanton lag direkt an der grenze zum saarland
siehe radiokohlenstoffmethode
neben dieser abstrahlung gibt es auch kompromittierende leitungsgebundene störungen wie schwankungen in der stromaufnahme
diese ausstellung erice
finanziert wurden diese maßnahmen sowohl vom verein als auch durch fördermittel des landkreises
sie wurde mutter von zwei kindern
tucholski ist verwaltungsbeamter
sei nicht so pessimistisch
gibt es stau heute morgen
ihr hört jetzt beide auf damit
wer es lutscht hat länger etwas davon als wer es kaut
das ist natürlich purer selbstbetrug
gerda nahm eine gießkanne und goss wasser in die vase
beim soundcheck kümmert sich adrian um die tontechnik
inge setzte wieder ihr pokerface auf
durch gnadenlose härte macht er seine opfer gefügig
in so einer schäbigen klitsche würde ich meinen rechner nicht abgeben
der flughafen leipzig halle ist so gebaut dass kleine flugzeuge notfalls auch auf der autobahn landen könnten
manche sehen in funktionalen programmiersprachen die zukunft
die stadt corleone wurde durch den roman der pate von mario puzo weltweit bekannt
gipfel fortan nur noch jedes zweite jahr zusammenzukommen
den letzten mann findet jim ebenfalls
ziel war die gesundheitliche versorgung der im namen genannten zu fördern
der don durchfließt die oblast die in der osteuropäischen ebene liegt
nach dem tod des gründers wilhelm kindler sen
ernährt werden diese unter anderem mit den aufgelösten leichen der verstorbenen
die katholische kirche ist dem heiligen vitus geweiht
dabei bestritt der verteidiger alle sieben turnierspiele in denen er punktlos blieb
gäste-interviews mit künstlern wie kim wilde oder milli vanilli wurden ebenfalls geführt
der künstler wurde auf dem münchner waldfriedhof beigesetzt
es funktioniert ähnlich wie interaktiv malen die formen entstehen jedoch sofort
vermutlich war die verbreitung im pleistozän durchgängig
dabei wird versucht dem besucher ein bild über das jeweilige alltagsleben zu vermitteln
liste der wappen im landkreis trier-saarburg
benno und lothar haben noch die weiteren freunde hotte manni und fiete
