su abuelo fue el bandoneonista argentino adolfo perez pocholo
esta fue la tercera vez que había sido alcanzado por el fuego enemigo
vestíbulo rivas urbanizaciones
donde generalmente exponía sus ideas era al ateneo católico monárquico de barcelona
el ataque fue presenciado por numerosas personas
herbert era muy popular en la corte francesa y mostró una considerable habilidad diplomática
la mitad de esos fondos piensa obtenerlos del fondo social europeo
yo permanecí silencioso aun cuando estaba profundamente conmovido
en la actualidad la flor representa inocencia simplicidad y primavera
brasil aplazó su primer tren bala
sin embargo dicho proyecto se vio frustrado
de este modo la provincia del chaco quedó sin constitución
los proyectos y canales de irrigación fueron construidos por los nanda
este jugador pertenece al otro equipo
su matrimonio no está legalmente reconocido en bulgaria
a pesar de su notable contribución la pieza está totalmente acreditada a yoko ono
en ella el hampa se podía mover con cierta facilidad
la iglesia se asemeja a la catedral de wawel fundada por vladislao i herman
la mayoría de los participantes eran sindicalistas
pero joan ha llegado a su límite
antes incluso de ponerlo en servicio ordinario estaba recibiendo mejoras importantes
fue construida por los alemanes durante la segunda guerra mundial
él no tiene que estar a la defensiva o preocupado por sus detractores
todos estos elementos se representan de color amarillo o dorado
el ejemplo muestra que en el caso general no puede tratarse de una ecuación
el pato ha defecado semillas vegetales
en la siguiente temporada jugó algunos minutos más con el primer equipo
estos temas fueron editados por tommy gun records
se edita en ambos idiomas armenio y turco
dio exposiciones de guitarras en ediciones ibanez guitar explosion
wilson aseguró que el dinero era para la campaña presidencial
llover sobre mojado mil veces ha pasado
el final de su mandato coincidió con la sucesión real
hay depósitos de piedra caliza dolomita mármol y piedra de toque
además muchos cantantes populares iban a cantar una o dos canciones en dinah
la niña chole se despertó sofocando un grito
además holstein escribió el episodio piloto y fue el showrunner
fue conocido como el filósofo de la alegría
hoy el lugar se llama fortín sgto
la inflorescencia paniculada
su significado ha variado a lo largo de los años
para su desarrollo el juego contó con el motor gráfico dawn engine
consolidación durante el último año todas las carreras trabajan juntas
vivió los primeros años de su infancia en gerona
estudió derecho en münich
en estos años de formación fue adquiriendo un marcado espíritu de investigación y rigor
a mi profesora le importa demasiado la gramática y muy poco el contenido
la selección ganadora fue honduras por tercera vez en la historia del evento
en tanto shaw publicó su disco como solista girls with guns
todo salvo la muerte parece ser pasajero
el segundo diseño era tener el motor delante del piloto
su nombre deriva del de uno de los regimientos del sich
está enamorado de ti
gran estudioso de la torá escribió un comentario sobre el antiguo testamento en hebreo
oh qué es eso qué es eso cáspita un perrito
el show dura aproximadamente una hora y diez minutos
lo sucedido durante la competición es lo que se relata principalmente
no obstante orjuela fue conductor del show humorístico más importante de colombia sábados felices
quedaron excluidas de la operación las centrales de carbón
el parque destaca por su pinar de aleppo y su maquia o un anfiteatro
tras sus primeras incursiones las tribus nómadas normalmente se asentaban perdiendo agresividad
inmediatamente se presentó en parís a don carlos
la iglesia parroquial fue en sus orígenes una construcción modesta
fue miembro electo de la academia prusiana de las ciencias
una serie de conferencias en san jorge de southwark contribuyeron a calmar la tormenta
su nombre de advocación era san justo
repitió esto en varias ocasiones aunque siendo relegado en la sumatoria por su compañero
sólo se completó una única unidad
arranca el ventilador
muchos de ellos incluso participaron como combatientes en dichas guerras
fue regidor y alcalde de su comuna natal además de desempeñarse como diputado
este lanzamiento se concentra en el material que el grupo editó con elektra records
su hábitat natural está en las sabanas secas y pastizales
guardia civil del perú
sus partes inferiores son blanquecinas con tonos rojizos en los flancos
hay taxis disponibles fuera del aeropuerto
hans p linder
finalmente durante el funeral de denny tom descubre un insecto saliendo de su cuerpo
abundan los triángulos amorosos las traiciones entre amigos el sarcasmo y la sátira
todos los temas fueron compuestos por hugo fattoruso y osvaldo fattoruso
se sabe poco sobre este autor
la parte al mar dispone de un muro en talud en forma de herradura
este camino se encuentra en los departamentos biedma y rawson
durante su segunda batalla con superman creó todo un edificio lleno de ilusiones
cuatro de sus hermanos menores y cuatro hermanas alcanzaron la edad adulta
la ciudad es un centro para las granjas de la región
algunos ejemplos incluían when the tigers broke free y bring the boys back home
la iglesia católica la venera como beata
y que el indio lo evitó jugándome la luz con destreza de salvaje
es similar al patrón de difracción obtenido por microscopía electrónica de transmisión
su mentor cuidador revelaría más tarde que eran de hecho hermanos
necesitamos vacaciones
su límite al oeste es la av
de la edad de hierro proviene el castro del cueto del agua
en tal caso se envía únicamente la información del movimiento
morones nuevamente le ofreció la postulación presidencial la que obregón aceptó
su verdadero nombre era james keith o'neill y nació en londres inglaterra
pero yo no tengo a nadie
ajo cebolla y limón y déjate de inyección
la película obtuvo críticas positivas especialmente entre los críticos del cine europeo
esta vía de comunicación ha acompañado a la compañía durante toda su trayectoria
durante la contienda carlista participó activamente ascendiendo a mariscal de campo
los capítulos florales son amarillos grandes y terminales
por favor escuchen
sus aplicaciones se encuentran principalmente en teoría de fluidos
ninguno de nosotros vale ya nada para ellos
estudió derecho e se incorporó como letrado en la diputación foral guipuzcoana
tiene caja de cambios manual de cinco y seis velocidades o automática de cinco
en febrero debutó por primera vez en la copa davis contra rumania
la canción fue escrita enteramente por el vocalista chris cornell
entonces el mismo ibáñez designó una cámara de diputados y un senado
tenía capacidad para treinta o cuarenta prisioneros
fue designada n
delegación de policía
con la ciencia el hombre puede alcanzar el estado máximo de felicidad
para el tiempo era considerado el título paulista más importante de la historia
el instituto llegó a lituania por encargo de los mismo fundadores
es sede del condado de northampton
se casó y se fue a vivir a sao paulo donde tuvo seis hijos
marca que comercializa calzado y accesorios para el público infantil
la vivienda todavía conserva la estructura original de cuando era habitada por ellos
tommy comienza a discutir lo que le da a chuckie un dolor de cabeza
estás un poco papanatas pero me haces reír
cerró a los pocos años quedando la pantalla de hormigón mucho tiempo en pie
actualmente es una estación de esquí
la destrucción de áreas boscosas ha traído cambios en el microclima
deshecho entre legajos de un pleito
se trataba de un ejercicio de diseño en el uso de material reciclado
y ese es justamente el tema de investigación actual de su equipo
los alienígenas visitantes se van rápido y dejan a uno de ellos
al huevo se le puede añadir perejil dándole un nuevo aspecto a la paella
juega como defensa central en el millonarios fútbol club de colombia
estudió en la escuela de bibliotecarias
ambos lograron hacer podios pero fueron superados por cavendish y alessandro petacchi
el fuerte ha presenciado las batallas y conflictos ocurridos en el período colonial
es una de las gamas más vendidas del fabricante de automóviles citroën
camille claudel mostró vocación por la escultura desde una edad temprana
la familia siempre tuvo en mente el regreso de la moritz a barcelona
asistió y se graduó de warwick high school en newport news
de la misma manera habría dos juegos adicionales si ocurriera una final nacional
jugaba como defensa y de mediocampista su último equipo fue la piedad
esta reducción se debe principalmente a las políticas de asistencia social
cantante de extraordinaria sensibilidad estaba impregnada de un profundo sentimiento romántico
el maorí como lengua hablada es particularmente importante cuando se utiliza la consulta comunitaria
el cuidado paliativo generalmente ha sido reservado para quienes tienen una enfermedad terminal
la mayoría vota sí a que ella reciba un disparo
proviene de una familia de trayectoria política con raíces polacas
la feria de villaseca es una celebración de linares
crece de una gran red de gruesos rizomas
manos del mar que se agarraban a la barca
además fue futbolista árbitro y dirigente
ella está asociada a la vaca
luego la abandonó para dedicarse a la literatura
bienvenidos muchas gracias
el arco es sostenido por debajo de la mano
la empresa depende directamente del consejo de estado de la república popular china
si nos mantenemos unidos lo podemos hacer
sin embargo su estadía en el repertorio fue por más de diez semanas
eres un juguete infantil
las bóvedas son estrelladas en el primer tramo y simples en el resto
es el órgano de cierre de la jurisdicción contencioso administrativa
normalmente están asociadas con etapas de sueño profundo
informaron que zeidan estaba bien de salud y sería tratado como cualquier otro ciudadano
fue gravemente herido por fragmentos de minas
puedo ir al servicio
problemas arrastrados a lo largo de más de un siglo de existencia
se trata de un visitante ocasional en kenia
este lugar es conocido como la laguna
la inmigración peruana se ha diseminado principalmente en las grandes ciudades argentinas
olga linares percibió que se sacrificó un buen control estratigráfico por conveniencia
se crían vacas cerdos y aves de corral
el principal motor económico del microdistrito es el turismo
sal del auto muévete
fuimos al museo del prado para ver la exposición
sin embargo este último puede utilizar la plataforma central si es necesario
raúl silva henríquez
es la primera contribución española publicada en revista de tal importancia
dejaba caer la tenue sonrisa de su luz sobre la ruda y aulladora tribu
está nombrado por la palabra latina para amistad
sin embargo no sabe que es la señora de carmona
el mal tiempo complicó la travesía por lo que zanni y parodi decidieron regresar
sus últimos años los dedicó a su carrera solista
gracias rober te debo una
cola pardo oscura
me he de cambiar las gafas ya no me clichés
su curso es sinuoso y a medio canal es profundo
la gestación dura casi un año
nunca ha sido campeón de liga y solo ha ganado títulos menores
muchas de las canciones del espectáculo fueron posteriormente grabadas por scott walker
es una hermosa cumbre glacial de moderada dificultad
muchos de estos primitivos veraneantes han fijado actualmente su residencia en la ametlla
sí que hubo abundantes referencias al perdón y la reconciliación
su inicio como escritora se remonta a la adolescencia cuando todavía cursaba estudios medios
sin embargo dejó la escuela para seguir su carrera en el arte
el consejo municipal se compone del alcalde y de seis consejeros sin división territorial
además encontró que salvatore mancuso fue autor intelectual de esta masacre
estuve allí he jugado y he perdido
es vocal de la entidad financiera la caixa
presenta pseudobulbos estrechos con una sola hoja aplanada horizontalmente en la base no imbricadas
muy bien lo haré
está situado al sur del río de la peña
en la época en que le tocó vivir el poeta
esta ruta es parte de sistema de autovías y vías expresas de california
establece relaciones con micorrizas para obtener más nutrientes y agua
desde pequeño demostró aptitudes para el arte
tan sólo existen dos unidades
los arroyuelos sirvieron para el abastecimiento con agua usable
incluso fue testigo de excepción de la masacre de nankín
tiene cuatro hermanos y tres hermanas
estudió composición piano y dirección de orquesta en el conservatorio de música de sídney
esperaron horas y horas y el tren nunca llegó
sin embargo se decidió continuar con el experimento
más adelante fue discípulo de composición de olivier messiaen en parís
sirve además a las ciudades de birmingham rugby preston carlisle y edimburgo entre otras
hay varios rasgos distintivos
fue un componente de la selección de balonmano de serbia
piti si te parece poco realista el disfraz de estela
anderson pone en duda la veracidad de estos hechos
recientemente inició su propio sello discográfico deluxe records
entonces tenemos que hacer algo
la complejidad incluso puede ser transformada a lineal
este proceso es muy similar a la emisión estimulada
fue el pintor más influyente entre sus coetáneos y su importancia todavía persiste
hayden se especializó en westerns y cine negro
esto permitió al conjunto realizar regularmente óperas barrocas oratorios y otras obras vocales
el que tenga tienda que la atienda y si no que la venda
puede que no le sirva de consuelo
hay mucha violencia tiroteos golpes y una multitud manifestante
cada uno de ellos usaba la inicial de su consorte
entrevistan el pintor en la radio
pero la campaña del terror no frenó
are you in
sin apartar los ojos de las olas que argenta la luna
otros trabajos experimentaron con la tercera dimensión y otros efectos
cumplió condena en la prisión de monterroso en lugo
el título se encuentra caducado en la actualidad sin posibilidad de ser rehabilitado
libia tiene una embajada en madrid y españa una en trípoli
por su altura el clima es frío glacial
simular este sistema generalmente resulta en oscilaciones que se alejan de un equilibrio inestable
es originario de canarias europa occidental del mediterráneo
lanzado por motors en francia
el municipio en una sección municipal que es el pueblo de santo domingo
el episodio muestra signos de ser uno de los primeros en ser producidos
tiene como capital la ciudad de chuy
fue la sede durante muchos años de la bolsa de barcelona
era soltero
actualmente vive como refugiada en australia
belo corporation con el mismo nombre
pasado el periodo estipulado las elecciones volvieron a causar efervescencia
melitón reyes andrade y dolores larios pastrana
a ver que no es malo divertirse solo
la adaptación cinematográfica del mismo nombre fue protagonizada por nicolas cage
bendición de campos
sus restos yacen en la cripta de los obispos
debido a esta estancia landers habla ruso de forma fluida
fue frau schneider en el musical cabaret en berlín
los intentos de reforma militar fracasaron
no posee flash
en esta lista se muestran los jugadores con más goles anotados con la selección
electric boat está el patrón del más gran parte de la población
schenck y sus tropas asolaron el pueblo varias veces fueron rechazados
sur de portugal y noroeste de marruecos
es efectivamente absorbido por las algas pero es excretado de manera deficiente
esta versión de android soporta de forma nativa la realidad virtual
la actriz se hizo famosa por sus intensas interpretaciones
sus principales responsabilidades consistían en apaciguar disputas o castigar los asesinatos por venganza
en el ministerio de educación impulsó el examen de selectividad
es formada por la unión de catorce municipios agrupados en dos microrregiones
esa distracción permite a ramsay matar a luther en defensa propia
oh me creen temible aquí pero yo no lo siento
al mortero de estas hiladas de ladrillos se le incrementa la dosificación de cemento
está en la plaza de armas en el centro de la ciudad
la unidad la prisión texana más antigua tiene la cámara de ejecución del estado
sin embargo no todo va bien ya que lane y la sra
la iglesia pueblo de la escuela primaria de inglaterra se llama st peters
siendo referente de las nuevas generaciones
el plesiosaurio es mucho más grande y respira con pulmones
su nombre se debe a los numerosos lagos en el área
adiós amigos míos voy a un lugar mejor
museo nacional de arte moderno
el consejo de jefes asesora al presidente sobre leyes y costumbres tradicionales
me reconocieron desde lejos y se alzaron saludándome con muestras de gran cortesía
antiguamente esta era la entrada original del golfo
mucho camino señor
al año siguiente fue ascendido a teniente general
la resaca del día siguiente fue enorme
dicho cerro forma una península en las aguas del pantano muy próximas al edificio
los grupos con guía pagan una tarifa
los puntos donde se ejecuta el corte efectivo suelen denominarse puntos de aislamiento
junto a paloma blanco graba el álbum satin
esto permite un importante aumento de ventas y un nuevo posicionamiento de la marca
su mandíbula inferior es de color gris claro casi blanco
guatemala reclama que dicho territorio es usurpado por belice
en ese equipo contó con dos futuros internacionales javi martínez y nacho monreal
tras la ejecución se comprobó que nunca había tenido un hermano
asistió a la universidad de chicago y se especializó en matemáticas y filosofía
esta capa es más conocida con el nombre de middleware
de esta manera analiza los comportamientos causas consecuencias con un enfoque metódico
antes de comenzar a actuar doris era una acróbata
además fue embajador argentino en ecuador
si no cargamos el desfibrilador palomares se muere
mercedes cabanillas nació en el seno de una familia de larga tradición aprista
actualmente ninguno de los reactores del emplazamiento está funcionando
existe confusión respecto de si el barrio pertenece a lules o yerba buena
alemania es el segundo socio comercial de libia
el principio de funcionamiento es simple
finalmente el tyrant es destruido por un lanzacohetes que brad arroja al jugador
las viviendas solían tener tres habitaciones
ojos que no ven corazón que no siente
es renombrada por sus grandes flores carmesí en la primavera
se añaden al atractivo turístico interesantes vestigios arqueológicos
como personas las encontramos muy valiosas pero no podían seguir siendo miembros de helloween
al kamil aceptó un acuerdo de paz de ocho años con europa
de distribución extendida
el traje nacional de las mujeres búlgaras banat tiene dos variedades
presentó su obra en la sociedad sarmiento y luego en el teatro odeón
bajo las órdenes de mr
estaba emparentado con el arquitecto lópez salaberry al ser cuñado suyo
bajo este concepto se sitúa en el mismo nivel a escritores amateurs y profesionales
entre sus monumentos destaca la iglesia parroquial
esta síntesis tan operativa ha sido muy utilizada
por la resistencia
su hábitat natural son los bosques húmedos de tierras bajas tropicales o subtropicales
finalmente hiere a hamlet
sin embargo sus rivales japoneses honda y toyota dominaron los campeonatos restantes
la banda incluso llegó a lanzar la canción como un sencillo
metafóricamente el proceso hijo ha muerto pero su alma aún no ha sido recogida
el sistema tierra luna es el caso mejor estudiado
los partidos se jugaron en macao
la construcción del templo de medford duró poco menos de un año
las capillas laterales tienen dos retablos gemelos
el terreno era peligroso e impracticable durante gran parte del año
destacó como trompetista de jazz
el museo contiene elementos fascinantes entre otros un escudo dalek
la más directa influencia proveniente de la psicología viene de la escuela gestalt
duró menos que un caramelo en la puerta de un colegio
se graduó en la fayette county high school en fayetteville georgia
durante su breve mandato cornelio saavedra y joaquín campana se exiliaron
el fenómeno medido aguas arriba puede haber tenido períodos de ocurrencia distintos y menores
la sede del condado y mayor ciudad es san andreas
fue uno de los creadores del lied alemán
mentor de james
la fiera arrogancia con que llevó su mano al corazón me hizo sonreír
estudió administración turística y hotelera y actualmente trabaja para un hotel capitalino
es originaria de brasil y paraguay
las ideologías políticas vinculadas son el antiimperialismo y el pacifismo
reside en miami estados unidos y viaja a venezuela varias veces al año
hay algunas escenas musicales
como último paso el agua se filtra y sale del sistema más limpio
sitio oficial del partido justicialista
la cara y la garganta presentan barras y motas rufas y negras
en consecuencia con el tiempo y luego de extensos debates se decidió su traslado
en sus primeros años fue sede de la distribuidora alternativa gato salvaje
programa de adquisición de una segunda lengua por inmersión parcial
hoy hay fiesta en el barrio
eso es lo que se reporta año tras año
es un remake de la película de buster keaton seven chances
sin embargo los asesores comían de pie y no podrían mirarlo a la cara
un antecedente puede evitar futuros robos
a buen entendedor pocas palabras bastan
fue opositor a la revolución maderista
este plato se come especialmente los domingo de ramos
su reinado tampoco fue largo pues fue depuesto y ejecutado por marco antonio
qué palo de película
jimena ha hecho parte de importantes eventos y festivales musicales a nivel mundial
para que un multiprocesador opere correctamente necesita un sistema operativo especialmente diseñado para ello
a cambio de esto recibe grandes sumas de dinero
realizó intensas expediciones botánicas por la isla
le sobreviven sus dos hijos
castle es un ex agente de la policía cuya familia fue asesinada con una bomba
murió en tokio japón
apariciones especiales
sacad acá un candil
en caso de ser el mismo equipo la disputarían los finalistas de la liga
su característica fundamental es que realiza el corte junto a un grupo tiol
ella recuerda su patria con nostalgia
tiene su sede en atlanta
todas estas reacciones son más frecuentes con el uso prolongado del medicamento
sus restos puede confundirse con fósiles de plantas al observador casual
la catedral de pereira está consagrada a su advocación
con las piernas temblonas
en el mismo registro figura el templo hinduista como lugar de culto
la cuarta etapa estaba divididas en dos sectores
en esa oportunidad conoció al mítico guitarrista argentino pappo
un vehículo con una transmisión manual se puede iniciar por empuje
estudio filosofía y letras en su vitoria natal y derecho en zaragoza
a pesar de todo logró una destacada tercera plaza en la liga
todos ellos se encuentran en el macizo de teno
a mi amiga sara le acaban de robar la mochila
como las alas del misterioso ángel protegen el alma
todos los años durante mayo se realiza el
actualmente este palacio es propiedad del ayuntamiento y en parte está en manos privadas
su propósito es representar la proporción de las áreas con la máxima exactitud posible
lo que está en juego construyendo nuevos mundos
quiero hablar con ellos vale
es la decimocuarta ciudad más poblada del país
así fue como el nombre de la congregación pasó a todo el sector
los granos provienen de bolitas de nieve envueltas por una fina capa de hielo
fue muy reñida entre los clubes de astillero y castro
ingresó al servicio exterior de su nación
inflorescencia compacta estrechamente ovada a estrechamente oblonga
estas medidas permiten comparar entre modelos distintos
juan carlos casariego se casó muy joven y de esa unión nacieron tres hijos
en cartagena se comenzaron a constituir sociedades anónimas para la explotación de las minas
se formó como un enclave dentro del estado de rajastán
la comuna se extiende principalmente sobre la cordillera de la costa
lópez jordán debió huir al brasil con lo que finalizaba la primera guerra jordanista
el aeropuerto puede manejar las operaciones de los aviones comerciales más grandes
nunca va al comienzo de la palabra y siempre sigue a vocal
tiene una forma irregular y una superficie de una hectárea aproximadamente
el sentido literal de la palabra es mal conocido
allí estábamos nosotros con dos ametralladoras
se convirtió en la primera mujer de uruguay en conquistar un título mundial
el nivel de necesidad de cierre cognitivo es una característica individual bastante estable
callo redondeado poco marcado glabro
yo no soy el portero nadie me pide permiso para entrar o salir
sólo quiero hablar contigo un minuto
con cuatro polinias
es originaria de áfrica oriental
no va a contestar a su novia
la primera parte era una túnica
en el programa de entregas no se declaró una versión familiar
en el interior tanto la nave como el presbiterio están cubiertos con artesonado
la montaña contiene un santuario que supuestamente marca su tumba
es el mejor puerto del área
mañana más y mejor
en la cámara fue secretaria de las comisiones de legislación general y tercera edad
algunos grupos minoritarios como los cristianos nestorianos y los judíos resultaron peor parados
es hija de jairo tobón y gina yepes
tiene un hermano cuatro años mayor
es descrita como una planta simple o agrupada
nos forzó a cuestionar todo lo que habíamos aprendido acerca del diseño
maya herrera y sylar se encuentran en un picnic en un parque
maría está enterrada en la capilla de los orleans en dreux
desde el principio hay disponibles tres niveles de dificultad
el campanario de la iglesia con su enorme nido de zopilotes
don ignacio fue figura destacada en los debates de la convención
las flores cuelgan hacia abajo
tiene grandes hojas y generalmente son bellas al florecer
probablemente fue ella quien lo contagió de sífilis
ejerció la docencia en la enseñanza secundaria y en la universidad del trabajo
la sede de condado es decatur
no te preocupes
en pastizal tomillares rupestres soleados basófilos
guard recibió una mención honorable de su conducta en los partes oficiales
de supervivencia en cinco minutos venga
para irán la operación fue un desastre
sólo dos cosas han permanecido siempre arcanas para mí
blank y jones actúan en festivales principales en alemania países bajos polonia y rusia
estudió con el profesor raúl serrano
tal paz de espíritu acabó en el momento en que raistlin realizó la prueba
el filme consta de dos partes principales
allí permaneció hasta el fin de la guerra
maurice castle no tiene miedo de ser acusado de traidor a su patria
eduardo fue el poeta y escritor del grupo los jaivas
nunca volvió a ver a su madre
se encuentra en el afganistán y pakistán
a los dieciocho ya era capaz de producir y vender numerosas obras
fue la única mujer rusa de clase baja que recibió este reconocimiento
nombrado por la figura de andrómeda perteneciente a la mitología griega
esta ecuación establece la conservación de la carga
la madre abadesa sonrió benévola y después suspiró
esto se debió a descargas orgánicas de cerdo es decir excrementos de este animal
ivan locke es en apariencia un hombre tranquilo cuya vida transcurre sin demasiados sobresaltos
aunque no hay documentos ni investigaciones que prueben ninguna de las dos teorías
los nombres de origen mesopotámico siguen empleándose hasta el día de hoy
no se conoce el valor de n
ambos tienen el mismo nombre en este universo que en el de la alquimia
sí
otra se acerca con un paño para cubrirlo
jillette nació en greenfield massachusetts
nacida en alessandria italia su verdadero nombre era carla mignone
no te das cuenta pero te utiliza
come poco y cena más duerme en alto y vivirás
ellos mismos toman con los dedos los trozos
se casó con constance con quien tuvo un hijo r neil thorne
con alas o sin alas como vengan
es originaria de colombia
durante su reinado cadmo habría fundado las ciudades de budva y ohrid
el artista fue premiado con una bolsa de viaje por esta obra
es una ex cantante japonesa
desgraciadamente el número de paradas fue descendiendo hasta desaparecer
nació en la ciudad de durango
su cuerpo fue recuperado y enterrado por su unidad
varios locales en nueva york hacen referencia a la afirmación de butt
aizoaceae abreviado ill
además de su trabajo para la televisión ha presentado programas de radio
todas las canciones escritas por cavalera y newport excepto donde se indica
mientras tanto la hija se le casó con un ocasional
aparece con mucha mayor frecuencia en las personas mayores
se trata del mayor ataque islamista ocurrido en kenia
yo respondí de mal talante enderezándome en la silla
marruecos era una colonia francesa al comienzo de la segunda guerra mundial
a partir de ahí se formó futbolísticamente en las inferiores de la academia
esper dream
desde entonces ha aparecido en más de noventa filmes
tal armamento no bastó por lo que el duende logró derribar el helicarrier
el socialismo cristiano es una de las posturas más fuertes dentro de este grupo
es apophis que ha venido por su reina y su hijo
además de su carrera solista ha tenido una exitosa carrera como corista y colaboradora
