Su abuelo fue el bandoneonista argentino Adolfo Perez Pocholo.
Esta fue la tercera vez que había sido alcanzado por el fuego enemigo.
Vestíbulo Rivas-Urbanizaciones
Donde generalmente exponía sus ideas era al Ateneo católico-monárquico de Barcelona.
El ataque fue presenciado por numerosas personas.
Herbert era muy popular en la corte francesa y mostró una considerable habilidad diplomática.
La mitad de esos fondos piensa obtenerlos del Fondo Social Europeo.
yo permanecí silencioso, aun cuando estaba profundamente conmovido.
En la actualidad, la flor representa inocencia, simplicidad y primavera.
Brasil aplazó su primer tren bala.
Sin embargo, dicho proyecto se vio frustrado.
De este modo la provincia del Chaco quedó sin constitución.
Los proyectos y canales de irrigación fueron construidos por los nanda.
Este jugador pertenece al otro equipo.
Su matrimonio no está legalmente reconocido en Bulgaria.
A pesar de su notable contribución, la pieza está totalmente acreditada a Yoko Ono.
En ella el hampa se podía mover con cierta facilidad.
La iglesia se asemeja a la Catedral de Wawel fundada por Vladislao I Herman.
La mayoría de los participantes eran sindicalistas.
Pero Joan ha llegado a su límite.
Antes incluso de ponerlo en servicio ordinario estaba recibiendo mejoras importantes.
Fue construida por los alemanes durante la Segunda Guerra Mundial.
Él no tiene que estar a la defensiva, o preocupado por sus detractores.
Todos estos elementos se representan de color amarillo o dorado.
El ejemplo muestra que en el caso general no puede tratarse de una ecuación.
el pato ha defecado semillas vegetales.
En la siguiente temporada jugó algunos minutos más con el primer equipo.
Estos temas fueron editados por Tommy Gun Records.
Se edita en ambos idiomas: armenio y turco.
Dio exposiciones de guitarras en ediciones Ibanez Guitar Explosion.
Wilson aseguró que el dinero era para la campaña presidencial.
Llover sobre mojado mil veces ha pasado.
El final de su mandato coincidió con la sucesión real.
Hay depósitos de piedra caliza, dolomita, mármol y piedra de toque.
"Además, muchos cantantes populares iban a cantar una o dos canciones en ""Dinah!"
la Niña Chole se despertó sofocando un grito:
Además, Holstein escribió el episodio piloto y fue el showrunner.
"Fue conocido como ""el filósofo de la alegría""."
Hoy el lugar se llama Fortín Sgto.
La inflorescencia paniculada.
Su significado ha variado a lo largo de los años.
Para su desarrollo, el juego contó con el motor gráfico Dawn Engine.
Consolidación- Durante el último año todas las carreras trabajan juntas.
Vivió los primeros años de su infancia en Gerona.
Estudió Derecho en Münich.
En estos años de formación fue adquiriendo un marcado espíritu de investigación y rigor.
A mi profesora le importa demasiado la gramática y muy poco el contenido.
La selección ganadora fue Honduras, por tercera vez en la historia del evento.
"En tanto Shaw publicó su disco como solista ""Girls With Guns""."
Todo, salvo la muerte, parece ser pasajero.
El segundo diseño era tener el motor delante del piloto.
Su nombre deriva del de uno de los regimientos del Sich.
¿ está enamorado de ti?
Gran estudioso de la Torá, escribió un comentario sobre el Antiguo Testamento en hebreo.
¿ Oh, qué es eso? ¿ qué es eso ? ¡ cáspita! ¡ un perrito !
El show dura aproximadamente una hora y diez minutos.
Lo sucedido durante la competición es lo que se relata principalmente.
No obstante, Orjuela fue conductor del show humorístico más importante de Colombia: Sábados Felices.
Quedaron excluidas de la operación las centrales de carbón.
El parque destaca por su pinar de Aleppo y su maquia o un anfiteatro.
Tras sus primeras incursiones, las tribus nómadas normalmente se asentaban perdiendo agresividad.
Inmediatamente se presentó en París a Don Carlos.
La iglesia parroquial fue, en sus orígenes, una construcción modesta.
Fue miembro electo de la Academia Prusiana de las Ciencias
Una serie de conferencias en San Jorge de Southwark, contribuyeron a calmar la tormenta.
"Su nombre de advocación era ""San Justo""."
Repitió esto en varias ocasiones, aunque siendo relegado en la sumatoria por su compañero.
Sólo se completó una única unidad.
Arranca el ventilador.
Muchos de ellos incluso participaron como combatientes en dichas guerras.
Fue regidor y alcalde de su comuna natal, además de desempeñarse como diputado.
Este lanzamiento se concentra en el material que el grupo editó con Elektra Records.
Su hábitat natural está en las sabanas secas y pastizales.
Guardia Civil del Perú
Sus partes inferiores son blanquecinas con tonos rojizos en los flancos.
Hay taxis disponibles fuera del aeropuerto.
Hans P. Linder
Finalmente, durante el funeral de Denny, Tom descubre un insecto saliendo de su cuerpo.
"Abundan los triángulos amorosos, las traiciones entre ""amigos"", el sarcasmo y la sátira."
Todos los temas fueron compuestos por Hugo Fattoruso y Osvaldo Fattoruso.
Se sabe poco sobre este autor.
La parte al mar dispone de un muro en talud en forma de herradura.
Este camino se encuentra en los departamentos Biedma y Rawson.
Durante su segunda batalla con Superman, creó todo un edificio lleno de ilusiones.
Cuatro de sus hermanos menores y cuatro hermanas alcanzaron la edad adulta.
La ciudad es un centro para las granjas de la región.
"Algunos ejemplos incluían ""When the Tigers Broke Free"" y ""Bring the Boys Back Home""."
La Iglesia católica la venera como beata.
y que el indio lo evitó jugándome la luz con destreza de salvaje.
Es similar al patrón de difracción obtenido por microscopía electrónica de transmisión.
Su mentor, Cuidador, revelaría más tarde que eran, de hecho, hermanos.
Necesitamos vacaciones.
Su límite al oeste es la Av.
De la Edad de Hierro proviene el castro del Cueto del Agua.
En tal caso, se envía únicamente la información del movimiento.
Morones, nuevamente, le ofreció la postulación presidencial, la que Obregón aceptó.
"Su verdadero nombre era James Keith O'Neill, y nació en Londres, Inglaterra."
pero yo no tengo a nadie ;
Ajo, cebolla y limón y déjate de inyección.
La película obtuvo críticas positivas, especialmente entre los críticos del cine europeo.
Esta vía de comunicación ha acompañado a la compañía durante toda su trayectoria.
Durante la contienda carlista participó activamente, ascendiendo a Mariscal de Campo.
Los capítulos florales son amarillos, grandes y terminales.
¡ por favor! ¡ escuchen !
Sus aplicaciones se encuentran principalmente en teoría de fluidos.
ninguno de nosotros vale ya nada para ellos.
Estudió derecho e se incorporó como letrado en la Diputación Foral guipuzcoana.
Tiene caja de cambios manual de cinco y seis velocidades o automática de cinco.
En febrero debutó por primera vez en la Copa Davis contra Rumania.
La canción fue escrita enteramente por el vocalista Chris Cornell.
Entonces, el mismo Ibáñez designó una Cámara de Diputados y un Senado.
Tenía capacidad para treinta o cuarenta prisioneros.
Fue designada N°.
Delegación de Policía.
Con la ciencia el hombre puede alcanzar el estado máximo de felicidad.
Para el tiempo, era considerado el título paulista más importante de la historia.
El instituto llegó a Lituania por encargo de los mismo fundadores.
Es sede del condado de Northampton.
Se casó y se fue a vivir a Sao Paulo, donde tuvo seis hijos.
Marca que comercializa calzado y accesorios para el público infantil.
La vivienda todavía conserva la estructura original de cuando era habitada por ellos.
Tommy comienza a discutir, lo que le da a Chuckie un dolor de cabeza.
Estás un poco papanatas, pero me haces reír.
Cerró a los pocos años, quedando la pantalla de hormigón mucho tiempo en pie.
Actualmente es una estación de esquí.
La destrucción de áreas boscosas ha traído cambios en el microclima.
deshecho entre legajos de un pleito.
Se trataba de un ejercicio de diseño en el uso de material reciclado.
Y ese es, justamente, el tema de investigación actual de su equipo.
Los alienígenas visitantes se van rápido y dejan a uno de ellos.
Al huevo se le puede añadir perejil dándole un nuevo aspecto a la paella.
Juega como defensa central en el Millonarios Fútbol Club de Colombia.
Estudió en la Escuela de Bibliotecarias.
Ambos lograron hacer podios, pero fueron superados por Cavendish y Alessandro Petacchi.
El fuerte ha presenciado las batallas y conflictos ocurridos en el Período Colonial.
Es una de las gamas más vendidas del fabricante de automóviles Citroën.
Camille Claudel mostró vocación por la escultura desde una edad temprana.
La familia siempre tuvo en mente el regreso de la Moritz a Barcelona.
Asistió y se graduó de Warwick High School en Newport News.
De la misma manera, habría dos juegos adicionales si ocurriera una final nacional.
Jugaba como defensa y de mediocampista, su último equipo fue La Piedad.
Esta reducción se debe, principalmente, a las políticas de asistencia social.
Cantante de extraordinaria sensibilidad, estaba impregnada de un profundo sentimiento romántico.
El maorí como lengua hablada es particularmente importante cuando se utiliza la consulta comunitaria.
El cuidado paliativo generalmente ha sido reservado para quienes tienen una enfermedad terminal.
La mayoría vota SÍ a que ella reciba un disparo.
Proviene de una familia de trayectoria política con raíces polacas.
La feria de Villaseca es una celebración de Linares.
Crece de una gran red de gruesos rizomas.
manos del mar que se agarraban a la barca ,
Además, fue futbolista, árbitro y dirigente.
Ella está asociada a la vaca.
Luego, la abandonó para dedicarse a la literatura.
bienvenidos. muchas gracias .
El arco es sostenido por debajo de la mano.
La empresa depende directamente del Consejo de Estado de la República Popular China.
Si nos mantenemos unidos lo podemos hacer .
Sin embargo, su estadía en el repertorio fue por más de diez semanas.
¡ Eres un juguete infantil!
Las bóvedas son estrelladas en el primer tramo y simples en el resto.
Es el órgano de cierre de la jurisdicción Contencioso Administrativa.
Normalmente están asociadas con etapas de sueño profundo.
"Informaron que Zeidan estaba ""bien de salud"" y sería tratado ""como cualquier otro ciudadano""."
Fue gravemente herido por fragmentos de minas.
¿Puedo ir al servicio?
Problemas arrastrados a lo largo de más de un siglo de existencia.
Se trata de un visitante ocasional en Kenia.
"Este lugar es conocido como """"La Laguna""""."
La inmigración peruana se ha diseminado principalmente en las grandes ciudades argentinas.
"Olga Linares percibió que “se sacrificó un buen control estratigráfico por conveniencia""."
Se crían vacas, cerdos y aves de corral.
El principal motor económico del microdistrito es el turismo.
¡ Sal del auto! ¡ muévete !
Fuimos al Museo del Prado para ver la exposición.
Sin embargo, este último puede utilizar la plataforma central, si es necesario.
Raúl Silva Henríquez.
Es la primera contribución española publicada en revista de tal importancia.
dejaba caer la tenue sonrisa de su luz sobre la ruda y aulladora tribu .
"Está nombrado por la palabra latina para ""amistad""."
Sin embargo, no sabe que es la señora de Carmona.
El mal tiempo complicó la travesía, por lo que Zanni y Parodi decidieron regresar.
Sus últimos años los dedicó a su carrera solista.
gracias, Rober. te debo una .
Cola pardo oscura.
Me he de cambiar las gafas, ya no me clichés.
Su curso es sinuoso y a medio canal es profundo.
La gestación dura casi un año.
Nunca ha sido campeón de Liga y solo ha ganado títulos menores.
Muchas de las canciones del espectáculo fueron posteriormente grabadas por Scott Walker.
Es una hermosa cumbre glacial de moderada dificultad.
Muchos de estos primitivos veraneantes han fijado actualmente su residencia en La Ametlla.
Sí que hubo abundantes referencias al perdón y la reconciliación.
Su inicio como escritora se remonta a la adolescencia, cuando todavía cursaba estudios medios.
Sin embargo dejó la escuela para seguir su carrera en el arte.
El consejo municipal se compone del alcalde y de seis consejeros sin división territorial.
Además encontró que Salvatore Mancuso fue autor intelectual de esta masacre.
¡ estuve allí , he jugado y he perdido !
Es vocal de la entidad financiera La Caixa.
Presenta pseudobulbos estrechos, con una sola hoja aplanada horizontalmente en la base no imbricadas.
Muy bien, lo haré.
Está situado al sur del río de la Peña.
En la época en que le tocó vivir, el poeta.
Esta ruta es parte de Sistema de Autovías y Vías Expresas de California.
Establece relaciones con micorrizas para obtener más nutrientes y agua.
Desde pequeño demostró aptitudes para el arte.
Tan sólo existen dos unidades.
Los arroyuelos sirvieron para el abastecimiento con agua usable.
Incluso fue testigo de excepción de la Masacre de Nankín.
Tiene cuatro hermanos y tres hermanas.
Estudió composición, piano y dirección de orquesta en el Conservatorio de Música de Sídney.
Esperaron horas y horas y el tren nunca llegó.
Sin embargo, se decidió continuar con el experimento.
Más adelante fue discípulo de composición de Olivier Messiaen en París.
Sirve además a las ciudades de Birmingham, Rugby, Preston, Carlisle y Edimburgo entre otras.
Hay varios rasgos distintivos.
Fue un componente de la Selección de balonmano de Serbia.
piti , si te parece poco realista el disfraz de Estela ,
Anderson pone en duda la veracidad de estos hechos.
Recientemente inició su propio sello discográfico, Deluxe Records.
Entonces, tenemos que hacer algo.
La complejidad incluso puede ser transformada a lineal.
Este proceso es muy similar a la emisión estimulada.
Fue el pintor más influyente entre sus coetáneos, y su importancia todavía persiste.
Hayden se especializó en westerns y cine negro.
Esto permitió al conjunto realizar regularmente óperas barrocas, oratorios y otras obras vocales.
El que tenga tienda que la atienda, y si no que la venda.
puede que no le sirva de consuelo
Hay mucha violencia, tiroteos, golpes y una multitud manifestante.
Cada uno de ellos usaba la inicial de su consorte.
Entrevistan el pintor en la radio.
pero, la campaña del terror, no frenó
Are You In?
sin apartar los ojos de las olas que argenta la luna:
Otros trabajos experimentaron con la tercera dimensión y otros efectos.
Cumplió condena en la prisión de Monterroso, en Lugo.
El título se encuentra caducado en la actualidad, sin posibilidad de ser rehabilitado.
Libia tiene una embajada en Madrid, y España una en Trípoli.
Por su altura, el clima es frío-glacial.
Simular este sistema generalmente resulta en oscilaciones que se alejan de un equilibrio inestable.
Es originario de Canarias, Europa occidental, del Mediterráneo.
Lanzado por Motors en Francia.
El municipio en una sección municipal que es el pueblo de Santo Domingo.
El episodio muestra signos de ser uno de los primeros en ser producidos.
Tiene como capital la ciudad de Chuy.
Fue la sede durante muchos años de la Bolsa de Barcelona.
Era soltero.
Actualmente vive como refugiada en Australia.
Belo Corporation con el mismo nombre.
Pasado el periodo estipulado las elecciones volvieron a causar efervescencia.
Melitón Reyes Andrade y Dolores Larios Pastrana.
a ver, que no es malo divertirse solo.
La adaptación cinematográfica del mismo nombre fue protagonizada por Nicolas Cage.
Bendición de Campos.
Sus restos yacen en la cripta de los Obispos.
Debido a esta estancia, Landers habla ruso de forma fluida.
Fue Frau Schneider en el musical Cabaret en Berlín.
Los intentos de reforma militar fracasaron.
No posee flash.
En esta lista se muestran los jugadores con más goles anotados con la selección.
Electric Boat está el patrón del más gran parte de la población.
Schenck y sus tropas asolaron el pueblo varias veces, fueron rechazados.
Sur de Portugal y noroeste de Marruecos.
Es efectivamente absorbido por las algas, pero es excretado de manera deficiente.
Esta versión de Android soporta de forma nativa la realidad virtual.
La actriz se hizo famosa por sus intensas interpretaciones.
Sus principales responsabilidades consistían en apaciguar disputas o castigar los asesinatos por venganza.
En el Ministerio de Educación impulsó el examen de selectividad.
Es formada por la unión de catorce municipios agrupados en dos microrregiones.
Esa distracción permite a Ramsay matar a Luther en defensa propia.
¡ Oh, me creen temible aquí , pero yo no lo siento!
Al mortero de estas hiladas de ladrillos se le incrementa la dosificación de cemento.
Está en la plaza de Armas, en el centro de la ciudad.
La unidad, la prisión texana más antigua, tiene la cámara de ejecución del estado.
Sin embargo, no todo va bien, ya que Lane y la Sra.
La Iglesia pueblo de la escuela primaria de Inglaterra se llama St.Peters.
Siendo referente de las nuevas generaciones.
El plesiosaurio es mucho más grande y respira con pulmones.
Su nombre se debe a los numerosos lagos en el área.
Adiós, amigos míos. Voy a un lugar mejor .
Museo Nacional de Arte Moderno.
El Consejo de Jefes asesora al presidente sobre leyes y costumbres tradicionales.
me reconocieron desde lejos, y se alzaron saludándome con muestras de gran cortesía.
Antiguamente esta era la entrada original del golfo.
¡ mucho camino, señor!
Al año siguiente fue ascendido a teniente general.
La resaca del día siguiente fue enorme.
Dicho cerro forma una península en las aguas del pantano, muy próximas al edificio.
Los grupos con guía pagan una tarifa.
Los puntos donde se ejecuta el corte efectivo suelen denominarse puntos de aislamiento.
"Junto a Paloma Blanco graba el álbum ""Satin..."
Esto permite un importante aumento de ventas y un nuevo posicionamiento de la marca.
Su mandíbula inferior es de color gris claro casi blanco.
Guatemala reclama que dicho territorio es usurpado por Belice.
En ese equipo contó con dos futuros internacionales: Javi Martínez y Nacho Monreal.
Tras la ejecución se comprobó que nunca había tenido un hermano.
Asistió a la Universidad de Chicago, y se especializó en matemáticas y filosofía.
Esta capa es más conocida con el nombre de Middleware.
De esta manera analiza los comportamientos, causas, consecuencias con un enfoque metódico.
Antes de comenzar a actuar, Doris era una acróbata.
Además, fue Embajador argentino en Ecuador.
si no cargamos el desfibrilador, Palomares se muere.
Mercedes Cabanillas nació en el seno de una familia de larga tradición aprista.
Actualmente ninguno de los reactores del emplazamiento está funcionando.
Existe confusión respecto de si el barrio pertenece a Lules o Yerba Buena.
Alemania es el segundo socio comercial de Libia.
El principio de funcionamiento es simple.
Finalmente el Tyrant es destruido por un lanzacohetes que Brad arroja al jugador.
Las viviendas solían tener tres habitaciones.
Ojos que no ven, corazón que no siente.
Es renombrada por sus grandes flores carmesí en la primavera.
Se añaden al atractivo turístico interesantes vestigios arqueológicos.
Como personas las encontramos muy valiosas, pero no podían seguir siendo miembros de Helloween.
Al-Kamil aceptó un acuerdo de paz de ocho años con Europa.
De distribución extendida.
El traje nacional de las mujeres búlgaras Banat tiene dos variedades.
Presentó su obra en la Sociedad Sarmiento y luego en el teatro Odeón.
Bajo las órdenes de Mr.
Estaba emparentado con el arquitecto López Salaberry, al ser cuñado suyo.
"Bajo este concepto, se sitúa en el mismo nivel a escritores ""amateurs"" y profesionales""""."
Entre sus monumentos, destaca la iglesia parroquial.
Esta síntesis, tan operativa, ha sido muy utilizada.
por la resistencia.
Su hábitat natural son los bosques húmedos de tierras bajas tropicales o subtropicales.
Finalmente hiere a Hamlet.
Sin embargo, sus rivales japoneses Honda y Toyota dominaron los campeonatos restantes.
La banda incluso llegó a lanzar la canción como un sencillo.
"Metafóricamente, el proceso hijo ha muerto pero su ""alma"" aún no ha sido recogida."
El sistema Tierra-Luna es el caso mejor estudiado.
Los partidos se jugaron en Macao.
La construcción del templo de Medford duró poco menos de un año.
Las capillas laterales tienen dos retablos gemelos.
El terreno era peligroso e impracticable durante gran parte del año.
Destacó como trompetista de jazz.
El museo contiene elementos fascinantes, entre otros un escudo Dalek.
La más directa influencia proveniente de la psicología viene de la escuela Gestalt.
Duró menos que un caramelo en la puerta de un colegio
Se graduó en la Fayette County High School en Fayetteville, Georgia.
Durante su breve mandato, Cornelio Saavedra y Joaquín Campana se exiliaron.
El fenómeno, medido aguas arriba, puede haber tenido períodos de ocurrencia distintos -y menores-.
La sede del condado y mayor ciudad es San Andreas.
Fue uno de los creadores del lied alemán.
Mentor de James.
la fiera arrogancia con que llevó su mano al corazón, me hizo sonreír
Estudió administración turística y hotelera y actualmente trabaja para un hotel capitalino.
Es originaria de Brasil y Paraguay.
Las ideologías políticas vinculadas son el antiimperialismo y el pacifismo.
Reside en Miami, Estados Unidos y viaja a Venezuela varias veces al año.
Hay algunas escenas musicales.
Como último paso el agua se filtra y sale del sistema más limpio.
Sitio Oficial del Partido Justicialista
La cara y la garganta presentan barras y motas rufas y negras.
En consecuencia, con el tiempo y luego de extensos debates se decidió su traslado.
En sus primeros años fue sede de la distribuidora alternativa Gato Salvaje.
Programa de adquisición de una segunda lengua por inmersión parcial.
Hoy hay fiesta en el barrio
Eso es lo que se reporta año tras año.
"Es un remake de la película de Buster Keaton ""Seven Chances""."
Sin embargo, los asesores comían de pie y no podrían mirarlo a la cara.
Un antecedente puede evitar futuros robos.
A buen entendedor, pocas palabras bastan.
Fue opositor a la Revolución maderista.
Este plato se come especialmente los Domingo de Ramos.
Su reinado tampoco fue largo, pues fue depuesto y ejecutado por Marco Antonio.
Qué palo de película.
Jimena ha hecho parte de importantes eventos y festivales musicales a nivel mundial.
Para que un multiprocesador opere correctamente necesita un sistema operativo especialmente diseñado para ello.
"A cambio de esto recibe grandes sumas de dinero""."
Realizó intensas expediciones botánicas por la isla.
Le sobreviven sus dos hijos.
Castle es un ex-agente de la policía, cuya familia fue asesinada con una bomba.
Murió en Tokio, Japón.
Apariciones especiales
¡ sacad acá un candil ! ...
En caso de ser el mismo equipo, la disputarían los finalistas de la liga.
Su característica fundamental es que realiza el corte junto a un grupo tiol.
Ella recuerda su patria con nostalgia.
Tiene su sede en Atlanta.
Todas estas reacciones son más frecuentes con el uso prolongado del medicamento.
Sus restos puede confundirse con fósiles de plantas al observador casual.
La catedral de Pereira está consagrada a su advocación.
con las piernas temblonas.
En el mismo registro figura el templo hinduista como lugar de culto.
La cuarta etapa estaba divididas en dos sectores.
En esa oportunidad conoció al mítico guitarrista argentino Pappo.
Un vehículo con una transmisión manual se puede iniciar por empuje.
Estudio Filosofía y Letras en su Vitoria natal y Derecho en Zaragoza.
A pesar de todo, logró una destacada tercera plaza en la Liga.
Todos ellos se encuentran en el Macizo de Teno.
A mi amiga Sara, le acaban de robar la mochila.
Como las alas del misterioso ángel protegen el alma.
Todos los años durante mayo, se realiza el
Actualmente este palacio es propiedad del ayuntamiento y en parte está en manos privadas.
Su propósito es representar la proporción de las áreas con la máxima exactitud posible.
Lo que está en juego, Construyendo Nuevos Mundos.
quiero hablar con ellos. vale .
Es la decimocuarta ciudad más poblada del país.
Así fue como el nombre de la congregación pasó a todo el sector.
Los granos provienen de bolitas de nieve envueltas por una fina capa de hielo.
Fue muy reñida entre los clubes de Astillero y Castro.
Ingresó al servicio exterior de su nación.
Inflorescencia compacta, estrechamente ovada a estrechamente oblonga.
Estas medidas permiten comparar entre modelos distintos.
Juan Carlos Casariego se casó muy joven, y de esa unión nacieron tres hijos.
En Cartagena se comenzaron a constituir sociedades anónimas para la explotación de las minas.
Se formó como un enclave dentro del estado de Rajastán.
La comuna se extiende, principalmente, sobre la Cordillera de la Costa.
López Jordán debió huir al Brasil, con lo que finalizaba la primera guerra jordanista.
El aeropuerto puede manejar las operaciones de los aviones comerciales más grandes.
Nunca va al comienzo de la palabra y siempre sigue a vocal.
Tiene una forma irregular y una superficie de una hectárea, aproximadamente.
El sentido literal de la palabra es mal conocido.
Allí estábamos nosotros con dos ametralladoras.
Se convirtió en la primera mujer de Uruguay en conquistar un título mundial.
El nivel de necesidad de cierre cognitivo es una característica individual bastante estable.
Callo redondeado, poco marcado, glabro.
yo no soy el portero. nadie me pide permiso para entrar o salir .
Sólo quiero hablar contigo un minuto.
Con cuatro polinias.
Es originaria de África oriental.
¿ no va a contestar a su novia?
La primera parte era una túnica.
En el programa de entregas no se declaró una versión familiar.
En el interior, tanto la nave como el presbiterio están cubiertos con artesonado.
La montaña contiene un santuario que supuestamente marca su tumba.
Es el mejor puerto del área.
Mañana más, y mejor
En la cámara, fue secretaria de las comisiones de legislación general y tercera edad.
Algunos grupos minoritarios, como los cristianos nestorianos y los judíos resultaron peor parados.
Es hija de Jairo Tobón y Gina Yepes.
Tiene un hermano cuatro años mayor.
Es descrita como una planta simple o agrupada.
Nos forzó a cuestionar todo lo que habíamos aprendido acerca del diseño.
Maya Herrera y Sylar se encuentran en un picnic en un parque.
María está enterrada en la Capilla de los Orleans en Dreux.
Desde el principio hay disponibles tres niveles de dificultad.
el campanario de la iglesia, con su enorme nido de zopilotes
Don Ignacio fue figura destacada en los debates de la Convención.
Las flores cuelgan hacia abajo.
Tiene grandes hojas y generalmente son bellas al florecer.
Probablemente fue ella quien lo contagió de sífilis.
Ejerció la docencia en la Enseñanza Secundaria y en la Universidad del Trabajo.
La sede de condado es Decatur.
no te preocupes.
En pastizal-tomillares rupestres soleados basófilos.
Guard recibió una mención honorable de su conducta en los partes oficiales.
de supervivencia en cinco minutos. venga .
Para Irán la operación fue un desastre.
sólo dos cosas han permanecido siempre arcanas para mí:
Blank y Jones actúan en festivales principales en Alemania, Países Bajos, Polonia y Rusia.
Estudió con el profesor Raúl Serrano.
Tal paz de espíritu acabó en el momento en que Raistlin realizó la prueba.
El filme consta de dos partes principales.
Allí permaneció hasta el fin de la guerra.
Maurice Castle no tiene miedo de ser acusado de traidor a su patria.
Eduardo fue el poeta y escritor del grupo Los Jaivas.
Nunca volvió a ver a su madre.
Se encuentra en el Afganistán y Pakistán.
A los dieciocho ya era capaz de producir y vender numerosas obras.
Fue la única mujer rusa de clase baja que recibió este reconocimiento.
Nombrado por la figura de Andrómeda, perteneciente a la Mitología griega.
Esta ecuación establece la conservación de la carga.
la Madre Abadesa sonrió benévola, y después suspiró:
Esto se debió a descargas orgánicas de cerdo, es decir excrementos de este animal.
Ivan Locke es, en apariencia, un hombre tranquilo cuya vida transcurre sin demasiados sobresaltos.
Aunque no hay documentos ni investigaciones que prueben ninguna de las dos teorías.
Los nombres de origen mesopotámico siguen empleándose hasta el día de hoy.
"No se conoce el valor de ""n""."
Ambos tienen el mismo nombre en este universo que en el de la alquimia.
sí.
Otra se acerca con un paño para cubrirlo.
Jillette nació en Greenfield, Massachusetts.
Nacida en Alessandria, Italia, su verdadero nombre era Carla Mignone.
no te das cuenta pero te utiliza.
Come poco y cena más, duerme en alto y vivirás.
Ellos mismos toman con los dedos los trozos.
Se casó con Constance, con quien tuvo un hijo, R. Neil Thorne.
con alas o sin alas, como vengan.
Es originaria de Colombia.
Durante su reinado, Cadmo habría fundado las ciudades de Budva y Ohrid.
El artista fue premiado con una bolsa de viaje por esta obra.
Es una ex cantante japonesa.
Desgraciadamente el número de paradas fue descendiendo hasta desaparecer.
Nació en la ciudad de Durango.
Su cuerpo fue recuperado y enterrado por su unidad.
Varios locales en Nueva York hacen referencia a la afirmación de Butt.
Aizoaceae, abreviado Ill.
Además de su trabajo para la televisión, ha presentado programas de radio.
Todas las canciones escritas por Cavalera y Newport, excepto donde se indica.
Mientras tanto, la hija se le casó con un ocasional.
Aparece con mucha mayor frecuencia en las personas mayores.
Se trata del mayor ataque islamista ocurrido en Kenia.
yo respondí de mal talante, enderezándome en la silla:
Marruecos era una colonia francesa al comienzo de la segunda guerra mundial.
A partir de ahí se formó futbolísticamente en las inferiores de La Academia.
Esper Dream
Desde entonces, ha aparecido en más de noventa filmes.
Tal armamento no bastó por lo que el Duende logró derribar el Helicarrier.
El socialismo cristiano es una de las posturas más fuertes dentro de este grupo.
Es Apophis, que ha venido por su reina y su hijo.
Además de su carrera solista, ha tenido una exitosa carrera como corista y colaboradora.
