v ih sh uw ah l iy dh iy z ih p r aa k s ih m ey t ih w ah t iy w ih s f iy l iy n w ih th ih n ih m s eh l f
y uw s aa dh ah m aa w iy z t ih g eh dh er dh ow z y ih er z
b ah t s ah ch k ey s ih z w er ih n dh ah p ae s t ah n y uw sh uw l
dh ih m ih s k w ow w ih z r iy t r ae t ih d w ih th ih n ah p aa l ih jh iy
m ay k l k ah l er dh ih b eh d r uw m w aa l w ih th k r ey aa n s
hh eh l p g r ey t ih p ih k ih p eh k ih v p ih t ey t ow z
sh ey v iy n k r iy m ih z ih p aa p y uw l er ay t eh m aa n hh aa l ah w iy n
dh ey ow n ah b ih hh aw s ih n dh ah r er m ow k ah n t r iy s ay d
ih n w ey jh n ih g ow sh iy ey sh ih n s dh iy ih n d ih s t r iy b aa r g ih n z eh z ey y uw n ih w ih dh ih s ih ng g l y uw n y ih n
hh iy v aa n ow z r ow p s dh ih b ow s k ah m ah n s t ah k
m ih t ih r iy ih l s s er r ae m ih m aa t l ih ng k l ey r eh d w ay aa r b aa f
aa r t ih f ih sh l ih n t eh l ih jh ih n s ih z f er r iy l
dh ah s m aa l b oy p uh dh ah w er m ah n dh ah hh uh k
ah ch ow z ih n f y uw w l b iy k ah m jh eh n er l s
ow n l ih dh ih m ow s t ih k aa m p l ih sh aa r t ih s ah t ey n p aa p ih l eh er t iy
dh ih f ih sh b ih g ae n t ih l iy f r ae n t ih k l iy ah n dh ah s er f ah s ah v dh ih s m aa l ey k
n aa s ih p r aa z ih ng l iy dh ih s ah p r ow ch d ih d n aa w er k
w ah n th ih ng k hh ih th aa n ow b ah t iy n ow z ah b aw t ih y eh
ih n sh aa r eh n t ih b aa r ah n aa r b er l f r ey z s l ae sh t ih m b er
dh ah s aw n d ih v jh ih n ih f er z b y uw g l s k eh r dh eh ae n ah l ow p
hh aa w ey ih n f r iy w ey m iy n ih s ey m th ae ng
dh ah f aa p r ih v ih n ih dh ih m f r ah m er r aa v ih ng aa n t aa m
d ae f n iy s w ih t ih sh n iy d l p oy n t s k aa r f m ae ch t hh er s k er
iy v ih n ah s ih m p l v ah k ae b y ih l eh r iy k ah n t ey n t s ih m b l z
hh ah z b uh n d r iy w ah z b aw n d ih b ay s n ey r eh l f eh n s ah z ae n dh eh r w er g r ey z ih ng k ae t l
hh iy hh eh f aa l ih n t uw ih s aa f jh aa eh n aw dh ih jh aa w ah z g aa n ih n hh iy w uh s t r ae n d ih
ah th aa r er t iy s ey dh eh t ow l s t er z aa r ey p r ay m t aa r g ih
aa jh ih k s m ey d ih v p y uw t er er b y uw t ih f l
dh ah m aa r n ih ng d uw aa n dh ah s p ay t er w eh g l ih s eh n d ih n dh ah s ah n
ch iy s t aa k ih ng z r ah n dh ih f er s t ay m dh eh r w aa r n
d ow n d uw ch aa r l iy z d er t iy d ih sh ih z
k ae l s iy ih m ey s b ow n z n t iy th s t r aa ng
sh iy s eh sh aa r k s eh v n ow b ow n d z ih n t sh r ih m p s w ae m b ae k w er
m ih l p er d ah k sh ih n m ey b iy ih ng k r iy s b ay dh iy ae n t ay ih n t f eh t ih v p r aa p r iy z ah v dh ih s d r ah g
w ah hh iy w ih z ih n k ah s t ih d iy ih z w ay f d ih v aa r s t ih m
dh iy eh m l ah m d ah p ih k s dh iy ih k r aa p l ah s aa l ah g l ow
b ih l ih t eh er p er s n eh l aa r er k s p eh t ih t uw ow b ey g ah v er m eh n aa r t er s
ow n l ih l oy er z l ah v m ih y ih n ih r s
ih f k eh r l k ah m z t ah m aa r ah hh ae v er r ey n jh f er m iy t iy ng ih t uw
hh ih z sh ow l d er f eh l t ih z ih f ih w er b r ow k ih n
ih n d iy ih t ih z p aa s ah b l t ih s eh p er ey iy l eh t r aa n p eh er m ae ng n eh t ih f r ah m n uw k l iy er ih f eh s
l ay t ih w ih n d ow z g l ow jh uw l b r ay th r uw dh ih d aw n p aa r
s ae l v ey sh ih n r iy k ih n s ih t er d
dh ih k l ah m z iy k ah s t ih m er s p ih l s ah m ih s p ih n s ih v p er f y uw m
dh ah v y uw p oy n ow v er l uh dh iy ow sh ih n
p l iy z d ih m aa m p ih t ey t ah z ah b ah f aa r f r aa s t
ay d r ay dh ih s ah b w ey b ih t ay hh ae v ih n iy n ah f ch ey n jh
g r ae m ah dh er aw g r uw hh er ah b r ih ng ih n ih m p eh t iy k ow s
l ae r ih t er iy ae s t r ah f ih z ih k s
p r ih t iy s uw n ah w uh m ih n k ey m ah l aa ng k ih r ih n ih f ow l d ih t ah m b r ah l ih z ah w aa k ih ng s t ih k
ih v dh ah f aa r m ih z r eh n t ih dh ah r eh n m ah s b iy p ey d
d ih s eh m b er ng jh y ae n y uw er ih n ay s m ah n th s t ih s p eh n ih n m ay ae m iy
hh aw g uh t ih z y er ih n d er ih n s
ih f p iy p l w er m aa r jh eh n er ih s dh eh r b iy n ow n iy d f er w eh l f eh r
b aa r b er n p ey p er n l iy v z ih n ah b ih b aa n f ay er
b ae s k ih b aa l k ih n b iy ih n eh n t er ch ey n ih ng s p aa r
ah k eh r ih jh k r ah n ch b ay ih s d ih m l ay t s f ih l t r ih ng th uw dh ih g l uw m
dh ey m ey k ah s k n f aa r m ih s l uh g uh
w iy ow w ih z th aa w ih w uh d ay w ih th aa r b uw t s aa n
hh uw aa th er ay z dh iy ih n l ih m ih t ih t ih k s p eh n s ih k aw n
t uw f er dh er hh ih z p r ih s t iy jh hh iy k ey sh n l ih r iy z dh ah w aa l s t r iy jh er n ah l
l aa r iy z k aa s t uw m n iy t ih b l ae g l ah z ih b iy k ah m p l iy l iy eh l ih g eh n
w ay y eh l er w er iy ow v er s ih l iy ay t ih m z
g eh s dh ih k w eh sh ah n f r ah m dh iy ae n s er
b r aw n ay z ay b r aw m ah s t ae sh
r eh k t er w ih z aa f ih n k y er iy ih s aa f ih n t eh m t ih t ae s k w eh s ch ih n z b ih t iy n eh v er d ih
f y uw r er ah l eh r iy ih z er p er t eh t ih b ay z ow n ih ng
t r ih d ih sh ih n r er k w aa er z f er eh n l ah p r uw v l f r ah ah n d er ey jh m ae r ih jh
ih t s hh eh l th y er d ih k uh k w ih th aw sh uh er
dh ih k r eh n b er iy b aa g ih t s v er r iy p r ih t iy eh n aa t ah m
l ae f d ae n t s n s ih ng ih f aa r ch ih n s m ay l z ah p aa n y uw
m aa m s t r ah ng l iy d ih s l ay k s ae p ah t ay z er s
m eh r ih k ih n uw s p ey p er r ih v y uw er z l ay t ih k aa l hh ih z p l ey s n iy ih l ih s t ah
dh ah p r aa s p eh t ih v k ah t ih ng b ae k s eh n ih ng ih z n ah n p l eh z ih n w ah n f er eh n iy g ah v er n er
b ih dh ih sh ih p s er v er ih s l ow n aw eh n w iy d ow n g eh s ow m eh n iy s ey l er z ih n ih m aa r
hh iy s t ow l ah d ay m f r ah m ah b eh g er
b ah f aa r th er z d ey z ih g z ae m r ih v y uw eh v r ih f aa r m y ih l ah
dh ey ih n jh oy ih w eh n ay aa d ih sh ih n
jh eh f th aa y uw aa r uw t ih n f ey v er ih v ih s eh n t er f uw jh p er ch ih s
jh aa n k l iy n z sh eh l f ih sh f er ah l ih v ih ng
hh iy hh eh z n eh v er hh ih m s eh l f d ah n ey hh ih ng f ow w ih ch t ah b iy hh ey t ih w ih ch ih v ah s hh ae z
b iy ih k s ay t ih d ih n d ow n ah d eh n ah f ay er s eh l f
s ah m t ay m s iy k ow ah n s ay t ah w ah th m ay f aa dh ih z b iy ng eh t hh ow m
dh ah b ah ng g l ow w ah z p l ah z n l ih s ih ch ah w ih t ih n ih dh ih sh aa r
aa r y ih l uh k iy n f r ow m p l oy m ih t
ey b iy g ow ay t ah l iy ae m b l th uw dh ih f aa r m y aa r d
iy t iy ng s p ih n eh ch n ay l iy ih ng k r iy s ih s t r eh n th m er ae k y ah l ih s l iy
ae t w aa l ay t ah m ah t w eh l th d ey w l hh ae v sh ah b l iy
m iy t s dh er r ey t iy ey sh n p r aa s eh s ih ng ah v m iy t hh eh z r iy s iy v d ih k s t eh n s ih v ih n v eh s t ih g ey sh ih n
hh iy w uh n aa k eh r iy ih b r iy f k ey s
b ay dh ae t w ah n f iy l z ae m ae n eh t ih f aa r s ah z aa er z jh eh n r l ae z ih l eh t er k l f aa r s ih s
aa r y er g r ey z hh ay er er l ow er dh eh n ae n s iy s
p r aa jh eh d ih v eh l m ah n w ah z p er s iy t ih ng t uw s l ow l iy
s er v z ih k ow l s l aa ae f sh er ay ae dh iy oy l
dh iy ow ey s ah s w ah z ah m er aa sh
dh eh n oy z p r aa l m g r ow z m aa r ah n oy ih ng iy ch d ey
w ih th ih n ah l aa r jh er s ow sh l s ih s t ah m aa r dh ih s t r ah k sh er l n f ah ng sh n l s ah s ih s t ah m s
eh n w ah t ay z dh ey w er
ih s ih s t r iy m l ay n r ay f l f ae s t n w ah l m ey d
dh ih k ae s m iy aw oy z hh er s m ay ih er z
k l ih f w ih s uw dh b ay dh ah l ih sh er r iy ih s m ih s aa sh
iy ch ah n t ay m l iy ih n k ah m l aa s k ow ah n s ay t ih w ih th ah b r ey d aw n ah v ih hh iy t iy ng s ih s t m p aa r
jh ey n m ey er n m aa r m ah n iy b ay w er k ih ng hh aa r d
y ah ng s t uw z l ah v k aa m ih n k ae n d iy z t r iy s
ch iy f ih n t er s t ih n r ey t iy uh s t eh er l ah z ey sh ih n r ih z ay z ih n dh ih m ih l ih t eh r ih s er v er s ih z
dh ey hh eh s l ae dh eh r th ay z
dh eh er f aa r s ih z ah m aa r l ey n dh eh n ih n l eh t r ih s ih d iy ae n l eh s dh ih n ih n m ae n ih t ih z m
d ih s t r oy eh v r iy f ay l r ah l ey t ih t ih m ay aa t ih s
ae l ah s ih z ih b ih l ah t iy t uw w er k w ih dh aw s uw p er v ih sh ih n ih z n ow w er dh iy
b aa p ey p er ow v ih dh ah l ih v ih ng r uw m ih r l z
w eh ah w er y uw w aa l w iy w er ah w ey
m ih d iy v l s ih s ay ih t iy w ih z b ey s t aa n hh ay er aa r k iy s
hh iy t r eh m b l l eh s t hh ih z p iy sh ih f ey l
n ow dh ah m ae n w ah z n aa d r ah ng k hh iy w ah n d er d hh aw iy g aa t ay t ah w ih th ih s t r ey n jh er
hh ih z w er b iy g ae n jh ih s ih k s d ey z ae f t ah dh ah f l ah
d ih jh uw b ay ih n iy k aa r t er oy ow v er aa l s
s t iy v w aa r ah b r ay r eh k ae sh m er s w eh t er
dh ih g ah n m ih n k eh t ih z v ih t ih m k aa n er eh g ah n p oy n f er th r iy aw er z
sh iy ih z th ih n er dh ih n ay ae m
ih g w aa n eh z eh n ae l ih g ey t er z er t r aa p ah k l r eh t ay l z
m aa ow n ih k s p ih er n s ih z f aa l ow s ih m p l er l aa n z
sh iy w ah z r eh t iy f aa r hh er g r ey t ih v eh n ch er z ah n dh iy er r aa v l ah v er m ow l p aa r n er
dh ih s w iy k ih n s ih m p ih th eh t ih k l iy ah n d ah s t ae n d
p iy s er iy er z er k n v iy n y ih f aa r k w ih k l ah n ch
p uh dh ah b uh ch er b l aa t ey b l ih n dh ih g er r aa jh
d r aa f ay f aa m z n dh ah b aa k s b ah f aa y uw g ow aw hh
hh ah w aa r d r ow k n s ih s s ah v ow n l iy s k er s ah n b l aw z ih z
eh l er l iy p iy p l er aa f ih n ih k s k l uw t ih d
s ah m ih dh iy s p eh k ih l ey sh n z m ey eh v s ah m eh r ih ah dh er z er s ah m w ah t ah m b ih g y uw ah s
sh uh sh iy w ey k ih m
d uw ah v oy p ah ng sh er iy n er k ah t iy n ih n t ih m iy s t eh s dh ah m
k aa l ah n ae m b uw l ih n s f er m eh t ih k l ah s ih s t n t s
s w iy ng y er aa r m ih z hh ay ih z ih k ae ih n
w ay b ay oy l w ah n y ih aa w ih sh uw z m ay n
p l ae n d p eh er n t hh uh ah aa r g ih n ih z ey sh ih n s p m ow b er th k n t r ow l
ah b aa r iy n aa v l ih z ih s ah p er s l iy p iy n p ih l
f l ay s w aa r m ih r aw n dh ih b ow l ah v l eh n t l z ih n w ih ch hh iy m aa th ih b l ae b r eh d
dh ah p ah l s ih ng g l ow ah v ah s ih er r eh t
dh eh r p r aa p s w er t uw s t eh p l ae t er z ah ch eh er ae n ah p aa m f ae n
s p eh sh l t ae s f aa r s ih z r eh s k y uw hh aa s t ih jh ih z f r ah m k ih n ae p er z
w uh l r aa b ih n w eh er ey y eh l ow l ih l iy
s t r aa hh ae s er aw t ah f ae sh ih n dh ih s y ih er
dh ih t uw th f er iy f ah g aa t ah k ah m w ih n r aa jh er z t uw th f eh l aw t
dh eh d ay ih g r ae m ey k s eh n s ow n l iy ae f t er m ah sh t ah t iy
hh ih aa w iy s iy m t eh hh ae v m ah n iy ih hh hh ih n hh ih z p aa k ah
n ow r iy t er n ae d r eh s w ah s ow w eh v er
ae s ah ch ih w ah z b iy aa m p aa l ah t ih s ah n hh ae n ow n iy t ah jh ah s ih v ah k ey sh n b ay ey m eh s ih jh
ae r ih k ah l ch er l p r aa t ah s aa r ah n iy v l iy d ih sh r ih v ih t ih
eh l aw l iy w ey hh ih er b ah r ae sh n ah l ay z aa l er er z
dh eh n eh r ih s ah n ah g aa g m ey n aa b ih w uh th ih m w aa k ih ng d ih s t ih n s
g r eh b ay z f r eh sh m ih l k iy ch w iy d ey m aa r n ih ng
k ae t ah s t r aa f ih k eh k ah n aa m ih k ah b ae s n ih g l eh dh ah p aa r
ey f iy l g ah n z w er k ae ch er t ih n p ah z ih sh n
hh iy r ah d ih z ay s l iy p l iy w ih th w ah n hh y uw jh p aa
ah s eh k ih n t w ih ch t hh ih sh er s l iy v ih n iy f eh l t ah b r iy f b er n ah n ah z ah p er aa r m
sh iy s l ih t n s p r ey n d er ae ng k l aa n ah s t iy s l ow p
ah l uw m ah n ih m s ih l v ah w er k ih n aa f n b iy f l ih m z iy
y ah ng ch ih l er n sh uh t ah v oy d ih k s p ow sh er t ah k ih n t ey jh ah s d ih z iy z ih z
w eh dh er p r uw f g l aa sh ih z er v er iy y uw s f l n s iy ae t l
p ae m g ih v z d r ay v ih ng l eh s n z aa n th er z d ey z
y ih t ow n iy t ah n ah f hh ah n iy
hh iy g ey v ey sh aa r hh aa r d l ae f ih n l uh t ih hh er n ow iy ng l iy
ih n k r iy s iy ng t eh m p ow ah v n uw p r aa t ih d ih v eh l ah m ih n
k ah m b ay n aa l dh iy ih ng g r iy t iy ih n s ih n ah l aa r jh b ow l
r aa b s ae b ay dh ah p aa n d ih ih n s k eh ch dh ah s t r ey g iy s
b ey dh ae g aa r d f er w ah n g ae l ah n ah v g ae s
ay d r eh dh ah n aa b ay dh iy sh uw z dh ih n b iy ow v er ch aa r jh d
hh er r ay hh ae n d ey k s w ih n eh v er dh ah b eh r ih m eh t er p r eh sh er ch ey n jh ih z
w ih m ey s ey dh eh hh ih z p r aa l ah m w ah z d ay n ow s t b ah dh ae t hh iy r uw f uw z t r iy m ih n
w iy k ih ng g eh t ih ih f w ih d ih ih g hh iy s eh p ey sh n t l iy
d uw w ih th aw f ae n s iy t ey b l k l aa dh s
dh ah b eh s t w ey t ah l er n ih z t ih s aa l v eh k s t er p r aa b l ah m s
sh iy w aa r w aa r m f l iy s iy w uh l ah n ow f er aa l z
r aw f k ah n t r ow dh ih s t aa p w aa ch f er m dh ah b l iy ch er s
dh ih s b r ow sh er ih s p ah t ih k l ih n f ow m t ih f er p er s p ah t ih v b ay er
w ay ch aa r jh m ah n iy f er s ah ch g aa r b ih jh
hh aw eh v ah dh ah l ih t er r iy m ey n d aa m eh n t ih b ay s eh v r l d ah z ih n l ah n ch r uw m s ah p er z
b uh k s ah f ah sh n uh k s
t uh m eh n iy eh k s p er t s dh ih s t r eh n w ah z ih n eh v ah t ah b l
ey m ah s k ih l ah ae d ah m eh n ih z g uh f aa y ih b ae k
dh ih k aa z w ey ih n d ih d ah b r ah p l iy eh dh ah sh aa r
dh ow z m y uw z ih sh ih n z hh aa m ah n ay z m aa v l l ah s l ih
p l iy z t ey dh ih s d er t iy t ey b uh k l aa th t ih dh ih k l iy n ih z f ah m ey
dh ih k aa p ih k l iy n er z sh ae m p uw d aa r aa r iy eh n t l r ah g
b ah t ih n ih s w ah n s eh sh n w iy w eh l k ah m d ah aa t ih t er z
l aa t ah v p iy p l w l r ow m dh ih s t r iy s ih n k aa s t uw m z ih n m ae s s ih n hh ae v ih ng ah b aa l
ah f uw y ih er z l ey t er dh ih d ow m f eh l ih n
k ih n er g ah r n ch ih l d er n d eh k er r ey dh er k l ae s r uw m z f er aa l hh aa l ah d ey z
hh iy w l ah l aw er r eh r l ay
w ih d r aa aa l f ow n iy ae k y ih z ey sh ih n z ih w ah n s
k aa r iy ih n t r ih sh p l ey t ae w ih b iy ch b aa l z f er aw er z
r ay n aw m ey n aa b iy dh ih b eh s t ay m f er b ih z n ih s m er jh er z
