b r ih k s aa r er n aa l t er n ih t ih v
f ae sh ow d ih n l uw s r ow l z b ih n iy th ih sh er
ih s ah f er z f r ah m ah l ae k ih v y uw n ih t iy ah v p er p ih s eh n r ih s p eh t f er hh er r ow ih k l iy dx er sh ih p
sh iy s l ih t eh n s p r ey n hh er ae ng k l aa n dh ih s t iy p s l ow p
eh l uw m ih n ah m s ih l v uw w eh er k eh n aa f ih n b iy f l ih m z iy
y ah ng ch ih l d r ih n sh uh dx ah v oy d ih k s p ow sh er t ih k ih n t ey jh ih s d ih z iy z ih z
w eh dh er p r uw f g ah l aa sh ih z er v er r iy y uw s f ah l ih n s iy ae dx l
p ae m g ih v s d r ay v iy ng l eh s n z aa n th er z d ey z
hh ih z k ae t ih n w ah s th ih n ae n hh ae g er d ih n ih z b y uw dx uw f l b uw t s w er w aa r n ih n sh ae b iy
dh ih r iy z ah n z f er dh ih s d ay v s iy m d f uw l ih sh n aw
p er d ah k sh ih n m ey f aa l f aa r b ah l ow ah k s p ih t ey sh n s
p iy s er r iy ih z aa r k ih n v iy n y ih n f er ih k w ih k l ah n ch
p uh dh ah b uh ch er b l aa t ey b l ah n dh ih g er aa sh
d r aa f ay v f aa r m z ah n dh ah b aa k s b ah f aa r y ih g ow aw
hh er w aa r d r ow k n s ih s ah v ow n l iy s k er t s ah n b l aw s ih s
eh l d er l iy p iy p l er aa f ih n ih k s k l uw d ih d
ih n w ah w ey z dh eh n d ih dh ih p ey sh ih n s ay k ih k l b l ay n ih s m ae n ah f eh s t ih s eh l f
ih w uh b iy ih k l aa s l sh ey m d ih th r ow w ey ih s t aa r iy l ay dh ih s
l eh dx aa l p r aa jh eh k s d r ay s l ow l iy f er s eh v r l d ey z
dh ih s aw n d uh v jh ih n ih f er z b y uw g l s k eh er dh ah ae n l ow
hh ay w ey ih n f r iy w ey m iy n dh ih s ey m th ih ng
dh ih f aa p er v ih n ih dh eh m f r m er r ay v ih ng aa n t ay m
d ae f n iy s w iy dx ih sh n iy dx l p oy n s k aa r f m ae ch jh er s k er t
iy v ih n ih s ih m p l v ih k ae b y l eh r iy k ih n t ey n s ih m b l z
ah r ih jh n ah l iy dh ih m ey n t ay p sh y uw z t w er v eh r iy ih s k ah m p ah z ih sh ih n z ah v p aa l iy eh s t er z
w ah dx ah b aw dx ih t iy r uw m dh eh n
s eh v l f er m z er m er ch ih n d ay z ih ng eh n z ay m p r eh p er ey sh ih n th r uw f iy m ae n y ih f ae k sh er ih z
hh iy s t ow l ah d ay m f r ah m ah b ey g er
b iy f aa r th er z d ih z ih z ae m r iy v y uw eh v r iy f aa r m y ih l ah
dh ey ih n jh oy ih w ih n ay aa d ih sh ih n
jh eh f th aa y uw aa r g y uw d ih n f ey v er ah v ih s ih n t er f y uw jh p er ch ih s
jh aa n k l iy n z sh eh l f ih sh f aa r ah l ih v ih ng
hh ah s k iy y ah ng m ae n hh iy s eh w ih dh m aa d ih s t ey s t
aa hh aa hh iy th aa ey l ah sh d ih v aa r s iy ae l ae s t
dh ah s t eh n ih k l ah f ih sh ih n s iy ih z ah ch iy v ae dh iy ih k s p eh n t s ah v ae ch uw ah l ih k s p ih r iy ih n t s
aa jh ih s m ey dx ah v p y uw dx er r er b y uw dx ah f uh l
dh ih m aa n iy ng d uw ah n dh uh s p ay dx ih w eh g l ih s ih n d ah ih n dh ah s ah n
ch iy s t aa k iy ng z r ah n dh ah f er s t ay m dh eh r w aa ah n
d ow n d uw ch ae l iy z d er dx iy d ih sh ih z
k ae l s iy ih m ey s b ow n z ih n t iy th s t r aa ng
p ow ah s m aa r ow v er d w eh l aa n hh y uw m ah n p ae sh n z
ih w ah z n aa dx ih z ae k l ih p ae n ih k dh ey g ey v w ey t uw b ah dh ey k ih n aa jh ih s ih dh eh er
hh w iy k eh n d ay t uw w iy k n d ay l ay k r ih l p iy p l
dh ih k l ah m z iy k ah s m er s p ih l s ah m ih k s p eh n s ih v p er f y uw m
dh ih v y uw p oy n t ow v er l uh k dh iy ow sh ih n
p l iy z d ih m ay p ah t ey dx ow z ah b iy f aa r f r aa s t
ay d r ay dh ih s ah b w ey b ah dx ay hh ae v ah n t ih n ah f ch ey n jh
g r ae n m ah dh er aw g r uw hh er ah b r iy ng iy ng ih n p eh dx ih k ow t s
l ih v ih ng ih n ih sh eh l t uh dh uh r ey dx iy ow ae t ih v ih dx iy ah v f aa l aw d ih k ey z r ae p ih l iy ae f er s t
ah b aw d aa n hh iy g aa dx ah t ih b l ow
sh uh l iy dh ih s ih z ih r iy ae l ih dx iy w iy aa l ih n aa l ih jh
ey m ah s k y ih l ah ae d ih m ih n ih z g uh d f er y er b ae k
dh ih k aa z w ey eh n d ih d ih b r ah p l iy ae dh ih sh ow ah
dh ow z m uw z ih sh ih n z hh aa m ih n ay z m aa v ah l ih s l iy
p l iy z t ey dh ih s d er dx iy t ey b ah k l aa t ih dh ih k l iy n ih z f er m iy
dh ih k aa p ih k l iy n ih sh ae m p uw dx aa aa r iy eh n ah l r ah g
dh ah th iy m hh m ey b iy dh ah f aa r m ey sh ah n ah v ey sh ey f er m w ih ch ah dh ih sh ey p s iy v aa v
hh iy s ow k s uw dh ih ng l iy
hh iy er z hh w er l ah k w uh n aa r m ah l iy s t eh p ih ih n
dh ih k ae s m iy y aw aa l w iy z hh er s m ay iy er z
k l ih f w ah s uw dh b ay dh ah l ah g sh uw r ih ih s m ah s aa jh
iy ch ah n t ay m l iy ih n k ah m l aa s k ow ih n s ay dx ih w ih th ah b r ey d aw n ah v ey hh iy dx ih ng s ih s t ih m p aa r t
jh ey m ey er n m aa ah m ah n iy b ay w er k ih n hh aa r d
y ah ng g s t er z l ah v k aa m ah n k ae n d iy eh z t r iy s
hh w ah sh eh l dh iy z ih f eh k s b iy hh
dh iy z p r ow r er m z ih m f ih s ay z dh iy ih k s eh t ih n s ah v b ay r ey sh l k l ae s r uw m z p iy s f l l iy
b ow n z ih n k aa r l ih jh t r ae n z m ih p aa r l iy ih n t eh n t uw r ih f l eh dh ah ah l t er s aa n ih k s ih n ah l z
d ih s t r oy eh v r iy f ay l r ih l ey dx ih t uw m ay aa d ih s
ae l s ih z ah b ih l ah t iy t ah w er k w ih th aw s uw p er v ih sh ih n ih z n ow w er dh iy
b aa p ey p er dx ow v ih dh ah l ih v iy n r uw m y uw r ah l z
hh w eh r w er y uw hh w aa l w iy w er ah w ey
m ih d iy v l s ah s ay ih dx iy w ah z b ey s t aa n hh ay er aa r k iy z
d ae n s ih z aa l t er n ey ah w ah th s ah ng er s p ow k ih n v er s ah z
m ay f aa dh er r ae n hh ih m aa f hh ih er s ih k s y ih er z ih g ow
hh iy r hh iy ih z k w ay p er s w ey s ih v l iy dh ih v eh r iy ih m b aa dx ih m ih ih v m iy n eh s n s l ay n ah s
dh ih k ae s m iy aw aa l w ey z hh er s m ay ih er z
k l ih f w ah s uw dh b ay dh ah l ah k sh er r iy ih s m ah s aa sh
iy ch ah n t ay m l iy ih ng k ah m l aa s k ow ih n s ay dx ih w ih th ih b r ey d aw n ih v ih hh iy t ih ng s ih s t ah m p aa r
jh ey n m ey er n m aa r m ah n iy b ay w er k ih ng hh aa r
y ah ng s t er z l ah v k aa m ih n k ae n d iy eh z t r iy t s
p r aa p er l iy y uw z d ih p r eh z ah n b uh k ih z ih n eh k s l ih n ih n s t er m ih n ah v eh n l aa n m ih n
p r eh z ah n l iy hh ih z w aa dx er b r ah dh er s eh b r eh th l ah s l iy
ih z dh ah m ah dh er ah v ih n aa t ih s t ih ch aa l d ih f aa l t
k ih n d er aa r n ch ih l d r ih n d eh k er ey dh eh r k l ae s r uw m z f er aa l hh aa l ah d ey s
hh iy w ih l ah l aw ah r eh r l aa
w ih th d r aa aa l f ow n iy ae k y ih z ey sh ih n z ih w ah n s
k aa r iy ih n t r ih sh p l ey t ae g w ih th b iy ch b aa l z f er aa er z
r ay n aw m ey n aa b iy dh ih b eh s t aa m f er b ih z n ih s m er jh er s
dh eh er aa s ow aa n ih s s iy k er z ae f t er t r uw th
s t ey m iy sh ih s eh n l eh m iy ae dh ow z d ay s
ih n k er ih jh eh m t ih eh s er s ay z dh eh r b eh n ih f ih s
d ih s eh m b er ih n jh ae n y uw er iy er n ay s m ah n th s t ih s p eh n d ih n m ay ae m iy
hh ah g uh sh er ih n d er ih n s
ih f p iy p l w er m aa r jh eh n er ah s dh eh r w uh b iy n ow n iy d f aa r w eh l f eh er
b aa r b er n p ey p er n l iy v z ih n ah b ih b aa n f ay er
b ae s k ah b aa l k m b iy n ih n er t ey n iy ng g s p aa r t
p hh ae p s ah w ah z r ay t p hh ae p s ih w ih z jh ah s t
hh iy p aa z d dh eh n ih ae dx ih d eh v r ih th ih ng aa n ah sh ih p ih z ah w eh p ah n
dh iy z ih n k l uw d l iy v z ih v ae s n s ah z ih l n ah s ih z eh n l ey aa f s
ae g er k l ch er l p r aa dx ah k s aa r ah n iy v ih n l iy d ih s t r ih b ih dx ih
ah l aw l iy w ey hh ih er b ah r ae sh n ah l ay z aa l eh er z
dh ih n ih er s ih n ih g aa g m ey n aa b iy w ih th ih n ah w aa k iy ng d ih s t n s
g r eh b ay z f r eh sh m ih l k iy ch w iy d ey m aa r n ih ng
k ae dx ah s t r aa f ih k eh k ah n aa m ih k ah b ae k s n ih g l eh dh ah p aa r
ah f l ey m w ih y uw z ah p eh er
eh v r iy m uw v m ih sh iy m ey s iy m d ah n eh s ih s eh r ah l iy n oy z iy
hh ih z hh ih s t r iy ih z hh ih z ah l ow n y eh dx iy ch m ae n m ah s r eh k ih n ay z hh ih z ow n hh ih s t r iy ih n ih
dh ih m ih s k w ow w ih z r iy t r ae t er d w ih th ae n ih p aa l ah jh iy
m ay k l k ah l er dh ih b eh d r uw m w aa l w ah th k r ey aa n z
hh eh l g r eh t ih p ih k ih p eh k ah v p ih t ey dx ow z
sh ey v ih ng k r iy m ih z ih p aa p y ih l er ay dx ih m aa n hh aa l ah w iy n
dh ey ow n ah b ih g hh aw s ih n dh ih r iy m ow k ah n t r iy s ay d
n aa r dh er n er z ah ih n d ah l jh ih n eh n ih k s t r iy m l iy d ey n jh er ih s l ah k sh er ih
g aa n ow b ih z n ih s ow v r ih hh ih er aa n ah s t ey k aw ih n iy w ey
m ay m ah dh er w ih z b ih s ay hh er s eh l f w ih th k y er iy aa s ih dx iy
hh ae er k ah l t r ah l p r aa dx ah k s aa r ah n iy v ih n l iy d ah s t r ih b y uw d ih
ah l aw l iy w ey hh ih er b ih r ae sh ah n ah l ay z aa l eh r er z
dh ih n ih r ih s ih n ih g aa m ey n aa b iy w ih dh ih n w aa k ih ng d ih s t ah n t s
g r eh b ay z f r eh sh m eh l k iy ch w ih k d ey m aa r n ih ng
k ae dx ah s t r aa f ih k eh k ih n aa m ih k ah b ae k s n ih g l eh dh ah p aa r
d ah s ah s ay ih dx iy r ih l iy ih g z ih s t ae z n eh n t ah t iy ow v er n ah b ah v dh iy ih g l aa m er ey sh ah n ah v m ae n
ey n ow t ah v aa k ey m ih n t uh hh ih z v oy s
s eh dx ah s ay t uw d r ay w ah th l ih dx aa n sh uh er b ow l
dh ih b ah ng g ah l ow w ah z p l eh z ah n l iy s ih ch uw ey dx ih n ih er dh ah sh aa r
ah y uw l uh k iy ng f aa r m p l oy m ih n t
ah b ih g ow t ay d l iy ae m b l d th r uw dh ah f aa r m y aa r
iy t iy ng s p ih n ih ch n ay l iy ih ng k r iy s ih s t r ih ng th m aa r ae k y ih l ah s l iy
ih t w ay l ay ah n ah t w eh l f th d ey w ah l hh ae v sh ah b l iy
b r ih ng m iy dh ih f ay er k r ae k er z
dh ah s sh eh l t er sh ow n w uh p er v ay dx aa m ah s t eh s l uw f aa l aw p er t eh k sh ih n
hh iy l ih v d ih n b r iy dh f er dh ah m ay n ih ng k ah m p ih n iy
dh ih b eh s w ey dx l er n ih z t ih s aa l v eh k s t er p r aa b l ah m s
sh iy w ow w aa r m f l iy s iy w uh l ah n ow v er aa l s
r ae l f k ih n t r ow l dh ah s t aa w aa ch f m dh ah b l iy ch er s
dh ih s b r ow sh er ih z f ah t ih k y er l iy ih n f aa r m ah t ih v f er p er s p eh t ih v b ay er
w ay ch aa r jh m ah n iy f er s ih ch g aa r b ih jh
ih dx ih z aa ih n s p ay er ih ng
ae sh l iy dh ey s eh hh iy d ih s l iy b ah s ow sh aa r l iy ih n f ih f l iy dh ih hh iy f er g aa
ae r ay ih z ih k ae sh l s t ay l ah n ah k r ah sh t ah n l ay n w ay l eh dh er
k ah m b ay n aa l dh ih ng g r iy dx ih y ih n s ih n ah l aa r jh b ow l
r aa b s eh b ay dh ah p aa n ah n s k eh ch dh ih s t r ey g iy s
b ey dh ae g aa r f er w ah n g ae l ah n ah v g ae s
ay d r eh dh ah n aa b ay dh iy sh uw z dh ah n b iy ow v er ch aa r jh t
hh er r ay hh ae n ey k s w ah n eh v er dh ah b eh er m eh t er p r eh sh er ch ey n jh ih s
dh er r ah s l ih ng p r aa b l ah m w ah z b ay n ow m iy n s aa l v d
m ay d ae d ih dx ih n hh iy l ih v t uw ah g r ey dx ey jh
s ey l z m ah n sh ih p ih s t ih l n eh s ih s eh r iy b ah dx ih s ah d ih f er n b r ae n d ah v s ey l z m n sh ih
dh iy eh m b l ah m d ih p ih s iy ih k r aa p l ih s aa l ah g l ow
m ih l ih t eh r iy p er s n eh l aa er k s p eh t ih t uw ow b ey g ah v m ah n aa r dx er s
ow n l ih l oy er z l ah v m ih l y ih n eh er z
ih f k ae r ah l k ah m z t ih m aa r ow hh ae v er er r ey n jh f er m iy dx iy ng ih t uw
hh ih sh ow l d er f eh l t ae z ih f ih w er b r ow k ih n
w iy k ae n hh aw eh v er m ae k s ih m ay z ih s ih k s p eh t ih v ae l y uw
hh iy dh eh n aa f er hh ih z ow n eh s t ih m ih dx ah dh ah w eh dh er w ih ch w ih z ah n ih n th uw z iy ae s t ih
l eh s p er s ah n l s ey l z m ih n sh ih
ah m ah s k ih l er ae d ih m ih n ih z g uh d f er y er b ae k
dh ih k aa z w ey eh n d ih dx ih b r ah p l iy ih dh ih sh aa r
dh ow z m uw z ih sh ih n z hh aa r m ah n ay z m aa r v ah l ah s l iy
p l iy z t ey k dh ih s d er dx iy t ey b l k l aa th t ah dh ih k l iy n er sh f er m iy
dh ih k aa r p ih k l iy n er sh ae m p uw dx aa r aa r iy eh n l r ah
dh ey aa l s ow w ah n m ah n iy p r eh s t iy sh ih n s ih k y er t ah
ah g uh d m aa r ow t ih y uw m ay b oy
b r ih jh ih z t ah n l z ah n f eh r ih z er dh ah m ow s k aa m ah n m eh th ih z ah v r ih v er k r aa s ih ng z
eh g er k ah l ch er l p r aa dx ah s aa r ah n iy v ah n l iy d ih s t r ih b ih t ih
ah l aw l iy w ey hh ih er b ah r ae sh n l ay z aa l eh r er z
dh ah n ih r ih s ih n ih g aa m ey n aa b iy w ah th ih n w aa k ih ng d ih s t n s
g r eh b ay z f r eh sh m ih l k iy ch w iy d ey m aa r n ih ng
k eh dx ah s t r aa f ih k iy k ih n aa m ih k ah b ae k s n ih g l eh dh ah p uw r
ih w ih z ih k s p ow z t uw ah hh ay v ah l aa s ah dx iy g ae s jh eh
w ey dx ah l ih dx l w ay l
dh ih s ih z n ow s p eh t ey dx er t ay p ih s p ih r iy eh n t s eh v r ih w ah n ih z t ah b iy ah p ah t ih s p ih n
d ih s eh m b er ih n jh ae n y ih w er ih er n ay s m ah n t s t ah s p eh n ih n m ay ae m iy
hh aw g uh dx ih sh y er ih n d er ih n t s
f p iy p l w er m aa r jh eh n er ih s dh er b iy n ow n iy f er w eh l f eh r
b aa r b er n p ey p er n l iy v z ih n ah b ih b aa n f ay er
b ae s k ih b aa l k n b iy ih n ih n er t ey n ih ng s p aa r
y aa l sh uh dx ih v l eh m iy d uw ah t
m ay m ah dh er n eh v er w aa p s m iy
aa v iy ih s l iy dh ih b r ay dx l p eh er hh ae z m ih n iy eh jh ah s m ah n s t ih m ey t uw dh eh r n uw s ih ch uw ey sh n
sh iy s l ih t ih n s p r ey n hh er ae ng k l aa n dh ah s t iy p s l ow p
ah l uw m ah n ah m s ih l v er w eh er k eh n aa f ah n b iy f l ih m z iy
y ah ng ch ih l r eh n sh uh dx ih v oy dx ih k s p ow sh er t uw k ih n t ey jh uh s z ih z iy z ih z
w eh dh er p r uw f g ah l aa sh ih z er v er iy y uw s f l ih n s iy ae dx l
p ae m g ih v z d r ay v iy ng l eh s n z aa n th er z d iy z
f er w ah n s r ae dx ih k l ih z ah m w ah z er r eh k ih m ih n d ey sh n
s ah m b ah dx iy w ih th n ow v ay s ih z
hh ih s t aa r ih n z ih v hh ae t uw r iy z ih n z f aa r p r ih s ih s t iy n s ow l aa ng ih n eh r n v eh s t ih g ey sh ih n s
dh ah s aw n ah v jh eh n ih f er z b y uw g l s k eh r dh iy ae n t ah l ow
hh ay w ey ih n f r iy w ey m iy n dh ah s ey m th ih ng
dh ah f aa p er v r eh n ih dh eh m f r m er r ay v iy n aa n t ay m
d ae f n iy s w iy dx iy sh n iy dx ah l p oy n s k aa r f m ae ch t er s k er
iy v ih n ih s ih m p l v ow k ae uw l ah r iy k ih n t ey n s s ih m b l s
dh ih s ih z m ay hh ae n l eh jh er hh iy ih n f aa r m d hh ih m ih n ih n ah s aa r d w ey
y uw r ih n ah hh er iy w er n y uw
y eh dh ey th r ay v d aa n ih
hh uw aa th er ay z dh iy ah n l ih m ih dx ih d ih k s p eh n s ah k aw n
t uw f er dh er ih z p r eh s t iy jh hh ih k ey sh n l ih r iy d z dh ah w aa l s t r iy jh er n l
l aa r ih z k aa s t uw m n iy dx ih b l ae g l ah v z t ah b iy k m p l iy l iy eh l ih g ih n t
w ay y eh l er w er iy ow v er s ih l iy ay dx ah m z
g eh s th ih k w eh sh ch ih n f r ah m dh iy ae n s er
aa sh ah dx ah p hh iy s eh d
hh ah p r ah f eh sh ih n dh ah b r aa m iy ih z g uh dx ih n ih n k ih m ah z m ay n w ah z n t ih b iy s n iy z d ae t
ah l ay n iy ng aa l dh ah t iy th m ey t ey k ey y ih er aa r m aa r
aa r dx ih f ih sh ih l ih n t eh l ah jh ih n s ih z f er r iy l
dh ah s m aa l b oy p uh dh ah w er m aa n dh ah hh uh k
ah ch ow z ah n f y uw w l b ih k ah m jh eh n er l s
ow n l iy dh ih m ow s t ih k aa m p l ih sh t aa r dx ih s ah t ey n p aa p ih l eh er ih dx iy
dh ih f ih sh b iy g eh n t ah l iy p f r ae n eh k l iy aa n dh ih s er f ih s ih v dh ah s m aa l ey k
dh eh m n uw t uw dh ih k ah n t r iy w er ih f er t uw ih z p ih l r ah m z
ih t s ah f er m ae l ah dx iy y uh n ow
d ih s p l ey dx ih z l ae m p s dh ah p ah p ah s d ah l ay dh ah ch ih l d r ih n ae n d aa r d eh k r ih dx ih v ae s eh n
dh ah m ih s k w ow w ah z r iy t r ae t ih d w ah th eh n ah p aa l ah jh ih
m ay k l k ah l er dh ah b eh d r uw m w aa l w ah th k r ey aa n s
hh eh l g r eh t ah p ih k ih p eh k ah p ah t ey dx ow z
sh ey v ih ng k r iy m ih z ih p aa p y ih l er ay dx ih m aa n hh ae l ah w iy n
dh ey ow n ah b ih g hh aw s ih n dh ih r ih m ow k ah n t r ih s ay d
ah w aa r m b r iy z p l ey dx ih k r aa s t ih m uw v ih ng ih l ay k w ey v z
k l eh v er l ay s aa ng z w er ow v er l iy k oy t r ae jh ih s aa ng z ah l ih dx l t uw m eh l ih jh er m ae dx ih k
d uw n aa d r aa y aa r n t uw t ay t
k ih n er aa r n ch ih l d r ih n d eh k er ey dh er k l ae s r uw m z f er aa l hh aa l ih dx ey z
hh iy w l ah l aw ah r eh r l ay
w ih th d r aa aa l f ow n iy ae k uw z ey sh n z ih w ah n s
k aa r iy ih n t r ih sh p l ey t ae g w ih th b iy ch b aa l z f er aw er z
r ay n aw m ey n aa b iy dh ih b eh s t ay m f er b ih z n ih s m er jh er z
ih z ih b ih k ah z ah v m ay s l aa v ah n l ih n ih s dh ih hh eh r g r ow z ah n m ay f ey s
t ey k eh er v y ih s eh l f dh eh n
hh iy p iy r d ih hh eh d ih ng g r ae n d ih z ih r eh r ow t r ae k s k ih m ih n t ih v y uw ah g eh n b ah l ow
dh ih k ae t s m iy aw aa l w ih z hh er t s m ay ih r z
k l ih f w uh s uw dh b ay dh ah l ah sh er iy ih s m ah s aa sh
iy ch ah n t ay m l iy ih n k ah m l aa s k ow ih n s ay dx ih w ih th ah b r ey d aw n ah v ih hh iy dx iy ng s ih s t m p aa r t
jh ey n m ey er n m aa r m ah n iy b ay w er k ih ng hh aa r d
y ah ng s t er z l ah v k aa m ah n k ae n d iy ih z t r iy t s
f ih s s p ah m l d hh ih m ae z iy s t ae g er d f aa r er t
ah p s t eh er z b ih z ih f iy t sh aw er ih ng l ay k r ey n d r aa p s p ae dx er d er r aw n d hh er r uw m
k ih m p ah l s er iy r iy t ay er m eh n t eh t s ih k s t iy f ay v l uw m z aa n aa r hh er r ay z ih n
d ih s t r oy eh v r iy f ay l r ih l ey dx ih t ah m ay aa dx ih t s
ae l ah s ih z ah b ih l ih t iy t uw w er w ih th aw s uw p er v ih sh ih n ih z n ow t w er dh ih
b aa p ey p er d ow v ah dh ah l ih v ih ng r uw m y er l z
uw hh w eh r w er y uw hh w ay l w iy w er ah w ey
m iy dx iy ih v l s ah s ay eh dx iy w ah z b ey s t aa n ah hh ay er r aa r k iy s
hh aw z ih s t r ay k y uw uw f aa l er f eh er
w iy k n ih s ah n l iy dx er sh ih
p ow sh dh iy ae p l z ah n dh ih s er ah p f er t w eh l v m ih n ih t s d r ey n dh eh m hh ih n k uw l
hh uw aa th er r ay z dh iy ah n l ih m ih dx ih ih k s p eh n s ah k aw n
t ih f er dh er hh ih z p r ih s t iy jh hh iy ih k ey sh n l iy r iy z ah w aa l s t r iy jh er n l
l aa r iy z k aa s t ah m n iy dx ih b l ae g l ah v z t ih b iy k ah m p l iy l iy eh l ih g ih n
w ay y eh l er w er iy ow v er s ih l iy ay dx ah m s
g eh s dh ah k w eh sh ih n f ah m dh iy ae n s er
ih f d aa r k ey m dh ey w uh d l uw z hh er
hh iy th aa t hh iy s aa ah p ey l f ey s ae dx ah w ih n d ow
dh ow z w er ih s p eh sh l iy dh ah w ah n z eh t aa l ah dh ih r g r ow n ah s l ae f t eh t l aw dx ih s t
p iy s er r iy ih z aa r k ah n v iy n ih f er k w ih k l ah n ch
p uh dh ih b uh ch er b l aa t ey b l ih n ih g er aa jh
d r aa f ay v f aa r m z ih n dh ih b aa s b ah f aa r iy g ow aw
hh er w aa r d r ow k n s ih s ih v ow n l iy s k er s ih n b l aw s ah z
eh l d uh l iy p iy p l aa r aa f ih n ih s k l uw dx ih
dh ih s ow k aa l v eh jh ih b l ay v r iy ih z dh ah hh aa r d eh n d ow s p er m ih v dh iy eh g s ay z t s iy d
hh aw d ih w ah n jh oy n dh eh m
d aa g z d ih d s ah m th ih ng t ah w ah n z iy g ow
dh ah b eh s w ey dx ih l er n ih s t ah s aa l v eh k s t r ih p r aa b l m s
sh iy w aa r w aa r m f l iy s iy w uh l eh n ow v er aa l z
r ae l f k ih n t r ow l dh ah s t aa w aa ch f r ah m ah b l iy ch er s
dh ih s b r ow sh er ih z p er t ih k ih l iy ih n f aa r m ih t ih v f er p er s p eh t ih v b ay er
w ay ch aa r jh m ah n iy f er s ah ch g aa r b ih jh
hh iy m ey k s m iy ah ng k ah m f er dx ah b l
hh iy s w ah ng er aw n d ay z t w aa r dh ih b eh d r uw m s ah m f ih f t iy n f iy dx ah w ey
ae d ih f er n t ay m z iy s er v d eh z g l iy k l ah v ah n k w eh er l iy dx er ae n ih z aa r g ih n ih s t
d ih jh uw b ay eh n iy k aa r dx er oy ow v er aa l z
s t iy v w aa r ah b r ay r eh d k ae sh m ih r s w eh dx er
dh ih g ah n m ih n k eh t ih z v ih t m k aa r n er dx ae g ah n p oy n f er th r iy aw er z
sh iy ih z th ih n er dh eh n ay ae m
iy g w aa n ih z ih n ae l ih g ey dx er z ah r t r aa p ih k l r eh t ay l z
p ow l t r iy r iy z ah l s ah v ih r ey dx iy ey sh n t eh s w ah th p ow l t r iy hh ah b ih n k w ay s ih k s eh s f l
ah s l iy p iy v oy s ae n s er d
y er b oy l ih ng m ih l k ey n y uw
s p eh sh l t ae s k f aa r s ih z r eh s k y uw hh aa s ih jh ih z f m k ih n ae p er s
w l r aa ih n w er ih y eh l ow l ih l iy
s t r aa hh ae s er aw dx ah v f ae sh n dh ih s y ih er
dh ih t uw th f eh r iy f er g aa t k ah m w ah n r aa jh er z t uw th f eh l aw
dh ae d ay ih g r ae m ey k s eh n s ow n l iy ae f t er m ah s t ah dx iy
ih w ih z ih f eh r l iy m aa r n m ow t eh l w ih th k w ay dx ih b ih dx ah v ah l eh t ah k l d ih s p l ey ih n f r ah n t
l uh k s w iy t hh aa r t s ah m f uw l w ah z
v y uw t ey k s ih n f ay v k aw n iy z t uw b eh d r ah m z
k ah b ay n aa l dh iy ng g r iy dx iy ih n t s ih n eh l aa r jh b ow l
r aa b s ae b ay dh ah p aa n d n s k eh ch dh ih sh t r ey g iy s
b ey g dh eh g aa r f er w ah n g eh l ah n ih v g ae s
ay d r ae dh er n aa b ay dh iy sh uw z dh eh n b iy ow v er ch aa r jh d
hh er r ay hh ae n ey k s w ah n eh v ih dh ih b ae er m eh t r ih k p r eh sh er ch ey n jh ih z
p er hh ae s th ih ng z w er iy v ih n w er s dh eh n
d iy n z k ih n f aa r m ih n ih m p aa r n b r ih jh b ih t w iy n dh ih p r eh z ih n ih n ah f ae k l t iy
hh iy f er dh er p er p ow z g r ae n s ah v ah n ah n s p eh s ih f ay s ah m f er k s p er m eh n t l hh aa s p ih dx l s
d ih s t r oy eh v r iy f ay l r ih l ey dx ih t ah m ay aa dx ih s
ae l ah s ih z ah b ih l ah t iy t ah w er w ih dh aw s uw p er v ih sh n ih z n ow w er dh ih
b aa p ey p er d ow v er dh l l ih v ih ng r uw m y er r ah l s
w eh r w er y uw w aa l w iy w er ah w ey
m eh d iy v l s ah s ay ih dx iy w ah z b ey s t aa n hh ay er aa r k ih s
d ih f iy t w aa r aa r m iy sh uw z ih n aa v iy ih s d ih s r ih p eh er
s t r eh ng th b iy g ae n t ih z ih p ah p ih n d aw n hh ih z ch eh s t
y uw m ey ih m ey z y er s eh l f ih n ih k w ay er r ih l n ae k f aa r ih
s p eh sh l t ae s k f aa r s ih z r eh s k y uw hh aa s t ih jh ih z f r ah m k ih n ae p er z
w ih l r aa b ih n w eh er ah y eh l ow l ih l iy
s t r aa hh ae t s er aa dx ah f ae sh n ih s y ih er
dh ih t uw th f er ih f er aa t ih k ah m w ah n r aa jh er z t uw th f eh l aw
dh ae d ay eh g r ae m ey k s eh n s ow n l iy eh f t er m ah ch s t ah dx iy
dh er r eh k ow s r ae n l ay k r ae b ih t s
dh ah s ih v eh n t s ih k er d ih n v ih t ih m z ch ey n jh ih n ih p ih r ih n s eh n uw w ah n z er r ay v d
dh ih g ae l ah n t hh ae f s ih dx iy ih z d ay ih ng aa n ih s f iy t
dh ah s aw n d ih v jh eh n ah f er z b y uw g l s k eh r dh iy ae n t l ow p
hh ay w ey ae n d f r iy w ey m iy n dh ah s ey m th ih ng g
dh ah f aa p r ih v eh n ih dh eh m f r ah m er ay v ih ng aa n t ay m
d ae f n iy s w iy dx ih sh n iy dx l p oy n s k aa r f m ae ch t hh er s k er t
iy v ih n ah s ih m p l v ah k ae b y ah l eh r iy k n t ey n s ih m b l z
aa f ih n d aa m ih n ih n s t r eh s ih m p l iy ih n d ih k ey s ih s eh n er ih ng ah v ih t eh n sh ih n aa r iy m ow sh ih n
hh iy hh eh d l eh f t hh er ih n v ay l ih th ih ng k iy ng f ah m ih l iy eh er dx iy w uh jh eh n t l hh er ih n t ay m
b r oy l aa r t ow s t ih z y uw sh uw l
dh iy eh m l ah m d ih p ih k s dh iy ih k r aa p l ih s aa l ah g l ow
m ih l ih t eh er iy p er s n eh l er ih k s p eh t ih t uw ow b ey g ah v m ih n aa r dx er z
ow n l iy l oy er z l ah v m ih y ih n eh er z
ih f k eh r ah l k ah m z t ah m aa r ow hh ae v er er r ey n jh f er ah m iy dx iy ng ih t uw
hh ih sh ow l d er f eh l t eh z ih f ih w er b r ow k ih n
ae l aa s k uw l dh ah s ey m
dh iy ih n s t iy ng t ih d ih s ah p l ih n ae z b ih n l aa s t
ey n aa n k n t r ih b uw t er r ih p l ae n y uw sh l iy w ow n p ey aa f ah dh ah w er k er ah n t ih l ih r ih t aa er s
dh ah b ah ng g ah l ow w ah z p l eh z n l iy s ih ch uw ey dx ih n iy er dh ih sh aa er
aa r y ah l uh k iy ng f aa r ah m p l oy m ah n t
eh b ih g ow t ay l iy y ae m b l d th r uw dh ah f aa r m y aa r
iy dx iy n s p ih n ih sh n ay l iy ih ng k r iy s ih s t r eh ng k th m er ae k y ah s l iy
ae t w aa l ay dx ah n dh ah t w eh l th d ey w ih l hh ae v sh eh b l iy
l eh dx ah s d ih f er eh n sh iy ey dx ah f y uw ah v dh iy z ay d iy ah z
iy t er n ih dx iy ih z n ow t ay m f aa r ih k r ih m ih n ey sh n s
w eh l jh uw n y er d ih n hh iy y iy ow n l iy w ah n ah n m ih s t er hh eh n r iy d ih n iy v ih n d uw dh ae w eh l
s p eh sh l t ae s k f aa r s ih z r eh s k y uw hh aa s ah jh ih z f er m k ih n ae p er z
w ih l r aa b ih n w eh er ey y eh l ow l ih l iy
s t r aa hh ae t s aa r aw dx ah f ae sh n dh ih s y ih r
dh ah t uw th f eh r iy f er g aa t ih k ah m w eh n r aa jh er z t uw th f eh l aw
dh ae ay g r ae m ey k s eh n s ow n l iy ae f t er m ah ch s t ah dx iy
dh ih s ih z n ow n eh z k aa n f ah m ey sh n aa ih n t ah p iy
dh ih k l ih l iy ih d ih n ih f ay ah b w ih n ih m iy k n t ih n uw d aa n eh z ih f n ow w ah n eh l s w er er r aw n
k m p er ah l t r eh n z k n b iy n ow dx ih d eh l s w er
t er d ih sh n r ah k w ay er z p er eh n l ah p r uw v l f er ah n d er ey jh m er ih jh
ih s hh eh l th ih er t ah k uh k w ah th aw sh uh g er
dh ih k r ae n b er iy b aa g ih s v er ih p r ih t iy ih n aa dx ah m
l ae f d ae n s ih n s ih ng ih f aa r ch n s m ay l z ah p aa n y uw
m aa m s t r aa ng l iy d ih s l ay k s ae p t ay z er z
w ah dx eh l ah m ah s ah v aw er b iy hh ey v y er aa r d iy s ay s iy v
ey n uw ay d iy ih d r ih f t ih ih n f er m n ow w eh er
k uh dh iy ih m b ae s ah dx er hh ih m s eh l f b iy dh ih m ae n aa n dh ih s ay dh ah p r ay m ih n ih s t er f ih er
k aa l ah n ae m y l ih n s f er m eh dx ih k l ah s ih s t n s
s w ih ng y er aa r m ih z hh ay ih z y uw k ae n
w ay ay oy l w ah n y uw aa w ey z y uw z m ay n
p l ae n p er ih n hh uh dx aa r er n ih z ey sh n z p er m ow b er th k ih n t r ow l
ah b aa r ih ng n aa v l ih z ey s ih p er s l iy p ih ng p ih l
sh uh dh iy ih k s eh l ah r ey dx ih ng g r ow th ah v t eh n aa l ah jh iy dh eh n w aa r n ah s
ae f t er dh ae v ay l eh n s w ah z ih g z ah l t ih n t l ih iy z ih
dh ih r er m aa r aa v iy ih s n ih m f ah m ey n iy ae k s aa n eh n iy p r ay v ih dx ay s ih r ih z
ae g er k ah l ch er l p r aa dx ih s er ah n iy v ih n l iy d ih s t r ih b y uw dx ih d
ah l aw l iy w ey hh iy er b ah r ae sh n l ay z aa l eh r er z
dh ih n ih r ih s ih n ih g aa m ey n aa b iy w ih th ih n w aa k ih ng d ih s t ih n s
g r eh b ay z f r eh sh m ih l k iy ch w iy d ey m aa r n ih ng
k ae dx ih s t r aa f ih k iy k ih n aa m ih k ah b ae k s n ih g l eh dh ah p aa r
f ae m l iy r ae sh n iy n p r aa l iy w uh l b iy n eh s ah s er ih
ih w ih z dh eh er dh ih sh iy w uh d hh ae f t uw ih n ae t hh er r iy n ah n s iy ey sh n b eh g f er g ih v n ih s
aa n dh iy z dh ey f iy l dh ey k ih n r ah l ay
dh ah eh l ah m d ih p ih k s dh ah k r aa p l ih s aa l ah g l ow
m ih l ah t er iy p er s n eh l er ih s p eh t ih t uw b ey g ah v er m ih n aa dx er z
ow n l iy l oy er s l ah v m ih l y ih n eh er z
ih f k eh r l k ah m z t ah m aa r ow hh ae v er r ey n jh f er ah m iy dx iy n eh t uw
hh ih sh ow l dx er f eh l eh z ih f ih w er b r ow k ih n
s ow ah f aa l iy z b ih er z w ah z t ih g eh m iy ih m b eh m ae n y uw jh uh s p eh n ah l aa dx ah m ah n iy
k w ay ah l iy hh iy d ih t er m ih n d ah f oy l hh er
hh er s t ah dx iy ih v hh ih s t er r iy w ah z p er s ih s t ah n l iy p er s uw d
dh ih k ae s m iy aw aa eh z hh er s m ay ih er z
k l ih f w ah s uw dh b ay dh ah l ah g sh y er iy ih s m ah s aa jh
iy ch ah n t ay m l iy ih n k ah m l aa s k ow ih n s ay dx ih w ih th ah b r ey d aw n ah v ih hh iy dx iy ng s ih s t ih m p aa r
jh ey n m ey er n ih m aa r m ah n iy b ay w er k iy ng hh aa r d
y ah ng s t er z l ah v k aa m ih n k ae n d iy ih z t r iy s
ih k ih n p er jh eh t l aa ng r ey n jh g ow l z f aa r ih s eh l f
hh iy w ah z g ih f t ih d w ah th ae n ah m l m ae ng n ih t ih z ah m ae n ah p ow n ah l er f er w ah m eh n ah v eh n iy r ey s
v eh r iy aa s t ih er y eh r ey s iy
dh ih s aw n d ih v jh eh n ah f er z b y uw g l s k eh r dh iy ae n ah l ow p
hh aa w ey ih n f r iy w ey m iy n ah s ey m th eh ng
dh ah f aa p r ih v eh n ih n dh eh m f ah m er r ay v ih ng aa n t ay m
d ae f n iy s w iy d ih sh n iy dx l p oy n s k aa r f m ae ch t er s k er
iy v ih n ah s ih m p l v ow k ae v y ih l eh r ih k ih n t ey n s ih m b l z
hh ey eh n p ae sh er aa r dh iy ah dh er ch iy s aa r s ah z ah v l ay v s t aa k f iy d
s ah ch hh aa t m ih z ah m w ah z k m p l iy l iy ah n jh ah s t ah f ay d
ih dx aa l d ih d l uh k v eh r iy f ih sh n d eh n sh ih p sh ey p
dh iy eh m b l eh m d iy p ih k s dh iy eh k r aa p l uh s aa l ih g l ow
m ih l ih t eh r ih p er s n eh l aa r ih k s p eh t ih t uw ow b ey g ah v er m ah n t aa r dx er z
ow n l iy l oy er z l ah v m ih l y ih n eh r z
ih f k eh r l k ah m z t m aa r ow hh ae v hh er ih r ey n jh f er m iy dx ih ng ae t uw
hh ih sh ow l d er f eh l t eh z ih f ih w er b r ow k ih n
l eh m iy k w ow t hh ih m iy v ih n m aa r f uh l iy f er hh ih z ih n ae l ah s ih s ih z m p aa r n t ah m ay th iy m
hh iy s eh dh ih k r ey z iy f uw l hh ae f ah l aw
b ey k s l ow l iy ih l iy s t w ah n hh ae f aw er l aa ng g er
d iy s eh m b er ih n jh ae n y uw w eh r ih aa r n ay s m ah n th s t ih s p eh n d ih n m ay ae m ih
hh aw g uh d ih ih z y er ih n d uh r ih n s
ih f p iy p l w er m aa r jh eh n er ah s dh eh r w uh b iy n ow n iy d f er w eh l f eh r
b aa r b b er n d p ey p er ih n l iy v z ih n ih b ih b aa n f ay er
b ae s k ih b aa l k ih n b iy ih n ih n er t ey n ih ng s p aa r
