elle était constituée de mousseline noire collée sur le visage
cette période coïncida avec le mouvement d'annexion de la pénétration française
la présence du loup dans notre pays serait actuellement de deux cent cinquante individus
il écope finalement de deux ans de suspension
route de la croisette au numéro douze
ainsi pour le football le baseball et l'équitation il y a quatre catégories
lors du mondial il joue un match face à l'équipe d'argentine
à partir de cette édition également le ravitaillement en course est autorisé
cent vingt deux et note de monsieur dacier éd
écoutilles portes étanches et hublots sont ouverts
selon philippe soulier c'est un dolmen simple c'est à dire sans couloir
en effet cet avertissement ayant été basé sur une lecture erronée des images satellite
elles sont les venea comitans de l'artère pudendale interne
ce fut l'acte de naissance de la musique des guides
les artistes n'ont pas de biographie
pendant la guerre de trente ans elle est pillée et détruite à maintes reprises
c est pour la symétrie madame
ah monsieur je n ai pas regardé
la date de construction de l'église n'est pas connue
il s'agit d'une société spécialisée en rénovation de logements
il est relevé de son poste administratif précédent plus tard
cette année le premier mai tombe un mercredi
les seuils ne font office ni de totem ni de chiffon rouge
le mesna est administré par intraveineuse mais la voie orale a été étudiée
robert antonioli vit à sondalo en italie
quelques courtisans se promènent dans le salon qui précède la galerie
élève de l'école normale supérieure elle y devient professeur certifié de lettres modernes
les mains de l'oncle et du neveu se broyèrent
j ai beaucoup travaillé pour ma famille pour ma femme nos enfants
riposte les épées tirées un espagnol est tué
souris a été naturalisée et est exposée au musée cantonal d'histoire naturelle de sion
om puri est né à ambala dans une famille pendjabi
francesco negri est né dans une famille aristocratique de bassano
tel est l objet de la démonstration
thuès est alors une copropriété royale partagée avec l'abbaye saint michel de cuxa
cet ensemble est un des dix plus vastes sanctuaires de la gaule romaine
la croix blanche est leur signe de ralliement
il prend alors le pseudonyme de rick martel qu'il utilise durant toute sa carrière
on put les voir allant et venant dans l auberge
trois recueils poétiques ont été donnés à ce jour
un pantalon beaucoup trop grand
des artistes de renom tels que frank sinatra ou elvis presley s'y produisent
ces papillons sont diurnes
chanteur guitariste et parolier il joue également de l'harmonica et du piano
le parti s'opposait à l'intrusion du privé dans le système d'éducation publique
vous défendez donc désormais ce que vous appelez un régime par points
que peut donc dissimuler cette porte
wynton est aussi le meilleur accompagnateur du monde
typique de son style elle représente le combat des chouans contre les républicains
la machine à café est tombée en panne ce matin
il faut savoir distinguer très concrètement l idéologie du pragmatisme
mais cela n'allait pas jusqu'à refuser les affaires
une présence policière est prévue pour contrer les manifestations d'opposants
elle fut créée par les elfes de gondolin et aurait appartenu à turgon
mis au courant des aveux de sa femme armand se suicidera
qui me tirera de la belle étoile disait il
chaque métier est porté par des structures différentes
cette espèce est nommée en l'honneur de robert cyril stebbins
il est un frère de sir charles bell
arik brauer est le fils d'immigrés juifs lituaniens
il suffisait pourtant de se renseigner en mairie
il s agit de la bonne gestion de l argent public
elle appartient a la superfamille des superoxyde dismutases
le sucre est le secteur d'activité principal de la paroisse de westmoreland
les grappes et les baies sont de taille moyenne à grande
la qualité des eaux des gaves a permis le développement de la pisciculture
il dévoile toute une génération de créateurs interdits d'exposition sous le régime communiste
nous avons choisi de libérer et en même temps de protéger les travailleurs indépendants
il suit parallèlement des études à la sorbonne
il fut également évêque de poitiers
on ferme les yeux aux vérités
rien de tel dans votre budget
c est bien le parlement qui le précisera
les choses que je n'aime pas
les effets d annonces contradictoires désorientent tout le monde
au cours de sa détention holton devient un expert juridique amateur
un dispositif permet également le passage en marche arrière
allée du vierre zéro un trois cent quatre vingts saint cyr sur menthon
le candidat du parti québécois est frédéric st jean
certaines de mes interrogations sont semblables aux vôtres
le véritable compagnon d'éric morena était alors en train de mourir du sida
l'occlusion de ces veines est responsable du syndrome de budd chiari
rue georges méliés soixante mille deux cent trente chambly
c'est la première ferme éolienne au canada appartenant et maintenue par une municipalité
il forme avec l'arrondissement de louvain la province du brabant flamand
il faut croire que la cuve catalane marquait une limite pour la tonnellerie
cependant la fondation a continué à fonctionner en distribuant des dons privés
il ne s'en attriste pas il est de pierre
il grandit au château de braunfels et reçoit une solide éducation humaniste chrétienne
c'était une affaire liée à la banque oustric
cinq cent quatre vingt seize chemin de la traversée quatre vingt dix sept cent quatorze trois rivières
les disques sont formés principalement de l'hélium issu de l'étoile donneuse
dans le même temps il exerce la profession d'avocat
pourtant elle l'accabla de conseils
malgré son jeune âge c'est un enfant très éveillé qui comprend beaucoup de choses
je le retire
son fils augustin désiré pajou est lui aussi peintre
elle commence par être réceptionniste dans l'hôtellerie de luxe à paris
il correspond à peu près à l'heure solaire moyenne du ouest
ce genre est nommée en l'honneur de joachim adis
a contrario vous minorez fortement l indemnité compensatoire de formation destinée aux employeurs d apprentis
rue du galor soixante cinq trois cent quatre vingts orincles
le club participe ainsi aux tours préliminaires de ligue des champions
encouragé par ses officiers il présente et réussit un examen pour un brevet d'officier
il n arrivera rien à mon pauvre nic
c est au soir de leur vie qu ils avaient fait connaissance et sympathisé
rue des gleviennes quinze deux cent cinquante crandelles
de nombreux noyaux de lissage ont été proposé pour la création de pyramides
je goûte assez l'état de convalescence
chemin las clotes zéro neuf cent quatre vingt dix gajan
dix chemin plom quarante trois trois cent quatre vingt dix à vézézoux
mais grâce à une astucieuse pirouette jackie sauve la situation
la droite a décidé de remettre en cause sa progressivité
mon dieu ça n a l air de rien
ils sont très liés avec le groupe the mission
jette celui là qui est déchiré
il portait un bouquet de violettes a la boutonniere
les soldats australiens fidjiens jamaïcains malais néo zélandais et singapouriens utilisaient des armes venant d'australie
la parole est à monsieur jean louis dumont pour soutenir l amendement numéro vingt
cette fille là s en était bien tirée
la station se trouve dans le quartier de avondale
un saladier lui échappe des mains et se casse
que d allées et venues que de courses et contre courses
ce titre a été conçu par atlus et édité en europe par ghostlight
à l'approche des monts de flandre urbain anseeuw aloïs verstraeten et charles deruyter s'échappent
ces amendements concernent un sujet que nous avons évoqué plusieurs fois
avec l'équipe de newcastle united il gagne trois coupes d'angleterre
bonjour sara
georges danton saisit l'argument au vol
il y a une voiture sur le bord de la route
landry de soignies son fils aurait renoncé à la charge
une des bourres tombée au milieu des broussailles sèches les avait enflammées
je remercie toutes celles et tous ceux qui ont voté cette proposition de loi
vingt deux rue du docteur gigon vingt trois mille trois cents la souterraine
impasse et place des myosotis cinquante cinq mille trois cent dix tronville en barrois
cela semble hautement improbable car le marché aussi a pris une autre dimension
on le trouve de sydney au queensland
une assertion est une proposition affirmative ou négative donnée comme vraie
cette place se situe à côté du große olympiaschanze
excellent la parole est à monsieur nicolas dhuicq
ce faisant vous organisez le chaos
à environ au nord est se trouve l'île de mooa
aussi le menace t elle de faire de même avec fred hansen un chef d'orchestre
je n ai pas eu à m en inquiéter
l amendement numéro six cent soixante dix sept est relatif aux sociétés qui gèrent un patrimoine
on choisit arbitrairement l'un de ces cycles
je faisais attention qu il ne tombe pas
les frayeurs de son mari l'écœuraient
l'épreuve de double voit quant à elle s'imposer manon bollegraf et rennae stubbs
cent huit route de samoyas zéro sept cent boulieu lès annonay
il s agit d un amendement de simplification
l'endroit est par conséquent le plus vieux quartier de la cité
c'est un véritable génocide
chemin de bicoq à carmaux
alors s il vous plaît pas de caricature à ce sujet
les manville eux mêmes étaient protestants de longue date
excusez moi est ce que vous auriez l'heure s'il vous plaît
tu venais de finir tes études de droit
il a été l'élève de jacob de gheyn
le larzac est un turboréacteur double corps double flux dépourvu de postcombustion
ah je la connais cette annonce là
la parole est à monsieur sébastien huyghe pour soutenir l amendement numéro vingt trois
dans la discussion générale la parole est à monsieur patrice martin lalande
étonné il prend lit relit devient un autre homme
cependant ses œuvres reçurent de nombreuses critiques
les représentations d'uniformes nationaux furent l'un des thèmes de cette philatélie propagandiste
il joue son premier match officiel le lors de la rencontre crystal palace sheffield wednesday
kidiboo est l'une des principales marques du groupe bongrain
aucun mouvement ne trahissait sa marche à travers l espace
plusieurs interprétations du terme existent
mais déterminée cette dernière prend une année pour apprendre la langue
par tout cela à la fois dit dolorida
liz refuse cette proposition qu'elle juge incongrue
elle est aussi connue pour écrire des uchronies
depuis ce temps aucune rénovation n'a été engagée
certains cercles changèrent d appellation
cette section présente le résultat du concours d'habiletés
finalement il a été capable de le finir sans sommeil
dans ces jardins on trouve effectivement une petite statue de chèvre elle aussi métallique
le méridien de greenwich traverse la commune au niveau de l'église
pendant deux ans je perds sa trace
c est reparti pour une vidange
luke hodorowicz a développé son propre moteur pour réaliser le jeu
le jurassien l avait surnommée mimolette à cause de cela
je n ai aucune explication scientifique à apporter pour confirmer mes dires
son travail allie émaux fer de récupération et techniques mixtes
pas de délicatesse
les juges doivent essayer de relier convenablement descriptions et cibles
le groupe les républicains ne votera pas l amendement de suppression
les premières précisent que l'oiseau était facile à attraper même s'il pouvait voler
dont il convient de souligner l intelligence
il travaille ensuite comme cadre de boden bank
avis défavorable pour les mêmes raisons
à la mi saison il rejoint un autre club de deuxième division le volgar gazprom astrakhan
il n'en fut pas ainsi
les quelques sépultures à inhumation dans des amphores concernent les enfants
jusqu à hier ils ne connaissaient pas la nouvelle
nous applaudissons au choc de simplification
il est possible également que l'une des mesures soit faussée
nous verrons si le texte atteint quelques uns de ses objectifs
il s était dit voilà un bourgeois qui sort de feydeau
nous devions en parler
la communauté a mis en place un régime de taxe professionnelle unifiée
rue gabriel perelle vernon
la parole est à madame jacqueline fraysse première oratrice inscrite sur l article
kleypas précise qu'elle continuera à écrire des romances historiques dans le futur
l'association continue sa mission en cisjordanie
l'archipel est considéré comme l'un des berceaux de la culture swahilie
rue de langgöns au numéro un
jones fut rapidement renommé comté de kent et le siège fut placé à dover
cet oiseau vit en colombie au costa rica en équateur et au venezuela
vous songiez aux malandrins sans empiéter sur les salades de pommes de terre
elle doit son nom aux sapins qui la bordent tout au long du tracé
je mets aux voix l ensemble de la proposition de loi
elles possèdent trois groupes de deux yeux tous nocturnes et un céphalothorax fortement bombé
il a également développé le groupe et en est actuellement le manager
omer fut tenté de suivre les avis de ses instincts
deux mots seulement
cet évènement unique s appelle alors les compétitions labatt trois rivières
rue du mouty cinquante cinq trois cent vingt les monthairons
la commune est le plus gros producteur d'œufs et de dindes de l'état
ainsi donc
elle fait partie du groupe de la galène
l'affaire santol sert à certains pour attaquer la magistrature
l économie de spallumcheen repose sur le développement immobilier et l'agriculture
le bosco n'agit pas seul puisqu'une vingtaine d'hommes se situent dans sa mouvance
ne venez pas nous expliquer ici ce que vous ne ferez pas demain
pour tous des temps difficiles se profilent
il ne reste plus qu'à passer à autre chose
la plate forme ferroviaire existe toujours
on dirait que vous en êtes amoureux
il se peut qu'ils nous écrasent tout est possible
vers cinq heures le jour commença à se faire
c est l essentiel
il est l'auteur de plusieurs livres qui font référence
il a fondé et il dirige le centre d ethique contemporaine
si vous les pincez appelez moi et je me charge du reste
rue de la grande somgué au numéro vingt sept
plusieurs races furent ainsi sélectionnés pour leur qualité à chasser et tuer ces rongeurs
le simple fait madame la ministre d aborder ce débat est inquiétant
si j étais
mère teresa la renvoie en lui demandant de mûrir son choix
elle se rencontre de ravenshoe à cairns
il est diplômé de l'institut de technologie de rochester en section illustration médicale
les premiers souvent accompagnés de chiens sont les moins nombreux
ahmed abdullah est toujours très actif
la parole est à monsieur jean marie sermier pour soutenir l amendement numéro trente
dix flammes se dardèrent du balcon
oukraïnka possède plusieurs clubs de voile et de nombreuses installations sportives
ce départ de l'âme est justement la cause de la maladie
elle ne possède aucun compagnon connu
kokory se trouve à de přerov à d'olomouc et à à de prague
la question d'un éventuel rattachement à la région bretagne fait l'objet d'un débat récurrent
le groupe utilise d'abord utilisé le nom de partyzantka miejska
les calendriers locaux contiennent souvent les noms célébrés sur un jour donné
aucune observation attestée de cette baleine vivante n'a été jusqu'à présent enregistrée
mon imagination commence à s'assécher
il s'agit du projet parallèle du chanteur roger miret du groupe agnostic front
ces oiseaux vivent par paires ou en petits groupes
monsieur de charny murmura t il
votre proposition sur le terrain est déjà appliquée
on ne connait pas le commanditaire d'origine
le refuge faunique des battures de saint fulgence est un lieu de protection pour la sauvagine
que le temps soit beau ou pas ce n est pas grave
nous proposons donc de diminuer le nombre de membres du haut conseil
la fente de l'aiguillon érectile est plus sombre
l'armée était une citadelle mouvante
son centre est occupé par l église saint georges
c'est à ce moment que le jeune garçon vient l'observer
après son retour en angleterre il continue à servir dans la royal navy
mais j eus la conscience de mon agonie qui commençait
c est mon frère ainé
la médiatisation du livre permettra une exposition du logiciel libre dans les grands médias
bruno caron devrait permettre à l'enseigne de se développer davantage en france
elle a étudié aux pays bas et est diplômée de l université d'amsterdam
watson demande officiellement au ministre japonais des affaires étrangères soejima taneomi d'agir
mais pour la seconde année consécutive ils ne participent pas aux playoffs
rue du filao à sainte marie
les fils et petit fils de tōgō servirent également dans la marine impériale japonaise
quarante deux route des grands crus vingt et un deux cent vingt à fixin
dès l'enfance il s'adonne au travail physique
l'ancienne nationale a été déclassée entre évreux et la madeleine de nonancourt
chemin du boeuf mort quatre vingt dix sept quatre cent dix neuf la possession
pour la deuxième étape cavendish blessé la veille est non partant
rené guénon édouard schuré et autres confrères du groupe fréquentent également son atelier
l'ennemi est repoussé et le prince d'orange tué
je suis sûr qu il aima
cette instabilité entrainera la dissolution du groupe un an plus tard
madame dubié puis je considérer que vous retirez votre amendement je le retire
ils s établirent dans les villes basques et aragonaises situées au sud des pyrénées
il s'empare des gens sans les molester
côté ampli elle joue exclusivement sur des ampeg
c est aussi un territoire caractérisé par une diversité économique géographique géologique et linguistique
nous considérons que la rédaction du code civil est suffisamment sage
la vie de nos campagnes est en réalité en jeu
a mesure qu'il discourut la logique de son raisonnement le persuada
le premier terminal opérationnel a été construit à leipzig
la nouvelle entité prend le nom de coulonges cohan
les garçons s'enfuient et c'est ginette qui tombe sous les balles des poursuivants
toutefois il n'empêcha pas la défaite des mahdistes face à l'égypte
et de nombreux autres
ne me parlez pas de votre monsieur de
vu le temps personne n avait pris le volant
donnez je vais vous en faire chauffer
c est ce qui paraît naturel
les décennies suivantes furent agitées pour la jeune dynastie
stephen a une liaison avec crystal allen une vendeuse arriviste
ce zoologiste étudie de nombreux groupes d arthropodes
un nombre congruent est dit primitif s'il est sans facteur carré
jean pierre door nous l a rappelé en défendant notre motion de rejet préalable mardi après midi
albert roman saisit un code sur petit écran tactile
ils avaient deux fils et une fille
si je suis là c est justement à propos de la clef
d'autres affrontements entre juifs et armée romaine ont lieu
leur foyer s'est installé dans la routine
le jeune homme montait l escalier tranquillement
avec cela pas de rampe
il enregistra la chanson pour bama records
dryden a également lié d'amitié avec l'auteur à succès barbara cartland
il est aujourd hui temps monsieur le ministre de réaliser cet engagement
cette information a par ailleurs été confirmée sur le compte twitter officiel de pokémon
il ne fut toutefois pas réutilisé lorsque l'avion entra en production en série
cette espèce mesure de à sans la queue
trente huit
j en vois plus d un venir par la route
elles n'ont peut être pas tort
l essence du pouvoir continue d appartenir aux communes
elle est devancée par la kényane daisy jepkemei
sur les quatre trompes les évangélistes sont évoqués avec leurs attributs
descendons aux trente deux heures
henke a donc cru que les britanniques voulaient le juger comme criminel de guerre
on y trouve cependant la pimprenelle épineuse et le chêne
un instant ils restèrent immobiles puis côte à côte ils repartirent vers marchiennes
il faisait attention à ne pas rire
les prisonniers sont torturés et sept exécutés d'une balle dans la nuque
il a remporté deux fois le championnat d'aruba
impasse dessous l'urmois à pasly
le village présente une offre de commerces diversifiés
sans lui et sans marcof je ne te sauvais pas
la date de disparition de gameskoot n'est pas connue
ils sont attaqués par un gang de la route
depuis quand
la détenue berce une mèche de cheveux
il peut être limité ou étendu
sa polyvalence lui permettant de jouer à tous les postes de la défense
donnez moi l autre
toutefois sous la pression du néo destour il démissionne en octobre de la même année
chemin de pré quenard soixante treize mille huit cents myans
les coques des coiffures leurs fleurs et leurs peignes d'or se frôlaient
il sera détaché de l'éducation nationale aux œuvres laïques toute sa carrière
l'imprimerie ne peut obtenir les couleurs orange vif qu'avec des pigments spécifiques
il avait posé doucement sa main sur la bouche de cosette
latrobe est située à au sud est de devonport
les pièces sont constituées de chansons et de suites basées sur des textes d'ellington
neuf heures et demi
ah elle me fait signe de venir
la majorité de la clique d'anhui a déjà prêté allégeance à zhang zuolin
cour charles spindler à obernai
oh pouvez vous croire
le programme de basketball est le fleuron de l'université au niveau du sport universitaire
vivement les aides du bourreau démontaient la guillotine
le film raconte l'histoire romancée avec diverses inexactitudes de la vie du compositeur
enfin les analyses publiques permettent un suivi de tous les projets open source référencés
bien sûr vous nous accuserez d étouffer l économie et nos entreprises
ah c est juste
je serais venu jusqu ici calme tranquille
il les positionne dans des milieux surréalistes
il porte ce nom car il est situé à proximité de la rue puteaux
ai je baigné mes doigts dans mes larmes
du château du il reste deux tours coiffées de poivrières
l'ancien sportif décède le à annecy
il y est célébré la liturgie du patriarcat serbe
dévasté lors de la première guerre mondiale le château a été restauré à l'identique
des botanistes se hâtent de trinquer au mort vivant
departementale huit cent vingt au numéro soixante quinze
en période de reproduction il devient insectivore
les bolomètres peuvent couvrir l'intégralité du spectre électromagnétique
une partie concerne les communes une autre les départements
le murik fait partie des langues lower sepik ramu
vous ne craignez que pour votre vie je crains pour mon crédit moi
la réserve est également une destination populaire pour les touristes
qu il priait qu on l excusât qu il viendrait demain matin
ensuite il a entrepris des études d'histoire tout en s'intéressant aux mathématiques
c est pourquoi cet amendement demande la remise d un rapport étudiant pleinement cette piste
je ne vous en priverai pas longtemps
la liste d'aube dorée est sixième et obtient un siège
il s'occupe par ailleurs d'une société de stage de cyclisme aux pays bas
tu pourrais me parler de sylvie
c'est fille là s'en était bien tirée
l'atelier s'est constitué autour de roger flament
aujourd'hui elle est composée d'une trentaine de chercheurs militaires et contractuels
l'abakan est utilisé pour le transport du bois et l'irrigation
généralement les examens de radiologie
elle se rencontre dans le sud de l'illinois et dans l'est du missouri
a leur salut il répondit en soulevant les bords plats de son chapeau
une partie des médailles d'elkan ont survécu à la guerre au musée de cappenberg
c est un vrai problème
tiens c est monsieur courtin le beau père de monsieur
elle était basée sur la taille de la parcelle et non sur son rendement
à situation exceptionnelle réponses exceptionnelles
venez avec moi
ça c est vrai
les affrontements entre navires de pêches sont monnaie courante
aujourd'hui l'ensemble de la région capitale contient plus des deux tiers de la population nationale
heureusement une bonne portion de la forêt de mangrove reste intacte
coup de pied de rudebeuf
ces vins peuvent se consommer tout au long d'un repas
laissez conclure madame dalloz s il vous plaît mes chers collègues
ah oui il est pas bien malin tu m as raconté
il peut aussi parfois être proposé dans le cadre du traitement de l ostéoporose
d'annunzio est souvent perçu comme le prédécesseur du mouvement fasciste italien
quatre vingt dix rue du lustincone
mais l'encorbellement peut être utilisé associé à un haubanage provisoire ou définitif
les versions portables sont elles aussi très différentes l une de l autre
le film divise la critique mais fonctionne une nouvelle fois au box office
elle est située dans la région administrative des laurentides
je n arrive pas à me persuader que ce serait une chose à faire
ferdinand épouse le la princesse marie louise de parme avec qui il a quatre enfants
jo elle va nous claquer dans les doigts
la transformation est utilisée en cryptographie on parle alors de pseudo transformation de hadamard
le canotage se répandit ensuite sur les bords de marne
dix huit rue du cardinal l m bille cinquante trois zéro zéro zéro laval
il remarque que les aléoutes s'en servent comme ligne pour la pêche
elle existe encore désormais occupée par l'église protestante du nazaréen
il occupe principalement le poste de joueur de troisième but mais patrouille aussi l'arrêt court
la conception devait nécessairement conduire à un modèle simple à construire et à exploiter
le jeu peut opposer deux joueurs ou un joueur et l ordinateur
en effet il faudra supprimer la section cinq bis qui est une structure provisoire
sa superficie chevauche les cantons hackett et marmier
le glycérol est un sous produit de la réaction de production du biodiesel
il est connu pour avoir exécuté certaines peintures murales dans des palais impériaux
la provenance de l'œuvre est inconnue
ce sera la première fois que ce type d activité nait en milieu étudiant
mais nous n allons pas pouvoir vous embaucher finalement votre profil ne correspond pas
ils prétendent qu il a joué un rôle important dans l assassinat de l ayatollah behbahani
il sembla que ce coup lui eût dit allons
l'église est située dans le département français de meurthe et moselle sur la commune de rosières aux salines
il est inhumé dans la chapelle saint georges de son château de puchheim
les caisses régionales d épargne organisent quant à elles l épargne
il habitait alors dans la maison du patrice probus neveu de l'empereur anastase
rien n est imposé
des tablettes continues tiennent lieu de tailloirs
l'ouvrage a été traduit et adapté en allemand
c est bien gentil
et il s'étonnait que sa mère eût raison par le fait
parallèlement la pratique du graffiti urbain s'est propagée aux états unis puis en europe
il est sanctionné d'une amende par le club nordiste
ainsi devisant on atteignit l'écluse de doncourt qui arrêtait le convoi
des sites comme tamuda et ad novas restent occupés par les romains
pendant la première guerre mondiale il combat en galicie
la vidéo débute lorsque carey plonge dans la piscine et conduit un jet ski
vous pouvez redire ça s'il vous plait
maria tsantsanoglou spécialiste de l'avant garde russe lui succède
imbécile ne le mettez pas dessus mais à côté bien comme cela
on étudiera quatre vingt douze leçons cette année
montauban était auparavant divisée entre les cantons de montauban est et de montauban ouest
mais il s agissait d occuper la fin de cette journée
le canada a une ambassade à tokyo et un consulat à nagoya
il y a là une situation sans précèdent peut être
les fleurs groupées sont suivies de fruits orange
il quitte ensuite bayeux pour paris avec le projet d'intégrer la police
ce contexte permet de comprendre l évolution de la trajectoire budgétaire
le menhir mesure de hauteur pour de largeur et d'épaisseur
avenue regrutto à toulon
il y a de l eau en quantité
et encore moins aux taux nominaux
à l'est de la faille se trouve le groupe du palais
je me lève tous les jours à six heures du matin
sur le cartonnier une statuette en plâtre d une vénus quelconque
l été suivant il participe au festival visa francophone en france
deux jours après je quittais madrid
l'élection s'est déroulé avant la création des partis politiques
impossible de tuer le maire ce n'est plus un simple crime
l'épreuve de double voit quant à elle s'imposer elena bryukhovets et natalia medvedeva
c est ce que nous ferons au cours des heures de débat qui nous attendent
on y trouve quatre villages esiküla kassari orjaku et tagaküla
elles firent sourdement explosion
commune bordée au nord est par l'auze
sourires une fois n est pas coutume je vais donc vous lire une fiche
un paysan c est robuste ça frotte plus longtemps
il s'était marié avec marie denoyers
on y accède par de marche depuis le ponte rossu
ce sont les générations radicicoles de l'insecte qui sont dangereuses
de la vie s'attachait à sa vie la doublait
rue du maréchal ornano au numéro trois
il n'y en a plus aucun
comment
le sous marin bénéficie d'une nouvelle conception avec la recherche d'une plus grande discrétion acoustique
leur origine reste incertaine mais ils sont vraisemblablement les descendants d'oiseaux domestiques
le budget fixe les lignes directrices du gouvernement et de sa majorité
çà viennent ils nos compagnons
elle s en est tirée
un souffleur de verre de france est installé à avrieux dans une verrerie artisanale
il l'obligea à voler des banques
des professeurs de breton
willow devient la nouvelle camarade de chambre de buffy
sa carrière prend dès lors une ampleur internationale
une défaite surprise sur le gazon de melbourne
trois chemin des grous d'aubin quatre vingt onze sept cent soixante à itteville
mais c'est surtout bali qui est connue dans le monde pour cette tradition
