Elle était constituée de mousseline noire, collée sur le visage.
"Cette période coïncida avec le mouvement d'annexion de la pénétration française."
La présence du loup dans notre pays serait actuellement de deux cent cinquante individus.
Il écope finalement de deux ans de suspension.
Route de la Croisette au numéro douze
"Ainsi, pour le football, le baseball et l'équitation, il y a quatre catégories."
"Lors du mondial, il joue un match face à l'équipe d'Argentine."
À partir de cette édition également, le ravitaillement en course est autorisé.
cent vingt-deux, et note de Monsieur Dacier ; Éd.
Écoutilles, portes étanches et hublots sont ouverts.
"Selon Philippe Soulier, c'est un dolmen simple, c'est-à-dire sans couloir."
En effet, cet avertissement ayant été basé sur une lecture erronée des images satellite.
"Elles sont les venea comitans de l'artère pudendale interne."
"Ce fut l'acte de naissance de la Musique des Guides."
"Les artistes n'ont pas de biographie."
Pendant la guerre de Trente Ans, elle est pillée et détruite à maintes reprises.
C’est pour la symétrie, madame.
Ah ! monsieur… je n’ai pas regardé…
"La date de construction de l'église n'est pas connue."
"Il s'agit d'une société spécialisée en rénovation de logements."
Il est relevé de son poste administratif précédent plus tard.
Cette année, le premier mai tombe un mercredi.
Les seuils ne font office ni de totem ni de chiffon rouge.
Le mesna est administré par intraveineuse, mais la voie orale a été étudiée.
Robert Antonioli vit à Sondalo en Italie.
Quelques courtisans se promènent dans le salon qui précède la galerie.
"Élève de l'École Normale Supérieure, elle y devient Professeur certifié de lettres modernes."
"Les mains de l'oncle et du neveu se broyèrent."
J’ai beaucoup travaillé pour ma famille, pour ma femme, nos enfants.
Riposte, les épées tirées ; un Espagnol est tué.
"Souris a été naturalisée et est exposée au musée cantonal d'histoire naturelle de Sion."
Om Puri est né à Ambala dans une famille pendjabi.
Francesco Negri est né dans une famille aristocratique de Bassano.
Tel est l’objet de la démonstration.
"Thuès est alors une copropriété royale partagée avec l'Abbaye Saint-Michel de Cuxa."
Cet ensemble est un des dix plus vastes sanctuaires de la Gaule romaine.
La croix blanche est leur signe de ralliement.
"Il prend alors le pseudonyme de Rick Martel qu'il utilise durant toute sa carrière."
On put les voir allant et venant dans l’auberge.
Trois recueils poétiques ont été donnés à ce jour.
Un pantalon beaucoup trop grand.
"Des artistes de renom tels que Frank Sinatra ou Elvis Presley s'y produisent."
Ces papillons sont diurnes.
"Chanteur, guitariste et parolier, il joue également de l'harmonica et du piano."
"Le parti s'opposait à l'intrusion du privé dans le système d'éducation publique."
Vous défendez donc désormais ce que vous appelez un régime par points.
Que peut donc dissimuler cette porte?
Wynton est aussi le meilleur accompagnateur du monde.
Typique de son style, elle représente le combat des chouans contre les républicains.
La machine à café est tombée en panne ce matin
Il faut savoir distinguer très concrètement l’idéologie du pragmatisme.
"Mais cela n'allait pas jusqu'à refuser les affaires."
"Une présence policière est prévue pour contrer les manifestations d'opposants."
Elle fut créée par les elfes de Gondolin, et aurait appartenu à Turgon.
Mis au courant des aveux de sa femme, Armand se suicidera.
Qui me tirera de la belle étoile? disait-il.
Chaque métier est porté par des structures différentes.
"Cette espèce est nommée en l'honneur de Robert Cyril Stebbins."
Il est un frère de Sir Charles Bell.
"Arik Brauer est le fils d'immigrés juifs lituaniens."
Il suffisait pourtant de se renseigner en mairie.
Il s’agit de la bonne gestion de l’argent public.
Elle appartient a la superfamille des superoxyde dismutases.
"Le sucre est le secteur d'activité principal de la paroisse de Westmoreland."
Les grappes et les baies sont de taille moyenne à grande.
La qualité des eaux des gaves a permis le développement de la pisciculture.
"Il dévoile toute une génération de créateurs interdits d'exposition sous le régime communiste."
Nous avons choisi de libérer et en même temps de protéger les travailleurs indépendants.
Il suit parallèlement des études à la Sorbonne.
Il fut également évêque de Poitiers.
On ferme les yeux aux vérités.
Rien de tel dans votre budget
C’est bien le Parlement qui le précisera.
"Les choses que je n'aime pas."
Les effets d’annonces contradictoires désorientent tout le monde.
Au cours de sa détention, Holton devient un expert juridique amateur.
Un dispositif permet également le passage en marche arrière.
Allée du Vierre, zéro un, trois cent quatre-vingts Saint-Cyr-sur-Menthon
Le candidat du Parti québécois est Frédéric St-Jean.
Certaines de mes interrogations sont semblables aux vôtres.
"Le véritable compagnon d'Éric Morena était alors en train de mourir du sida."
"L'occlusion de ces veines est responsable du syndrome de Budd-Chiari."
Rue Georges Méliés, soixante mille deux cent trente Chambly
"C'est la première ferme éolienne au Canada appartenant et maintenue par une municipalité."
"Il forme avec l'arrondissement de Louvain la province du Brabant flamand."
Il faut croire que la cuve catalane marquait une limite pour la tonnellerie.
Cependant, la fondation a continué à fonctionner en distribuant des dons privés.
"Il ne s'en attriste pas: il est de pierre."
Il grandit au château de Braunfels et reçoit une solide éducation humaniste chrétienne.
"C'était une affaire liée à la banque Oustric."
cinq cent quatre-vingt-seize chemin de la Traversée, quatre-vingt-dix-sept, cent quatorze, Trois-Rivières
"Les disques sont formés principalement de l'hélium issu de l'étoile donneuse."
"Dans le même temps, il exerce la profession d'avocat."
"Pourtant, elle l'accabla de conseils."
"Malgré son jeune âge, c'est un enfant très éveillé qui comprend beaucoup de choses."
Je le retire.
Son fils Augustin-Désiré Pajou est lui aussi peintre.
"Elle commence par être réceptionniste dans l'hôtellerie de luxe, à Paris."
"Il correspond à peu près à l'heure solaire moyenne du ouest."
"Ce genre est nommée en l'honneur de Joachim Adis."
A contrario, vous minorez fortement l’indemnité compensatoire de formation destinée aux employeurs d’apprentis.
Rue du Galor, soixante-cinq, trois cent quatre-vingts Orincles
Le club participe ainsi aux tours préliminaires de Ligue des Champions.
"Encouragé par ses officiers, il présente et réussit un examen pour un brevet d'officier."
Il n’arrivera rien à mon pauvre Nic?...
C’est au soir de leur vie qu’ils avaient fait connaissance et sympathisé.
Rue des Gleviennes, quinze, deux cent cinquante Crandelles
De nombreux noyaux de lissage ont été proposé pour la création de pyramides.
"Je goûte assez l'état de convalescence."
Chemin Las Clotes, zéro neuf, cent quatre-vingt-dix Gajan
dix chemin Plom, quarante-trois, trois cent quatre-vingt-dix à Vézézoux
Mais grâce à une astucieuse pirouette, Jackie sauve la situation.
La droite a décidé de remettre en cause sa progressivité.
Mon Dieu, ça n’a l’air de rien…
Ils sont très liés avec le groupe The Mission.
Jette celui-là qui est déchiré.
Il portait un bouquet de violettes a la boutonniere.
"Les soldats australiens, fidjiens, jamaïcains, malais, néo-zélandais et singapouriens utilisaient des armes venant d'Australie."
La parole est à Monsieur Jean-Louis Dumont, pour soutenir l’amendement numéro vingt.
Cette fille-là s’en était bien tirée.
La station se trouve dans le quartier de Avondale.
Un saladier lui échappe des mains et se casse.
Que d’allées et venues, que de courses et contre-courses
Ce titre a été conçu par Atlus et édité en Europe par Ghostlight.
"À l'approche des monts de Flandre, Urbain Anseeuw, Aloïs Verstraeten et Charles Deruyter s'échappent."
Ces amendements concernent un sujet que nous avons évoqué plusieurs fois.
"Avec l'équipe de Newcastle United, il gagne trois Coupes d'Angleterre."
Bonjour Sara.
"Georges Danton saisit l'argument au vol."
il y a une voiture sur le bord de la route.
Landry de Soignies, son fils, aurait renoncé à la charge.
Une des bourres, tombée au milieu des broussailles sèches, les avait enflammées.
Je remercie toutes celles et tous ceux qui ont voté cette proposition de loi.
vingt-deux rue du Docteur Gigon, vingt-trois mille trois cents La Souterraine
Impasse et Place des Myosotis, cinquante-cinq mille trois cent dix Tronville-en-Barrois
Cela semble hautement improbable, car le marché aussi a pris une autre dimension.
On le trouve de Sydney au Queensland.
Une assertion est une proposition affirmative ou négative donnée comme vraie.
Cette place se situe à côté du Große Olympiaschanze.
Excellent ! La parole est à Monsieur Nicolas Dhuicq.
Ce faisant, vous organisez le chaos
"À environ au nord-est se trouve l'île de Mooa."
"Aussi le menace-t-elle de faire de même avec Fred Hansen, un chef d'orchestre."
Je n’ai pas eu à m’en inquiéter.
L’amendement numéro six cent soixante-dix-sept est relatif aux sociétés qui gèrent un patrimoine.
"On choisit arbitrairement l'un de ces cycles."
Je faisais attention qu’il ne tombe pas.
"Les frayeurs de son mari l'écœuraient."
"L'épreuve de double voit quant à elle s'imposer Manon Bollegraf et Rennae Stubbs."
cent huit route de Samoyas, zéro sept, cent, Boulieu-lès-Annonay
Il s’agit d’un amendement de simplification.
"L'endroit est par conséquent le plus vieux quartier de la cité."
"C'est un véritable génocide."
Chemin de Bicoq à Carmaux
Alors, s’il vous plaît, pas de caricature à ce sujet.
Les Manville eux-mêmes étaient protestants de longue date.
"Excusez-moi, est-ce que vous auriez l'heure s'il vous plaît?"
Tu venais de finir tes études de droit.
"Il a été l'élève de Jacob De Gheyn."
Le Larzac est un turboréacteur double corps double flux dépourvu de postcombustion.
Ah ! je la connais, cette annonce-là.
La parole est à Monsieur Sébastien Huyghe, pour soutenir l’amendement numéro vingt-trois.
Dans la discussion générale, la parole est à Monsieur Patrice Martin-Lalande.
Étonné, il prend, lit, relit, devient un autre homme.
Cependant ses œuvres reçurent de nombreuses critiques.
"Les représentations d'uniformes nationaux furent l'un des thèmes de cette philatélie propagandiste."
Il joue son premier match officiel le lors de la rencontre Crystal Palace-Sheffield Wednesday.
"Kidiboo est l'une des principales marques du groupe Bongrain."
Aucun mouvement ne trahissait sa marche à travers l’espace.
Plusieurs interprétations du terme existent.
Mais déterminée, cette dernière prend une année pour apprendre la langue.
Par tout cela à la fois, dit Dolorida.
"Liz refuse cette proposition qu'elle juge incongrue."
Elle est aussi connue pour écrire des uchronies.
"Depuis ce temps aucune rénovation n'a été engagée."
Certains cercles changèrent d’appellation.
"Cette section présente le résultat du concours d'habiletés."
Finalement, il a été capable de le finir sans sommeil.
Dans ces jardins, on trouve effectivement une petite statue de chèvre, elle aussi métallique.
"Le méridien de Greenwich traverse la commune au niveau de l'église."
Pendant deux ans, je perds sa trace.
C’est reparti pour une vidange.
Luke Hodorowicz a développé son propre moteur pour réaliser le jeu.
Le Jurassien l’avait surnommée Mimolette, à cause de cela,
Je n’ai aucune explication scientifique à apporter pour confirmer mes dires.
Son travail allie émaux, fer de récupération et techniques mixtes.
Pas de délicatesse.
Les juges doivent essayer de relier convenablement descriptions et cibles.
Le groupe Les Républicains ne votera pas l’amendement de suppression.
"Les premières précisent que l'oiseau était facile à attraper même s'il pouvait voler."
dont il convient de souligner l’intelligence.
Il travaille ensuite comme cadre de Boden Bank.
Avis défavorable pour les mêmes raisons.
À la mi-saison, il rejoint un autre club de deuxième division, le Volgar-Gazprom Astrakhan.
"Il n'en fut pas ainsi."
Les quelques sépultures à inhumation dans des amphores concernent les enfants.
Jusqu’à hier ils ne connaissaient pas la nouvelle.
Nous applaudissons au choc de simplification
"Il est possible également que l'une des mesures soit faussée."
Nous verrons si le texte atteint quelques-uns de ses objectifs.
Il s’était dit : voilà un bourgeois qui sort de Feydeau…
Nous devions en parler.
La communauté a mis en place un régime de taxe professionnelle unifiée.
Rue Gabriel Perelle, Vernon
La parole est à Madame Jacqueline Fraysse, première oratrice inscrite sur l’article.
"Kleypas précise qu'elle continuera à écrire des romances historiques dans le futur."
"L'association continue sa mission en Cisjordanie."
"L'archipel est considéré comme l'un des berceaux de la culture swahilie."
Rue de Langgöns au numéro un
Jones fut rapidement renommé comté de Kent et le siège fut placé à Dover.
Cet oiseau vit en Colombie, au Costa Rica, en Équateur et au Venezuela.
Vous songiez aux malandrins sans empiéter sur les salades de pommes de terre.
Elle doit son nom aux sapins qui la bordent tout au long du tracé.
Je mets aux voix l’ensemble de la proposition de loi.
Elles possèdent trois groupes de deux yeux, tous nocturnes, et un céphalothorax fortement bombé.
Il a également développé le groupe et en est actuellement le manager.
Omer fut tenté de suivre les avis de ses instincts.
Deux mots seulement.
Cet évènement unique s’appelle alors les Compétitions Labatt Trois-Rivières.
Rue du Mouty, cinquante-cinq, trois cent vingt Les Monthairons
"La commune est le plus gros producteur d'œufs et de dindes de l'État."
Ainsi donc.
Elle fait partie du groupe de la galène.
"L'affaire Santol sert à certains pour attaquer la magistrature."
"L’économie de Spallumcheen repose sur le développement immobilier et l'agriculture."
"Le bosco n'agit pas seul puisqu'une vingtaine d'hommes se situent dans sa mouvance."
Ne venez pas nous expliquer ici ce que vous ne ferez pas demain.
Pour tous, des temps difficiles se profilent.
"Il ne reste plus qu'à passer à autre chose"
La plate-forme ferroviaire existe toujours.
On dirait que vous en êtes amoureux !
"Il se peut qu'ils nous écrasent, tout est possible."
Vers cinq heures, le jour commença à se faire.
C’est l’essentiel
"Il est l'auteur de plusieurs livres qui font référence."
Il a fondé et il dirige le Centre d’Ethique Contemporaine.
Si vous les pincez, appelez-moi, et je me charge du reste.
Rue de la Grande Somgué au numéro vingt-sept
Plusieurs races furent ainsi sélectionnés pour leur qualité à chasser et tuer ces rongeurs.
Le simple fait, madame la ministre, d’aborder ce débat est inquiétant.
Si j’étais.
Mère Teresa la renvoie en lui demandant de mûrir son choix.
Elle se rencontre de Ravenshoe à Cairns.
"Il est diplômé de l'Institut de technologie de Rochester en section illustration médicale."
Les premiers souvent accompagnés de chiens sont les moins nombreux.
Ahmed Abdullah est toujours très actif.
La parole est à Monsieur Jean-Marie Sermier, pour soutenir l’amendement numéro trente.
Dix flammes se dardèrent du balcon.
Oukraïnka possède plusieurs clubs de voile et de nombreuses installations sportives.
"Ce départ de l'âme est justement la cause de la maladie."
Elle ne possède aucun compagnon connu.
"Kokory se trouve à de Přerov, à d'Olomouc et à à de Prague."
"La question d'un éventuel rattachement à la région Bretagne fait l'objet d'un débat récurrent."
"Le groupe utilise d'abord utilisé le nom de Partyzantka Miejska."
Les calendriers locaux contiennent souvent les noms célébrés sur un jour donné.
"Aucune observation attestée de cette baleine vivante n'a été jusqu'à présent enregistrée."
"Mon imagination commence à s'assécher"
"Il s'agit du projet parallèle du chanteur Roger Miret, du groupe Agnostic Front."
Ces oiseaux vivent par paires ou en petits groupes.
Monsieur de Charny ! murmura-t-il.
Votre proposition, sur le terrain, est déjà appliquée.
"On ne connait pas le commanditaire d'origine."
Le refuge faunique des Battures-de-Saint-Fulgence est un lieu de protection pour la sauvagine.
Que le temps soit beau ou pas ce n’est pas grave.
Nous proposons donc de diminuer le nombre de membres du Haut conseil.
"La fente de l'aiguillon érectile est plus sombre."
"L'armée était une citadelle mouvante."
Son centre est occupé par l’église Saint-Georges.
"C'est à ce moment que le jeune garçon vient l'observer."
Après son retour en Angleterre, il continue à servir dans la Royal Navy.
Mais j’eus la conscience de mon agonie qui commençait.
C’est mon frère ainé.
La médiatisation du livre permettra une exposition du logiciel libre dans les grands médias.
"Bruno Caron devrait permettre à l'enseigne de se développer davantage en France."
"Elle a étudié aux Pays-Bas et est diplômée de l’université d'Amsterdam."
"Watson demande officiellement au ministre japonais des Affaires étrangères, Soejima Taneomi, d'agir."
Mais, pour la seconde année consécutive, ils ne participent pas aux playoffs.
Rue du Filao à Sainte-Marie
Les fils et petit-fils de Tōgō servirent également dans la marine impériale japonaise.
quarante-deux route des Grands Crus, vingt et un, deux cent vingt à Fixin
"Dès l'enfance, il s'adonne au travail physique."
"L'ancienne nationale a été déclassée entre Évreux et La Madeleine-de-Nonancourt."
Chemin du Boeuf Mort, quatre-vingt-dix-sept, quatre cent dix-neuf La Possession
Pour la deuxième étape, Cavendish, blessé la veille, est non-partant.
René Guénon, Édouard Schuré et autres confrères du groupe fréquentent également son atelier.
"L'ennemi est repoussé et le prince d'Orange tué."
Je suis sûr qu’il aima.
Cette instabilité entrainera la dissolution du groupe un an plus tard.
Madame Dubié, puis-je considérer que vous retirez votre amendement ? Je le retire.
Ils s’établirent dans les villes basques et aragonaises situées au sud des Pyrénées.
"Il s'empare des gens sans les molester."
Côté ampli, elle joue exclusivement sur des Ampeg.
C’est aussi un territoire caractérisé par une diversité économique, géographique, géologique et linguistique.
Nous considérons que la rédaction du code civil est suffisamment sage.
La vie de nos campagnes est, en réalité, en jeu.
"A mesure qu'il discourut, la logique de son raisonnement le persuada."
Le premier terminal opérationnel a été construit à Leipzig.
La nouvelle entité prend le nom de Coulonges-Cohan.
"Les garçons s'enfuient, et c'est Ginette qui tombe sous les balles des poursuivants."
"Toutefois, il n'empêcha pas la défaite des mahdistes face à l'Égypte."
Et de nombreux autres.
Ne me parlez pas de votre Monsieur de ***.
Vu le temps, personne n’avait pris le volant.
Donnez, je vais vous en faire chauffer.
C’est ce qui paraît naturel.
Les décennies suivantes furent agitées pour la jeune dynastie.
Stephen a une liaison avec Crystal Allen, une vendeuse arriviste.
Ce zoologiste étudie de nombreux groupes d’arthropodes.
"Un nombre congruent est dit primitif s'il est sans facteur carré."
Jean-Pierre Door nous l’a rappelé en défendant notre motion de rejet préalable mardi après-midi.
Albert Roman saisit un code sur petit écran tactile
Ils avaient deux fils et une fille.
Si je suis là, c’est justement à propos de la clef !…
"D'autres affrontements entre Juifs et armée romaine ont lieu."
"Leur foyer s'est installé dans la routine."
Le jeune homme montait l’escalier tranquillement.
Avec cela pas de rampe.
Il enregistra la chanson pour Bama Records.
"Dryden a également lié d'amitié avec l'auteur à succès Barbara Cartland."
Il est aujourd’hui temps, monsieur le ministre, de réaliser cet engagement.
Cette information a par ailleurs été confirmée sur le compte Twitter officiel de Pokémon.
"Il ne fut toutefois pas réutilisé lorsque l'avion entra en production en série."
Cette espèce mesure de à sans la queue.
Trente-huit.
J’en vois plus d’un venir par la route.
"Elles n'ont peut-être pas tort."
L’essence du pouvoir continue d’appartenir aux communes.
Elle est devancée par la Kényane Daisy Jepkemei.
Sur les quatre trompes, les évangélistes sont évoqués avec leurs attributs.
Descendons aux trente-deux heures.
Henke a donc cru que les britanniques voulaient le juger comme criminel de guerre.
On y trouve cependant la pimprenelle épineuse et le chêne.
Un instant, ils restèrent immobiles ; puis, côte à côte, ils repartirent vers Marchiennes.
Il faisait attention à ne pas rire.
"Les prisonniers sont torturés, et sept exécutés d'une balle dans la nuque."
"Il a remporté deux fois le championnat d'Aruba."
"Impasse Dessous l'Urmois à Pasly"
Le village présente une offre de commerces diversifiés.
Sans lui et sans Marcof, je ne te sauvais pas.
"La date de disparition de Gameskoot n'est pas connue."
Ils sont attaqués par un gang de la route.
Depuis quand ?
La détenue berce une mèche de cheveux.
Il peut être limité ou étendu.
Sa polyvalence lui permettant de jouer à tous les postes de la défense.
Donnez-moi l’autre.
Toutefois, sous la pression du Néo-Destour, il démissionne en octobre de la même année.
Chemin de Pré Quenard, soixante-treize mille huit cents Myans
"Les coques des coiffures, leurs fleurs et leurs peignes d'or se frôlaient."
"Il sera détaché de l'Éducation Nationale aux œuvres laïques toute sa carrière."
"L'imprimerie ne peut obtenir les couleurs orange vif qu'avec des pigments spécifiques."
Il avait posé doucement sa main sur la bouche de Cosette.
Latrobe est située à au sud-est de Devonport.
"Les pièces sont constituées de chansons et de suites, basées sur des textes d'Ellington."
Neuf heures et demi.
Ah ! elle me fait signe de venir…
"La majorité de la clique d'Anhui a déjà prêté allégeance à Zhang Zuolin."
Cour Charles Spindler à Obernai
Oh ! pouvez-vous croire…
"Le programme de basketball est le fleuron de l'université au niveau du sport universitaire."
Vivement, les aides du bourreau démontaient la guillotine.
"Le film raconte l'histoire romancée avec diverses inexactitudes de la vie du compositeur."
Enfin, les analyses publiques permettent un suivi de tous les projets open source référencés.
Bien sûr, vous nous accuserez d’étouffer l’économie et nos entreprises.
Ah ! c’est juste…
Je serais venu jusqu’ici, calme, tranquille !
Il les positionne dans des milieux surréalistes.
Il porte ce nom car il est situé à proximité de la rue Puteaux.
Ai-je baigné mes doigts dans mes larmes!
Du château du il reste deux tours coiffées de poivrières.
"L'ancien sportif décède le à Annecy."
Il y est célébré la liturgie du patriarcat Serbe.
"Dévasté lors de la Première guerre mondiale, le château a été restauré à l'identique."
Des botanistes se hâtent de trinquer au mort-vivant.
DEPARTEMENTALE huit cent vingt au numéro soixante-quinze
En période de reproduction, il devient insectivore.
"Les bolomètres peuvent couvrir l'intégralité du spectre électromagnétique."
Une partie concerne les communes, une autre les départements.
Le murik fait partie des langues lower sepik-ramu.
Vous ne craignez que pour votre vie, je crains pour mon crédit, moi.
La réserve est également une destination populaire pour les touristes.
Qu’il priait qu’on l’excusât, qu’il viendrait demain matin.
"Ensuite il a entrepris des études d'histoire, tout en s'intéressant aux mathématiques."
C’est pourquoi cet amendement demande la remise d’un rapport étudiant pleinement cette piste.
Je ne vous en priverai pas longtemps.
"La liste d'Aube dorée est sixième et obtient un siège."
"Il s'occupe par ailleurs d'une société de stage de cyclisme aux Pays-Bas."
Tu pourrais me parler de Sylvie?
"c'est fille-là s'en était bien tirée."
"L'atelier s'est constitué autour de Roger Flament."
"Aujourd'hui, elle est composée d'une trentaine de chercheurs, militaires et contractuels..."
"L'Abakan est utilisé pour le transport du bois et l'irrigation."
Généralement les examens de radiologie.
"Elle se rencontre dans le Sud de l'Illinois et dans l'Est du Missouri."
A leur salut, il répondit en soulevant les bords plats de son chapeau.
"Une partie des médailles d'Elkan ont survécu à la guerre au musée de Cappenberg."
C’est un vrai problème.
Tiens ! c’est Monsieur Courtin, le beau-père de Monsieur !
Elle était basée sur la taille de la parcelle et non sur son rendement.
À situation exceptionnelle, réponses exceptionnelles.
Venez avec moi !
Ça, c’est vrai.
Les affrontements entre navires de pêches sont monnaie courante.
"Aujourd'hui, l'ensemble de la région capitale contient plus des deux-tiers de la population nationale."
Heureusement une bonne portion de la forêt de mangrove reste intacte.
Coup de pied de Rudebeuf.
"Ces vins peuvent se consommer tout au long d'un repas."
Laissez conclure Madame Dalloz, s’il vous plaît, mes chers collègues.
Ah oui, il est pas bien malin, tu m’as raconté.
Il peut aussi parfois être proposé dans le cadre du traitement de l’ostéoporose.
"D'Annunzio est souvent perçu comme le prédécesseur du mouvement fasciste italien."
quatre-vingt-dix rue du Lustincone
"Mais l'encorbellement peut être utilisé, associé à un haubanage provisoire ou définitif."
Les versions portables sont elles aussi très différentes l’une de l’autre.
Le film divise la critique mais fonctionne une nouvelle fois au box-office.
Elle est située dans la région administrative des Laurentides.
Je n’arrive pas à me persuader que ce serait une chose à faire.
Ferdinand épouse, le la princesse Marie-Louise de Parme, avec qui il a quatre enfants.
Jo, elle va nous claquer dans les doigts.
La transformation est utilisée en cryptographie, on parle alors de pseudo-transformation de Hadamard.
Le canotage se répandit ensuite sur les bords de Marne.
dix-huit rue du Cardinal L.M Bille, cinquante-trois, zéro zéro zéro, Laval
"Il remarque que les Aléoutes s'en servent comme ligne pour la pêche."
"Elle existe encore, désormais occupée par l'Église protestante du Nazaréen."
"Il occupe principalement le poste de joueur de troisième but mais patrouille aussi l'arrêt-court."
La conception devait nécessairement conduire à un modèle simple à construire et à exploiter.
Le jeu peut opposer deux joueurs ou un joueur et l’ordinateur.
En effet, il faudra supprimer la section cinq bis qui est une structure provisoire.
Sa superficie chevauche les cantons Hackett et Marmier.
Le glycérol est un sous-produit de la réaction de production du biodiesel.
Il est connu pour avoir exécuté certaines peintures murales dans des palais impériaux.
"La provenance de l'œuvre est inconnue."
Ce sera la première fois que ce type d’activité nait en milieu étudiant.
mais nous n’allons pas pouvoir vous embaucher finalement, votre profil ne correspond pas.
Ils prétendent qu’il a joué un rôle important dans l’assassinat de l’ayatollah Behbahani.
Il sembla que ce coup lui eût dit: « Allons!
"L'église est située dans le département français de Meurthe-et-Moselle, sur la commune de Rosières-aux-Salines."
Il est inhumé dans la chapelle Saint-Georges de son château de Puchheim.
Les caisses régionales d’épargne organisent, quant à elles, l’épargne.
"Il habitait alors dans la maison du patrice Probus, neveu de l'empereur Anastase."
Rien n’est imposé.
Des tablettes continues tiennent lieu de tailloirs.
"L'ouvrage a été traduit et adapté en allemand."
C’est bien gentil !
"Et il s'étonnait que sa mère eût raison, par le fait."
"Parallèlement, la pratique du graffiti urbain s'est propagée aux États-Unis puis en Europe."
"Il est sanctionné d'une amende par le club nordiste."
"Ainsi devisant, on atteignit l'écluse de Doncourt, qui arrêtait le convoi."
Des sites comme Tamuda et Ad Novas restent occupés par les Romains.
Pendant la Première Guerre mondiale, il combat en Galicie.
La vidéo débute lorsque Carey plonge dans la piscine et conduit un jet-ski.
"Vous pouvez redire ça s'il vous plait ?"
"Maria Tsantsanoglou, spécialiste de l'avant-garde russe, lui succède."
Imbécile, ne le mettez pas dessus, mais à côté. — Bien comme cela.
On étudiera quatre-vingt-douze leçons cette année.
Montauban était auparavant divisée entre les cantons de Montauban-Est et de Montauban-Ouest.
Mais il s’agissait d’occuper la fin de cette journée.
Le Canada a une ambassade à Tokyo et un consulat à Nagoya.
Il y a là une situation sans précèdent peut-être.
Les fleurs groupées sont suivies de fruits orange.
"Il quitte ensuite Bayeux pour Paris, avec le projet d'intégrer la Police."
Ce contexte permet de comprendre l’évolution de la trajectoire budgétaire.
"Le menhir mesure de hauteur pour de largeur et d'épaisseur."
Avenue Regrutto à Toulon
Il y a de l’eau en quantité.
Et encore moins aux taux nominaux.
"À l'est de la faille se trouve le groupe du Palais."
Je me lève tous les jours à six heures du matin.
Sur le cartonnier, une statuette en plâtre d’une Vénus quelconque.
L’été suivant, il participe au festival Visa Francophone en France.
Deux jours après, je quittais Madrid.
"L'élection s'est déroulé avant la création des partis politiques."
"Impossible de tuer le maire, ce n'est plus un simple crime."
"L'épreuve de double voit quant à elle s'imposer Elena Bryukhovets et Natalia Medvedeva."
C’est ce que nous ferons au cours des heures de débat qui nous attendent.
On y trouve quatre villages, Esiküla, Kassari, Orjaku et Tagaküla.
Elles firent sourdement explosion.
"Commune bordée au nord-est par l'Auze."
(Sourires.) Une fois n’est pas coutume, je vais donc vous lire une fiche.
Un paysan… c’est robuste, ça frotte plus longtemps.
"Il s'était marié avec Marie Denoyers."
On y accède par de marche depuis le Ponte Rossu.
"Ce sont les générations radicicoles de l'insecte qui sont dangereuses."
"De la vie s'attachait à sa vie, la doublait."
Rue du Maréchal Ornano au numéro trois
"Il n'y en a plus aucun."
Comment ?
"Le sous-marin bénéficie d'une nouvelle conception avec la recherche d'une plus grande discrétion acoustique."
"Leur origine reste incertaine, mais ils sont vraisemblablement les descendants d'oiseaux domestiques."
Le budget fixe les lignes directrices du Gouvernement et de sa majorité.
Çà, viennent-ils, nos compagnons ?
Elle s’en est tirée.
Un souffleur de verre de France est installé à Avrieux, dans une verrerie artisanale.
"Il l'obligea à voler des banques."
Des professeurs de breton.
Willow devient la nouvelle camarade de chambre de Buffy.
Sa carrière prend dès lors une ampleur internationale.
Une défaite surprise sur le gazon de Melbourne.
"trois chemin des Grous d'Aubin, quatre-vingt-onze, sept cent soixante à Itteville"
"Mais c'est surtout Bali qui est connue dans le monde pour cette tradition."
