ɛ l e t ɛ k ɔ̃ s t i t y e d ə m u s l i n n w a ʁ k ɔ l e s y ʁ l ə v i z a ʒ
s ɛ t p e ʁ j ɔ d k ɔ ɛ̃ s i d a a v ɛ k l ə m u v m ɑ̃ d a n ɛ k s j ɔ̃ d ə l a p e n e t ʁ a s j ɔ̃ f ʁ ɑ̃ s ɛ z
l a p ʁ e z ɑ̃ s d y l u d ɑ̃ n o t ʁ p ɛ i s ə ʁ ɛ t a k t y ɛ l m ɑ̃ d ə d ø s ɑ̃ s ɛ̃ k ɑ̃ t ɛ̃ d i v i d y
i l e k ɔ p f i n a l m ɑ̃ d ə d ø z ɑ̃ d ə s y s p ɑ̃ s j ɔ̃
ʁ u t d ə l a k ʁ w a z ɛ t o n y m e ʁ o d u z
ɛ̃ s i p u ʁ l ə f ʊ t b ɔː l l ə b eɪ s b ɔː l e l e k i t a s j ɔ̃ i l i a k a t ʁ k a t e ɡ o ʁ i
l ɔ ʁ d y m ɔ̃ d j a l i l ʒ u œ̃ m a t ʃ f a s a l e k i p d a ʁ ʒ ɑ̃ t i n
a p a ʁ t i ʁ d ə s ɛ t e d i s j ɔ̃ e ɡ a l m ɑ̃ l ə ʁ a v i t a j m ɑ̃ ɑ̃ k u ʁ s ɛ t o t o ʁ i z e
s ɑ̃ v ɛ̃ t d ø z e n ɔ t d ə m ə s j ø d a s j e e d
e k u t i j p ɔ ʁ t z e t ɑ̃ ʃ z e y b l o s ɔ̃ t u v ɛ ʁ
s ə l ɔ̃ f i l i p s u l j e s ɛ t œ̃ d ɔ l m ɛ n s ɛ̃ p l s ɛ t a d i ʁ s ɑ̃ k u l w a ʁ
ɑ̃ n e f ɛ s ɛ t a v ɛ ʁ t i s m ɑ̃ ɛ j ɑ̃ e t e b a z e s y ʁ y n l ɛ k t y ʁ ɛ ʁ o n e d e z i m a ʒ s a t ɛ l i t
ɛ l s ɔ̃ l e v ɛ n iə k o m i t ɑ̃ d ə l a ʁ t ɛ ʁ p y d ɑ̃ d a l ɛ̃ t ɛ ʁ n
s ə f y l a k t d ə n ɛ s ɑ̃ s d ə l a m y z i k d e ɡ i d
l e z a ʁ t i s t n ɔ̃ p a d ə b j ɔ ɡ ʁ a f i
p ɑ̃ d ɑ̃ l a ɡ ɛ ʁ d ə t ʁ ɑ̃ t ɑ̃ z ɛ l ɛ p i j e e d e t ʁ y i t a m ɛ̃ t ʁ ə p ʁ i z
s e ɛ p u ʁ l a s i m e t ʁ i m a d a m
a m ə s j ø ʒ ə ɛ n e p a ʁ ə ɡ a ʁ d e
l a d a t d ə k ɔ̃ s t ʁ y k s j ɔ̃ d ə l e ɡ l i z n ɛ p a k ɔ n y
i l s a ʒ i d y n s o s j e t e s p e s j a l i z e ɑ̃ ʁ e n o v a s j ɔ̃ d ə l o ʒ m ɑ̃
i l ɛ ʁ ə l v e d ə s ɔ̃ p ɔ s t a d m i n i s t ʁ a t i f p ʁ e s e d ɑ̃ p l y t a ʁ
s ɛ t a n e l ə p ʁ ə m j e m ɛ t ɔ̃ b œ̃ m ɛ ʁ k ʁ ə d i
l e s œ j n ə f ɔ̃ t ɔ f i s n i d ə t o t ɛ m n i d ə ʃ i f ɔ̃ ʁ u ʒ
l ə m e n a ɛ t a d m i n i s t ʁ e p a ʁ ɛ̃ t ʁ a v ɛ n ø z m ɛ l a v w a o ʁ a l a e t e e t y d j e
ʁ o b ɛ ʁ ɑ̃ t o n j o l i v i a s ɔ̃ d a l o ɑ̃ n i t a l i
k ɛ l k ə k u ʁ t i z ɑ̃ s ə p ʁ o m ɛ n d ɑ̃ l ə s a l ɔ̃ k i p ʁ e s ɛ d l a ɡ a l ʁ i
e l ɛ v d ə l e k ɔ l n ɔ ʁ m a l s y p e ʁ j œ ʁ ɛ l i d ə v j ɛ̃ p ʁ o f ɛ s œ ʁ s ɛ ʁ t i f j e d ə l ɛ t ʁ m o d ɛ ʁ n
l e m ɛ̃ d ə l ɔ̃ k l e d y n ə v ø s ə b ʁ w a j ɛ ʁ
ʒ i e b o k u t ʁ a v a j e p u ʁ m a f a m i j p u ʁ m a f a m n o z ɑ̃ f ɑ̃
ʁ i p ɔ s t l e z e p e t i ʁ e z œ̃ n ɛ s p a n j ɔ l ɛ t y e
s u ʁ i a e t e n a t y ʁ a l i z e e ɛ t ɛ k s p o z e o m y z e k ɑ̃ t o n a l d i s t w a ʁ n a t y ʁ ɛ l d ə s j ɔ̃
ɔ m p y ʁ i ɛ n e a ɑ̃ b a l a d ɑ̃ z y n f a m i j p ɑ̃ d ʒ a b i
f ʁ ɑ̃ n ʃ ɛ s k o n ə ɡ ʁ i ɛ n e d ɑ̃ z y n f a m i j a ʁ i s t ɔ k ʁ a t i k d ə b a s a n o
t ɛ l ɛ ɛ l ɔ b ʒ ɛ d ə l a d e m ɔ̃ s t ʁ a s j ɔ̃
θ j uː z ɛ t a l ɔ ʁ y n k ɔ p ʁ ɔ p ʁ i e t e ʁ w a j a l p a ʁ t a ʒ e a v ɛ k l a b a j s ɛ̃ m i ʃ ɛ l d ə k y k s a
s ɛ t ɑ̃ s ɑ̃ b l ɛ t œ̃ d e d i p l y v a s t s ɑ̃ k t y ɛ ʁ d ə l a ɡ o l ʁ o m ɛ n
l a k ʁ w a b l ɑ̃ ʃ ɛ l œ ʁ s i ɲ d ə ʁ a l i m ɑ̃
i l p ʁ ɑ̃ t a l ɔ ʁ l ə p s ø d o n i m d ə ʁ i k m a ʁ t ɛ l k i l y t i l i z d y ʁ ɑ̃ t u t s a k a ʁ j ɛ ʁ
ɔ̃ p y l e v w a ʁ a l ɑ̃ e v ə n ɑ̃ d ɑ̃ ɛ l o b ɛ ʁ ʒ
t ʁ w a ʁ ə k œ j p ɔ e t i k z ɔ̃ t e t e d ɔ n e z a s ə ʒ u ʁ
œ̃ p ɑ̃ t a l ɔ̃ b o k u t ʁ o ɡ ʁ ɑ̃
d e z a ʁ t i s t d ə ʁ ə n ɔ̃ t ɛ l k ə f ɹ a ŋ k s i n a t ʁ a u ɛ l v i p ʁ ə s l ɛ s i p ʁ o d y i z
s e p a p i j ɔ̃ s ɔ̃ d j y ʁ n
ʃ ɑ̃ t œ ʁ ɡ i t a ʁ i s t e p a ʁ o l j e i l ʒ u e ɡ a l m ɑ̃ d ə l a ʁ m o n i k a e d y p j a n o
l ə p a ʁ t i s ɔ p o z ɛ t a l ɛ̃ t ʁ y z j ɔ̃ d y p ʁ i v e d ɑ̃ l ə s i s t ɛ m d e d y k a s j ɔ̃ p y b l i k
v u d e f ɑ̃ d e d ɔ̃ k d e z ɔ ʁ m ɛ s ə k ə v u z a p l e z œ̃ ʁ e ʒ i m p a ʁ p w ɛ̃
k ə p ø d ɔ̃ k d i s i m y l e s ɛ t p ɔ ʁ t
w ɪ n t ə n ɛ t o s i l ə m ɛ j œ ʁ a k ɔ̃ p a n j a t œ ʁ d y m ɔ̃ d
t i p i k d ə s ɔ̃ s t i l ɛ l ʁ ə p ʁ e z ɑ̃ t l ə k ɔ̃ b a d e ʃ w ɑ̃ k ɔ̃ t ʁ l e ʁ e p y b l i k ɛ̃
l a m a ʃ i n a k a f e ɛ t ɔ̃ b e ɑ̃ p a n s ə m a t ɛ̃
i l f o s a v w a ʁ d i s t ɛ̃ ɡ e t ʁ ɛ k ɔ̃ k ʁ ɛ t m ɑ̃ ɛ l i d e o l o ʒ i d y p ʁ a ɡ m a t i s m
m ɛ s ə l a n a l ɛ p a ʒ y s k a ʁ ə f y z e l e z a f ɛ ʁ
y n p ʁ e z ɑ̃ s p o l i s j ɛ ʁ ɛ p ʁ e v y p u ʁ k ɔ̃ t ʁ e l e m a n i f ɛ s t a s j ɔ̃ d ɔ p o z ɑ̃
ɛ l f y k ʁ e e p a ʁ l e z ɛ l f d ə ɡ ɔ̃ d o l ɛ̃ e o ʁ ɛ t a p a ʁ t ə n y a t y ʁ ɡ ɔ̃
m i o k u ʁ ɑ̃ d e z a v ø d ə s a f a m a ʁ m ɑ̃ s ə s y i s i d ʁ a
k i m ə t i ʁ ʁ a d ə l a b ɛ l ə t w a l d i z ɛ t i l
ʃ a k m e t j e ɛ p ɔ ʁ t e p a ʁ d e s t ʁ y k t y ʁ d i f e ʁ ɑ̃ t
s ɛ t ɛ s p ɛ s ɛ n ɔ m e ɑ̃ l ɔ n œ ʁ d ə ʁ o b ɛ ʁ s i ʁ i l s t ɛ b ɛ̃
i l ɛ t œ̃ f ʁ ɛ ʁ d ə s ɜː ʃ a ʁ l b ɛ l
a ʁ i k b ʁ o e ɛ l ə f i s d i m i ɡ ʁ e ʒ y i f l i t y a n j ɛ̃
i l s y f i z ɛ p u ʁ t ɑ̃ d ə s ə ʁ ɑ̃ s ɛ n j e ɑ̃ m ɛ ʁ i
i l ɛ s a ʒ i d ə l a b ɔ n ʒ ɛ s t j ɔ̃ d ə ɛ l a ʁ ʒ ɑ̃ p y b l i k
ɛ l a p a ʁ t j ɛ̃ t a l a s y p ɛ ʁ f a m i j d e s y p ɛ ʁ o k s i d d i s m y t a z
l ə s y k ʁ ɛ l ə s ɛ k t œ ʁ d a k t i v i t e p ʁ ɛ̃ s i p a l d ə l a p a ʁ w a s d ə w ɛ s t m ɔː l ə n d
l e ɡ ʁ a p z e l e b ɛ s ɔ̃ d ə t a j m w a j ɛ n a ɡ ʁ ɑ̃ d
l a k a l i t e d e z o d e ɡ a v z a p ɛ ʁ m i l ə d e v l ɔ p m ɑ̃ d ə l a p i s i k y l t y ʁ
i l d e v w a l t u t y n ʒ e n e ʁ a s j ɔ̃ d ə k ʁ e a t œ ʁ z ɛ̃ t ɛ ʁ d i d ɛ k s p o z i s j ɔ̃ s u l ə ʁ e ʒ i m k ɔ m y n i s t
n u z a v ɔ̃ ʃ w a z i d ə l i b e ʁ e e ɑ̃ m ɛ m t ɑ̃ d ə p ʁ o t e ʒ e l e t ʁ a v a j œ ʁ z ɛ̃ d e p ɑ̃ d ɑ̃
i l s y i p a ʁ a l ɛ l m ɑ̃ d e z e t y d z a l a s ɔ ʁ b ɔ n
i l f y t e ɡ a l m ɑ̃ e v ɛ k d ə p w a t j e
ɔ̃ f ɛ ʁ m l e z j ø z o v e ʁ i t e
ʁ i ɛ̃ d ə t ɛ l d ɑ̃ v o t ʁ b y dʒ ɛ
s e ɛ b j ɛ̃ l ə p a ʁ l ə m ɑ̃ k i l ə p ʁ e s i z ʁ a
l e ʃ o z k ə ʒ ə n ɛ m p a
l e z e f ɛ d e a n ɔ̃ s k ɔ̃ t ʁ a d i k t w a ʁ d e z o ʁ j ɑ̃ t t u l m ɔ̃ d
o k u ʁ d ə s a d e t ɑ̃ s j ɔ̃ ɔ l t ɔ̃ d ə v j ɛ̃ œ̃ n ɛ k s p ɛ ʁ ʒ y ʁ i d i k a m a t œ ʁ
œ̃ d i s p o z i t i f p ɛ ʁ m ɛ t e ɡ a l m ɑ̃ l ə p a s a ʒ ɑ̃ m a ʁ ʃ a ʁ j ɛ ʁ
a l e d y v j ɛ ʁ z e ʁ o œ̃ t ʁ w a s ɑ̃ k a t ʁ v ɛ̃ s ɛ̃ s i ʁ s y ʁ m ɑ̃ t ɔ̃
l ə k ɑ̃ d i d a d y p a ʁ t i k e b e k w a z ɛ f ʁ e d e ʁ i k s ɛ̃ ʒ ɑ̃
s ɛ ʁ t ɛ n d ə m e z ɛ̃ t ɛ ʁ o ɡ a s j ɔ̃ s ɔ̃ s ɑ̃ b l a b l z o v oː t ʁ
l ə v e ʁ i t a b l k ɔ̃ p a n j ɔ̃ d e ʁ i k m o ʁ n a e t ɛ t a l ɔ ʁ ɑ̃ t ʁ ɛ̃ d ə m u ʁ i ʁ d y s i d a
l ɔ k l y z j ɔ̃ d ə s e v ɛ n z ɛ ʁ ɛ s p ɔ̃ s a b l d y s ɛ̃ d ʁ o m d ə b y d ʃ j a ʁ i
ʁ y ʒ ɔ ʁ ʒ m e l j e s w a s ɑ̃ t m i l d ø s ɑ̃ t ʁ ɑ̃ t ʃ ɑ̃ b l i
s ɛ l a p ʁ ə m j ɛ ʁ f ɛ ʁ m e o l j ɛ n o k a n a d a a p a ʁ t ə n ɑ̃ e m ɛ̃ t n y p a ʁ y n m y n i s i p a l i t e
i l f ɔ ʁ m a v ɛ k l a ʁ ɔ̃ d i s m ɑ̃ d ə l u v ɛ̃ l a p ʁ o v ɛ̃ s d y b ʁ a b ɑ̃ f l a m ɑ̃
i l f o k ʁ w a ʁ k ə l a k y v k a t a l a n m a ʁ k ɛ t y n l i m i t p u ʁ l a t ɔ n ɛ l ʁ i
s ə p ɑ̃ d ɑ̃ l a f ɔ̃ d a s j ɔ̃ a k ɔ̃ t i n y e a f ɔ̃ k s j ɔ n e ɑ̃ d i s t ʁ i b y ɑ̃ d e d ɔ̃ p ʁ i v e
i l n ə s ɑ̃ n a t ʁ i s t p a z i l ɛ d ə p j ɛ ʁ
i l ɡ ʁ ɑ̃ d i t o ʃ a t o d ə b ʁ o n f ɛ l z e ʁ ə s w a y n s o l i d e d y k a s j ɔ̃ y m a n i s t k ʁ e t j ɛ n
s e t ɛ t y n a f ɛ ʁ l j e a l a b ɑ̃ k u s t ʁ i k
s ɛ̃ s ɑ̃ k a t ʁ v ɛ̃ s ɛ z ʃ ə m ɛ̃ d ə l a t ʁ a v ɛ ʁ s e k a t ʁ v ɛ̃ d i s ɛ t s ɑ̃ k a t ɔ ʁ z t ʁ w a ʁ i v j ɛ ʁ
l e d i s k s ɔ̃ f ɔ ʁ m e p ʁ ɛ̃ s i p a l m ɑ̃ d ə l e l j ɔ m i s y d ə l e t w a l d ɔ n ø z
d ɑ̃ l ə m ɛ m t ɑ̃ i l ɛ ɡ z ɛ ʁ s l a p ʁ o f ɛ s j ɔ̃ d a v o k a
p u ʁ t ɑ̃ ɛ l l a k a b l a d ə k ɔ̃ s ɛ j
m a l ɡ ʁ e s ɔ̃ ʒ ø n aː ʒ s ɛ t œ̃ n ɑ̃ f ɑ̃ t ʁ ɛ z e v ɛ j e k i k ɔ̃ p ʁ ɑ̃ b o k u d ə ʃ o z
ʒ ə l ə ʁ ə t i ʁ
s ɔ̃ f i s o ɡ y s t ɛ̃ d e z i ʁ e p a ʒ u ɛ l y i o s i p ɛ̃ t ʁ
ɛ l k ɔ m ɑ̃ s p a ʁ ɛ t ʁ ʁ e s ɛ p s j ɔ n i s t d ɑ̃ l o t ɛ l ʁ i d ə l y k s a p a ʁ i
i l k o ʁ ɛ s p ɔ̃ a p ø p ʁ ɛ z a l œ ʁ s o l ɛ ʁ m w a j ɛ n d y w ɛ s t
s ə ʒ ɑ̃ ʁ ɛ n ɔ m e ɑ̃ l ɔ n œ ʁ d ə dʒ əʊ ə k ɪ m a d i
a k ɔ̃ t ʁ a ʁ j o v u m i n o ʁ e f ɔ ʁ t ə m ɑ̃ ɛ l ɛ̃ d ɛ m n i t e k ɔ̃ p ɑ̃ s a t w a ʁ d ə f ɔ ʁ m a s j ɔ̃ d ɛ s t i n e o z ɑ̃ p l w a j œ ʁ d e a p ʁ ɑ̃ t i
ʁ y d y ɡ a l ɔ ʁ s w a s ɑ̃ t s ɛ̃ k t ʁ w a s ɑ̃ k a t ʁ v ɛ̃ z o ʁ ɛ̃ k l
l ə k l œ b p a ʁ t i s i p ɛ̃ s i o t u ʁ p ʁ e l i m i n ɛ ʁ d ə l i ɡ d e ʃ ɑ̃ p j ɔ̃
ɑ̃ k u ʁ a ʒ e p a ʁ s e z ɔ f i s j e z i l p ʁ e z ɑ̃ t e ʁ e y s i œ̃ n ɛ ɡ z a m ɛ̃ p u ʁ œ̃ b ʁ ə v ɛ d ɔ f i s j e
i l ɛ n a ʁ i v ʁ a ʁ j ɛ̃ n a m ɔ̃ p o v ʁ n i k
s e ɛ t o s w a ʁ d ə l œ ʁ v i k i l z a v ɛ f ɛ k ɔ n ɛ s ɑ̃ s e s ɪ m p ə θ ɪ s eɪ
ʁ y d e ɡ l ə v j ɛ n k ɛ̃ z d ø s ɑ̃ s ɛ̃ k ɑ̃ t k ʁ ɑ̃ d ɛ l
d ə n ɔ̃ b ʁ ø n w a j o d ə l i s a ʒ ɔ̃ t e t e p ʁ o p o z e p u ʁ l a k ʁ e a s j ɔ̃ d ə p i ʁ a m i d
ʒ ə ɡ u t a s e l e t a d ə k ɔ̃ v a l ɛ s ɑ̃ s
ʃ ə m ɛ̃ l a k l o t z e ʁ o n œ f s ɑ̃ k a t ʁ v ɛ̃ d i ɡ a ʒ ɑ̃
d i ʃ ə m ɛ̃ p l ɔ m k a ʁ ɑ̃ t t ʁ w a t ʁ w a s ɑ̃ k a t ʁ v ɛ̃ d i z a v e z e z u
m ɛ ɡ ʁ aː s a y n a s t y s j ø z p i ʁ w ɛ t ʒ a k i s o v l a s i t y a s j ɔ̃
l a d ʁ w a t a d e s i d e d ə ʁ ə m ɛ t ʁ ɑ̃ k o z s a p ʁ ɔ ɡ ʁ ɛ s i v i t e
m ɔ̃ d j ø s a ɛ n a ɛ l ɛ ʁ d ə ʁ j ɛ̃
i l s ɔ̃ t ʁ ɛ l j e a v ɛ k l ə ɡ ʁ u p ð ə m i s j ɔ̃
ʒ ɛ t s ə l y i l a k i ɛ d e ʃ i ʁ e
i l p ɔ ʁ t ɛ t œ̃ b u k ɛ d ə v j o l ɛ t z a l a b u t ɔ n i ʁ
l e s ɔ l d a z o s t ʁ a l j ɛ̃ f i d ʒ j ɛ̃ ʒ a m a i k ɛ̃ m a l ɛ n e o z e l ɑ̃ d ɛ z e s ɛ̃ ɡ a p u ʁ j ɛ̃ z y t i l i z ɛ d e z a ʁ m v ə n ɑ̃ d o s t ʁ a l i
l a p a ʁ ɔ l ɛ t a m ə s j ø ʒ ɑ̃ l w i d y m ɔ̃ p u ʁ s u t n i ʁ ɛ l a m ɑ̃ d m ɑ̃ n y m e ʁ o v ɛ̃
s ɛ t f i j l a ɛ s ɑ̃ n e t ɛ b j ɛ̃ t i ʁ e
l a s t a s j ɔ̃ s ə t ʁ u v d ɑ̃ l ə k a ʁ t j e d ə a v ɔ̃ d a l
œ̃ s a l a d j e l y i e ʃ a p d e m ɛ̃ z e s ə k a s
k ə d e a l ə z e v ə n y k ə d ə k u ʁ s z e k ɔ̃ t ʁ k u ʁ s
s ə t i t ʁ a e t e k ɔ̃ s y p a ʁ a t l y e e d i t e ɑ̃ n ø ʁ ɔ p p a ʁ ɡ əʊ s t l aɪ t
a l a p ʁ ɔ ʃ d e m ɔ̃ d ə f l ɑ̃ d ʁ y ʁ b ɛ̃ a n s iː ʌ w a l ɔ j v ɛ ʁ s t ʁ a ɛ t ɛ n e ʃ a ʁ l d ə ʁ y i t e s e ʃ a p
s e z a m ɑ̃ d m ɑ̃ k ɔ̃ s ɛ ʁ n t œ̃ s y ʒ ɛ k ə n u z a v ɔ̃ z e v o k e p l y z j œ ʁ f w a
a v ɛ k l e k i p d ə n j uː k a s əl j uː n aɪ t ɪ d i l ɡ a ɲ t ʁ w a k u p d ɑ̃ ɡ l ə t ɛ ʁ
b ɔ̃ ʒ u ʁ s a ʁ a
ʒ ɔ ʁ ʒ d ɑ̃ t ɔ̃ s ɛ z i l a ʁ ɡ y m ɑ̃ o v ɔ l
i l i a y n v w a t y ʁ s y ʁ l ə b ɔ ʁ d ə l a ʁ u t
l ɑ̃ d ʁ i d ə s w a n i s ɔ̃ f i s o ʁ ɛ ʁ ə n ɔ̃ s e a l a ʃ a ʁ ʒ
y n d e b u ʁ t ɔ̃ b ə o m i l j ø d e b ʁ u s a j s ə ʃ l e z a v ɛ t ɑ̃ f l a m ə
ʒ ə ʁ ə m ɛ ʁ s i t u t s ɛ l z e t u s s ø k i ɔ̃ v o t e s ɛ t p ʁ o p o z i s j ɔ̃ d ə l w a
v ɛ̃ t d ø ʁ y d y d ɔ k t œ ʁ ʒ i ɡ ɔ̃ v ɛ̃ t t ʁ w a m i l t ʁ w a s ɑ̃ l a s u t ɛ ʁ ɛ n
ɛ̃ p a s e p l a s d e m j o z o t i s ɛ̃ k ɑ̃ t s ɛ̃ m i l t ʁ w a s ɑ̃ d i t ʁ ɔ̃ v i l ɑ̃ b a ʁ w a
s ə l a s ɑ̃ b l o t m ɑ̃ ɛ̃ p ʁ o b a b l k a ʁ l ə m a ʁ ʃ e o s i a p ʁ i y n o t ʁ d i m ɑ̃ s j ɔ̃
ɔ̃ l ə t ʁ u v d ə s i d n ɛ o k w iː n s l ə n d
y n a s ɛ ʁ s j ɔ̃ ɛ t y n p ʁ o p o z i s j ɔ̃ a f i ʁ m a t i v u n e ɡ a t i v d ɔ n e k ɔ m v ʁ ɛ
s ɛ t p l a s s ə s i t y a k o t e d y ɡ ʁ ɔ z o l ɛ̃ p j a ʃ ɑ̃ z
ɛ k s ɛ l ɑ̃ l a p a ʁ ɔ l ɛ t a m ə s j ø n i k o l a d y i k
s ə f ə z ɑ̃ v u z ɔ ʁ ɡ a n i z e l ə k a o
a ɑ̃ v i ʁ ɔ̃ o n o ʁ ɛ s t s ə t ʁ u v l i l d ə m ɔ o a
o s i l ə m ə n a s t e ɛ l d ə f ɛ ʁ d ə m ɛ m a v ɛ k f ʁ ɛ d ɑ̃ s ɛ n œ̃ ʃ ɛ f d ɔ ʁ k ɛ s t ʁ
ʒ ə ɛ n e p a z y a ɛ m ɑ̃ n ɛ̃ k j e t e
ɛ l a m ɑ̃ d m ɑ̃ n y m e ʁ o s i s ɑ̃ s w a s ɑ̃ t d i s ɛ t ɛ ʁ ə l a t i f o s o s j e t e k i ʒ ɛ ʁ t œ̃ p a t ʁ i m w a n
ɔ̃ ʃ w a z i t a ʁ b i t ʁ ɛ ʁ m ɑ̃ l œ̃ d ə s e s i k l
ʒ ə f ə z ɛ z a t ɑ̃ s j ɔ̃ k i l n ə t ɔ̃ b p a
l e f ʁ ɛ j œ ʁ d ə s ɔ̃ m a ʁ i l e k œ ʁ ɛ
l e p ʁ ø v d ə d u b l v w a k ɑ̃ t a ɛ l s ɛ̃ p o z e m a n ɔ̃ b ɔ l ɡ ʁ a f e ʁ ɛ n e s t œ b
s ɑ̃ y i ʁ u t d ə s a m w a j a z e ʁ o s ɛ t s ɑ̃ b u l j ø l ɛ a n o n ɛ
i l ɛ s a ʒ i d e œ̃ n a m ɑ̃ d m ɑ̃ d ə s ɛ̃ p l i f i k a s j ɔ̃
l ɑ̃ d ʁ w a ɛ p a ʁ k ɔ̃ s e k ɑ̃ l ə p l y v j ø k a ʁ t j e d ə l a s i t e
s ɛ t œ̃ v e ʁ i t a b l ʒ e n o s i d
ʃ ə m ɛ̃ d ə b i k ɔ k a k a ʁ m o
a l ɔ ʁ ɛ s i l v u p l ɛ p a d ə k a ʁ i k a t y ʁ a s ə s y ʒ ɛ
l e m ɑ̃ v i l ø m ɛ m z e t ɛ p ʁ o t ɛ s t ɑ̃ d ə l ɔ̃ ɡ d a t
ɛ k s k y z e m w a ɛ s ə k ə v u z o ʁ j e l œ ʁ s i l v u p l ɛ
t y v ə n ɛ d ə f i n i ʁ t e z e t y d d ə d ʁ w a
i l a e t e l e l ɛ v d ə ʒ a k ɔ b d ə ɡ ɛ n
l ə l a ʁ z a k ɛ t œ̃ t y ʁ b o ʁ e a k t œ ʁ d u b l k ɔ ʁ d u b l f l y d e p u ʁ v y d ə p o s t k ɔ̃ b y s t j ɔ̃
a ʒ ə l a k ɔ n ɛ s ɛ t a n ɔ̃ s l a
l a p a ʁ ɔ l ɛ t a m ə s j ø s e b a s t j ɛ̃ y i ɡ p u ʁ s u t n i ʁ ɛ l a m ɑ̃ d m ɑ̃ n y m e ʁ o v ɛ̃ t t ʁ w a
d ɑ̃ l a d i s k y s j ɔ̃ ʒ e n e ʁ a l l a p a ʁ ɔ l ɛ t a m ə s j ø p a t ʁ i s m a ʁ t ɛ̃ l a l ɑ̃ d
e t ɔ n e i l p ʁ ɑ̃ l i ʁ ə l i d ə v j ɛ̃ œ̃ n o t ʁ ɔ m
s ə p ɑ̃ d ɑ̃ s e z œ v ʁ ʁ ə s y ʁ d ə n ɔ̃ b ʁ ø z k ʁ i t i k
l e ʁ ə p ʁ e z ɑ̃ t a s j ɔ̃ d y n i f ɔ ʁ m n a s j o n o f y ʁ l œ̃ d e t ɛ m d ə s ɛ t f i l a t e l i p ʁ o p a ɡ ɑ̃ d i s t
i l ʒ u s ɔ̃ p ʁ ə m j e m a t ʃ ɔ f i s j ɛ l l ə l ɔ ʁ d ə l a ʁ ɑ̃ k ɔ̃ t ʁ k ʁ i s t a l p a l a s ʃ ɛ f iː l d w ɛ n z d eɪ
k ɪ d ɪ b uː ɛ l y n d e p ʁ ɛ̃ s i p a l m a ʁ k d y ɡ ʁ u p b ɔ̃ ɡ ʁ ɛ̃
o k œ̃ m u v m ɑ̃ n ə t ʁ a i s ɛ s a m a ʁ ʃ a t ʁ a v ɛ ʁ ɛ l ɛ s p a s
p l y z j œ ʁ z ɛ̃ t ɛ ʁ p ʁ e t a s j ɔ̃ d y t ɛ ʁ m ɛ ɡ z i s t
m ɛ d e t ɛ ʁ m i n e s ɛ t d ɛ ʁ n j ɛ ʁ p ʁ ɑ̃ t y n a n e p u ʁ a p ʁ ɑ̃ d ʁ l a l ɑ̃ ɡ
p a ʁ t u s ə l a a l a f w a d i d o l o ʁ i d a
l i z ʁ ə f y z s ɛ t p ʁ o p o z i s j ɔ̃ k ɛ l ʒ y ʒ ɛ̃ k ɔ̃ ɡ ʁ y
ɛ l ɛ t o s i k ɔ n y p u ʁ e k ʁ i ʁ d e z y k ʁ o n i
d ə p y i s ə t ɑ̃ o k y n ʁ e n o v a s j ɔ̃ n a e t e ɑ̃ ɡ a ʒ e
s ɛ ʁ t ɛ̃ s ɛ ʁ k l ʃ ɑ̃ ʒ ɛ ʁ d e a p ɛ l a s j ɔ̃
s ɛ t s ɛ k s j ɔ̃ p ʁ e z ɑ̃ t l ə ʁ e z y l t a d y k ɔ̃ k u ʁ d a b i l t e
f i n a l m ɑ̃ i l a e t e k a p a b l d ə l ə f i n i ʁ s ɑ̃ s ɔ m ɛ j
d ɑ̃ s e ʒ a ʁ d ɛ̃ z ɔ̃ t ʁ u v e f ɛ k t i v m ɑ̃ y n p ə t i t s t a t y d ə ʃ ɛ v ʁ ɛ l o s i m e t a l i k
l ə m e ʁ i d j ɛ̃ d ə ɡ ɹ ɛ n ɪ tʃ t ʁ a v ɛ ʁ s l a k ɔ m y n o n i v o d ə l e ɡ l i z
p ɑ̃ d ɑ̃ d ø z ɑ̃ ʒ ə p ɛ ʁ s a t ʁ a s
s e ɛ ʁ ə p a ʁ t i p u ʁ y n v i d ɑ̃ ʒ
l uː k  o d o ʁ o w i k z a d e v l ɔ p e s ɔ̃ p ʁ ɔ p ʁ m o t œ ʁ p u ʁ ʁ e a l i z e l ə ʒ ø
l ə ʒ y ʁ a s j ɛ̃ ɛ l a v ɛ s y ʁ n ɔ m e m i m o l ɛ t a k o z d ə s ə l a
ʒ ə ɛ n e o k y n ɛ k s p l i k a s j ɔ̃ s j ɑ̃ t i f i k a a p ɔ ʁ t e p u ʁ k ɔ̃ f i ʁ m e m e d i ʁ
s ɔ̃ t ʁ a v a j a l i e m o f ɛ ʁ d ə ʁ e k y p e ʁ a s j ɔ̃ e t ɛ k n i k m i k s t
p a d ə d e l i k a t ɛ s
l e ʒ y ʒ d w a v t e s ɛ j e d ə ʁ ə l j e k ɔ̃ v n a b l ə m ɑ̃ d ɛ s k ʁ i p s j ɔ̃ z e s i b l
l ə ɡ ʁ u p l e ʁ e p y b l i k ɛ̃ n ə v o t ʁ a p a ɛ l a m ɑ̃ d m ɑ̃ d ə s y p ʁ ɛ s j ɔ̃
l e p ʁ ə m j ɛ ʁ p ʁ e s i z k ə l w a z o e t ɛ f a s i l a a t ʁ a p e m ɛ m s i l p u v ɛ v o l e
d ɔ̃ t i l k ɔ̃ v j ɛ̃ d ə s u l i n j e ɛ l ɛ̃ t ɛ l i ʒ ɑ̃ s
i l t ʁ a v a j ɑ̃ s y i t k ɔ m k a d ʁ d ə b o d ɛ n b a ŋ k
a v i d e f a v o ʁ a b l p u ʁ l e m ɛ m ʁ ɛ z ɔ̃
a l a m i s ɛ z ɔ̃ i l ʁ ə ʒ w ɛ̃ t œ̃ n o t ʁ k l œ b d ə d ø z j ɛ m d i v i z j ɔ̃ l ə v ɔ l ɡ a ʁ ɡ a z p ʁ ɔ m a s t ʁ a k ɑ̃
i l n ɑ̃ f y p a z ɛ̃ s i
l e k ɛ l k ə s e p y l t y ʁ z a i n y m a s j ɔ̃ d ɑ̃ d e z ɑ̃ f o ʁ k ɔ̃ s ɛ ʁ n l e z ɑ̃ f ɑ̃
ʒ y s k a j ɛ ʁ i l n ə k ɔ n ɛ s ɛ p a l a n u v ɛ l
n u z a p l o d i s ɔ̃ z o ʃ ɔ k d ə s ɛ̃ p l i f i k a s j ɔ̃
i l ɛ p ɔ s i b l e ɡ a l m ɑ̃ k ə l y n d e m ə z y ʁ s w a f o s e
n u v ɛ ʁ ɔ̃ s i l ə t ɛ k s t a t ɛ̃ k ɛ l k ə z œ̃ d ə s e z ɔ b ʒ ɛ k t i f
i l ɛ s e t ɛ d i v w a l a œ̃ b u ʁ ʒ w a k i s ɔ ʁ d ə f ɛ d o
n u d ə v j ɔ̃ z ɑ̃ p a ʁ l e
l a k ɔ m y n o t e a m i ɑ̃ p l a s œ̃ ʁ e ʒ i m d ə t a k s p ʁ o f ɛ s j ɔ n ɛ l y n i f j e
ʁ y ɡ a b ʁ i ɛ l p ə ʁ ɛ l v ɛ ʁ n ɔ̃
l a p a ʁ ɔ l ɛ t a m a d a m ʒ a k l i n f ʁ ɛ s p ʁ ə m j ɛ ʁ o ʁ a t ʁ i s ɛ̃ s k ʁ i t s y ʁ ɛ l a ʁ t i k l
k l ɛ p a p ʁ e s i z k ɛ l k ɔ̃ t i n y ʁ a a e k ʁ i ʁ d e ʁ o m ɑ̃ s z i s t o ʁ i k d ɑ̃ l ə f y t y ʁ
l a s o s j a s j ɔ̃ k ɔ̃ t i n y s a m i s j ɔ̃ ɑ̃ s i z ʒ ɔ ʁ d a n i
l a ʁ ʃ i p ɛ l ɛ k ɔ̃ s i d e ʁ e k ɔ m l œ̃ d e b ɛ ʁ s o d ə l a k y l t y ʁ s w a i l i
ʁ y d ə l ɑ̃ ɡ o n z o n y m e ʁ o œ̃
ʒ o n f y ʁ a p i d m ɑ̃ ʁ ə n ɔ m e k ɔ̃ t e d ə k ɛ n t e l ə s j ɛ ʒ f y p l a s e a d o v e
s ɛ t w a z o v i ɑ̃ k o l ɔ̃ b i o k ɔ s t a ʁ i k a ɑ̃ n e k w a t œ ʁ e o v e n e z y ɛ l a
v u s ɔ̃ ʒ j e z o m a l ɑ̃ d ʁ ɛ̃ s ɑ̃ z ɑ̃ p j e t e s y ʁ l e s a l a d d ə p ɔ m d ə t ɛ ʁ
ɛ l d w a s ɔ̃ n ɔ̃ o s a p ɛ̃ k i l a b ɔ ʁ d t u t o l ɔ̃ d y t ʁ a s e
ʒ ə m ɛ z o v w a ɛ l ɑ̃ s ɑ̃ b l d ə l a p ʁ o p o z i s j ɔ̃ d ə l w a
ɛ l p ɔ s ɛ d t ʁ w a ɡ ʁ u p d ə d ø z j ø t u s n ɔ k t y ʁ n z e œ̃ s e f a l o t o ʁ a k s f ɔ ʁ t ə m ɑ̃ b ɔ̃ b e
i l a e ɡ a l m ɑ̃ d e v l ɔ p e l ə ɡ ʁ u p e ɑ̃ n ɛ t a k t y ɛ l m ɑ̃ l ə m a n a ʒ e
o m e f y t ɑ̃ t e d ə s y i v ʁ l e z a v i d ə s e z ɛ̃ s t ɛ̃
d ø m o s ø l m ɑ̃
s ɛ t e v ɛ n m ɑ̃ y n i k ɛ s a p ɛ l a l ɔ ʁ l e k ɔ̃ p e t i s j ɔ̃ l a b a t t ʁ w a ʁ i v j ɛ ʁ
ʁ y d y m aʊ t i s ɛ̃ k ɑ̃ t s ɛ̃ k t ʁ w a s ɑ̃ v ɛ̃ l e m ʌ n t aɪ ɹ ə n z
l a k ɔ m y n ɛ l ə p l y ɡ ʁ o p ʁ o d y k t œ ʁ d ø e d ə d ɛ̃ d d ə l e t a
ɛ̃ s i d ɔ̃ k
ɛ l f ɛ p a ʁ t i d y ɡ ʁ u p d ə l a ɡ a l ɛ n
l a f ɛ ʁ s ɑ̃ t ɔ l s ɛ ʁ a s ɛ ʁ t ɛ̃ p u ʁ a t a k e l a m a ʒ i s t ʁ a t y ʁ
ɛ l e k o n o m i d ə s p a l ə m tʃ iː n ʁ ə p ɔ z s y ʁ l ə d e v l ɔ p m ɑ̃ i m o b i l j e e l a ɡ ʁ i k y l t y ʁ
l ə b ɔ s k o n a ʒ i p a s œ l p y i s k y n v ɛ̃ t ɛ n d ɔ m s ə s i t y d ɑ̃ s a m u v ɑ̃ s
n ə v ə n e p a n u z ɛ k s p l i k e i s i s ə k ə v u n ə f ə ʁ e p a d ə m ɛ̃
p u ʁ t u s d e t ɑ̃ d i f i s i l s ə p ʁ o f i l
i l n ə ʁ ɛ s t p l y k a p a s e a o t ʁ ʃ ɔ z
l a p l a t f ɔ ʁ m f ɛ ʁ o v j ɛ ʁ ɛ ɡ z i s t t u ʒ u ʁ
ɔ̃ d i ʁ ɛ k ə v u z ɑ̃ n ɛ t z a m u ʁ ø
i l s ə p ø k i l n u z e k ʁ a z t u t ɛ p ɔ s i b l
v ɛ ʁ s ɛ̃ k œ ʁ l ə ʒ u ʁ k ɔ m ɛ n k a a s ə f ɛ ʁ
s e ɛ ɛ l e s ɑ̃ s j ɛ l
i l ɛ l o t œ ʁ d ə p l y z j œ ʁ l i v ʁ k i f ɔ̃ ʁ e f e ʁ ɑ̃ s
i l a f ɔ̃ d e e i l d i ʁ i ʒ l ə s ɑ̃ t ʁ d e ɛ t i k k ɔ̃ t ɑ̃ p o ʁ ɛ n
s i v u l e p ɛ̃ s e z a p l e m w a e ʒ ə m ə ʃ a ʁ ʒ d y ʁ ɛ s t
ʁ y d ə l a ɡ ʁ ɑ̃ d s ɔ m ɡ e o n y m e ʁ o v ɛ̃ t s ɛ t
p l y z j œ ʁ ʁ a s f y ʁ t ɛ̃ s i s e l ɛ k s j ɔ n e p u ʁ l œ ʁ k a l i t e a ʃ a s e e t y e s e ʁ ɔ̃ ʒ œ ʁ
l ə s ɛ̃ p l f ɛ m a d a m l a m i n i s t ʁ d e a b ɔ ʁ d e s ə d e b a ɛ t ɛ̃ k j e t ɑ̃
s i ʒ i e t ɛ
m ɛ ʁ t ə ʁ z a l a ʁ ɑ̃ v w a ɑ̃ l y i d ə m ɑ̃ d ɑ̃ d ə m y ʁ i ʁ s ɔ̃ ʃ w a
ɛ l s ə ʁ ɑ̃ k ɔ̃ t ʁ d ə ʁ a v ɑ̃ ʃ ɔ a k ɛ ʁ n
i l ɛ d i p l o m e d ə l ɛ̃ s t i t y d ə t ɛ k n o l o ʒ i d ə ʁ o ʃ ɛ s t e ɑ̃ s ɛ k s j ɔ̃ i l y s t ʁ a s j ɔ̃ m e d i k a l
l e p ʁ ə m j e s u v ɑ̃ a k ɔ̃ p a n j e d ə ʃ j ɛ̃ s ɔ̃ l e m w ɛ̃ n ɔ̃ b ʁ ø
a x m ɛ d a b d y l a ɛ t u ʒ u ʁ t ʁ ɛ z a k t i f
l a p a ʁ ɔ l ɛ t a m ə s j ø ʒ ɑ̃ m a ʁ i s ɛ ʁ m j e p u ʁ s u t n i ʁ ɛ l a m ɑ̃ d m ɑ̃ n y m e ʁ o t ʁ ɑ̃ t
d i f l a m s ə d a ʁ d ɛ ʁ d y b a l k ɔ̃
u k ʁ a ɛ̃ k a p ɔ s ɛ d p l y z j œ ʁ k l œ b d ə v w a l e d ə n ɔ̃ b ʁ ø z z ɛ̃ s t a l a s j ɔ̃ s p ɔ ʁ t i v
s ə d e p a ʁ d ə l aː m ɛ ʒ y s t m ɑ̃ l a k o z d ə l a m a l a d i
ɛ l n ə p ɔ s ɛ d o k œ̃ k ɔ̃ p a n j ɔ̃ k ɔ n y
k ɒ k ə ɹ i s ə t ʁ u v a d ə p ʁ ə ʁ ɔ v a d o l o m u k e a a d ə p ʁ a ɡ
l a k ɛ s t j ɔ̃ d œ̃ n e v ɑ̃ t y ɛ l ʁ a t a ʃ m ɑ̃ a l a ʁ e ʒ j ɔ̃ b ʁ ə t a ɲ f ɛ l ɔ b ʒ ɛ d œ̃ d e b a ʁ e k y ʁ ɑ̃
l ə ɡ ʁ u p y t i l i z d a b ɔ ʁ y t i l i z e l ə n ɔ̃ d ə p a ʁ t i z ɑ̃ t k a m j ɛ ʒ s k a
l e k a l ɑ̃ d ʁ i e l o k o k ɔ̃ t j ɛ n s u v ɑ̃ l e n ɔ̃ s e l e b ʁ e s y ʁ œ̃ ʒ u ʁ d ɔ n e
o k y n ɔ b s ɛ ʁ v a s j ɔ̃ a t ɛ s t e d ə s ɛ t b a l ɛ n v i v ɑ̃ t n a e t e ʒ y s k a p ʁ e z ɑ̃ ɑ̃ ʁ ʒ i s t ʁ e
m ɔ̃ n i m a ʒ i n a s j ɔ̃ k ɔ m ɑ̃ s a s a s e ʃ e
i l s a ʒ i d y p ʁ o ʒ ɛ p a ʁ a l ɛ l d y ʃ ɑ̃ t œ ʁ ʁ o ʒ e m i ʁ ɛ d y ɡ ʁ u p a ɡ n ɔ s t i k f ʁ ɔ̃
s e z w a z o v i v p a ʁ p ɛ ʁ u ɑ̃ p ə t i ɡ ʁ u p
m ə s j ø d ə tʃ ɑː n i m y ʁ m y ʁ a t e i l
v o t ʁ p ʁ o p o z i s j ɔ̃ s y ʁ l ə t ɛ ʁ ɛ̃ ɛ d e ʒ a a p l i k e
ɔ̃ n ə k ɔ n ɛ p a l ə k ɔ m ɑ̃ d i t ɛ ʁ d o ʁ i ʒ i n
l ə ʁ ə f y ʒ f o n i k d e b a t y ʁ d ə s ɛ̃ f y l ʒ ɑ̃ s ɛ t œ̃ l j ø d ə p ʁ o t ɛ k s j ɔ̃ p u ʁ l a s o v a ʒ i n
k ə l ə t ɑ̃ s w a b o u p a s ə ɛ n ɛ p a ɡ ʁ a v
n u p ʁ o p o z ɔ̃ d ɔ̃ k d ə d i m i n y e l ə n ɔ̃ b ʁ d ə m ɑ̃ b ʁ d y o k ɔ̃ s ɛ j
l a f ɑ̃ t d ə l ɛ ɡ y i j ɔ̃ e ʁ ɛ k t i l ɛ p l y s ɔ̃ b ʁ
l a ʁ m e e t ɛ t y n s i t a d ɛ l m u v ɑ̃ t
s ɔ̃ s ɑ̃ t ʁ ɛ t ɔ k y p e p a ʁ ɛ l e ɡ l i z s ɛ̃ ʒ ɔ ʁ ʒ
s ɛ t a s ə m o m ɑ̃ k ə l ə ʒ ø n ɡ a ʁ s ɔ̃ v j ɛ̃ l ɔ b s ɛ ʁ v e
a p ʁ ɛ s ɔ̃ ʁ ə t u ʁ ɑ̃ n ɑ̃ ɡ l ə t ɛ ʁ i l k ɔ̃ t i n y a s ɛ ʁ v i ʁ d ɑ̃ l a ʁ w a j a l n eɪ v i
m ɛ ʒ i y l a k ɔ̃ s j ɑ̃ s d ə m ɔ̃ n a ɡ o n i k i k ɔ m ɛ n k ɛ
s e ɛ m ɔ̃ f ʁ ɛ ʁ ɛ n e
l a m e d j a t i z a s j ɔ̃ d y l i v ʁ p ɛ ʁ m ɛ t ʁ a y n ɛ k s p o z i s j ɔ̃ d y l o ʒ i s j ɛ l l i b ʁ d ɑ̃ l e ɡ ʁ ɑ̃ m e d j a
b ʁ y n o k a ʁ ɔ̃ d ə v ʁ ɛ p ɛ ʁ m ɛ t ʁ a l ɑ̃ s ɛ ɲ d ə s ə d e v l ɔ p e d a v ɑ̃ t a ʒ ɑ̃ f ʁ ɑ̃ s
ɛ l a e t y d j e o p ɛ i b a z e ɛ d i p l o m e d ə ɛ l y n i v ɛ ʁ s i t e d a m s t ɛ ʁ d a m
w ɒ t s ə n d ə m ɑ̃ d ɔ f i s j ɛ l m ɑ̃ o m i n i s t ʁ ʒ a p o n ɛ d e z a f ɛ ʁ z e t ʁ ɑ̃ ʒ ɛ ʁ s o ə ʒ i m a t a n ə o m i d a ʒ i ʁ
m ɛ p u ʁ l a s ə ɡ ɔ̃ d a n e k ɔ̃ s e k y t i v i l n ə p a ʁ t i s i p p a z o p l ɛ j ɔ f
ʁ y d y f i l a o a s ɛ̃ t m a ʁ i
l e f i l z e p ə t i f i s d ə t o ɡ o s ɛ ʁ v i ʁ t e ɡ a l m ɑ̃ d ɑ̃ l a m a ʁ i n ɛ̃ p e ʁ j a l ʒ a p o n ɛ z
k a ʁ ɑ̃ t d ø ʁ u t d e ɡ ʁ ɑ̃ k ʁ y v ɛ̃ t e œ̃ d ø s ɑ̃ v ɛ̃ t a f i k s ɛ̃
d ɛ l ɑ̃ f ɑ̃ s i l s a d ɔ n o t ʁ a v a j f i z i k
l ɑ̃ s j ɛ n n a s j o n a l a e t e d e k l a s e ɑ̃ t ʁ e v ʁ ø z e l a m a d l ɛ n d ə n o n ɑ̃ k u ʁ
ʃ ə m ɛ̃ d y b œ f m ɔ ʁ k a t ʁ v ɛ̃ d i s ɛ t k a t ʁ s ɑ̃ d i z n œ f l a p ɔ s ɛ s j ɔ̃
p u ʁ l a d ø z j ɛ m e t a p k a v ə n d ɪ ʃ b l ɛ s e l a v ɛ j ɛ n ɔ̃ p a ʁ t ɑ̃
ʁ ə n e ɡ e n ɔ̃ e d w a ʁ ʃ u ʁ e e o t ʁ k ɔ̃ f ʁ ɛ ʁ d y ɡ ʁ u p f ʁ e k ɑ̃ t t e ɡ a l m ɑ̃ s ɔ̃ n a t ə l j e
l ɛ n m i ɛ ʁ ə p u s e e l ə p ʁ ɛ̃ s d o ʁ ɑ̃ ʒ t y e
ʒ ə s y i s yː ʁ k i l ɛ m a
s ɛ t ɛ̃ s t a b i l i t e ɑ̃ t ʁ ɛ n ʁ a l a d i s o l y s j ɔ̃ d y ɡ ʁ u p œ̃ n ɑ̃ p l y t a ʁ
m a d a m d y b j e p y i ʒ ə k ɔ̃ s i d e ʁ e k ə v u ʁ ə t i ʁ e v o t ʁ a m ɑ̃ d m ɑ̃ ʒ ə l ə ʁ ə t i ʁ
i l ɛ s e t a b l i ʁ d ɑ̃ l e v i l b a s k z e a ʁ a ɡ o n ɛ z s i t y e z o s y d d e p i ʁ e n e
i l s ɑ̃ p a ʁ d e ʒ ɑ̃ s ɑ̃ l e m o l ɛ s t e
k o t e ɑ̃ p l i ɛ l ʒ u ɛ k s k l y z i v m ɑ̃ s y ʁ d e z ɑ̃ p ɛ ɡ
s e ɛ t o s i œ̃ t ɛ ʁ i t w a ʁ k a ʁ a k t e ʁ i z e p a ʁ y n d i v ɛ ʁ s i t e e k o n o m i k ʒ e ɔ ɡ ʁ a f i k ʒ e o l o ʒ i k e l ɛ̃ ɡ y i s t i k
n u k ɔ̃ s i d e ʁ ɔ̃ k ə l a ʁ e d a k s j ɔ̃ d y k ɔ d s i v i l ɛ s y f i z a m ɑ̃ s a ʒ
l a v i d ə n o k ɑ̃ p a n j z ɛ t ɑ̃ ʁ e a l i t e ɑ̃ ʒ ø
a m ə z y ʁ k i l d i s k u ʁ y l a l o ʒ i k d ə s ɔ̃ ʁ ɛ z ɔ n m ɑ̃ l ə p ɛ ʁ s y a d a
l ə p ʁ ə m j e t ɛ ʁ m i n a l o p e ʁ a s j ɔ n ɛ l a e t e k ɔ̃ s t ʁ y i a l ɛ p z i ɡ
l a n u v ɛ l ɑ̃ t i t e p ʁ ɑ̃ l ə n ɔ̃ d ə k u l ɔ̃ ʒ k o ɑ̃
l e ɡ a ʁ s ɔ̃ s ɑ̃ f y i t e s ɛ ʒ i n ɛ t k i t ɔ̃ b s u l e b a l d e p u ʁ s y i v ɑ̃
t u t f w a z i l n ɑ̃ p ɛ ʃ a p a l a d e f ɛ t d e m a d i s t f a s a l e ʒ i p t
e d ə n ɔ̃ b ʁ ø z o t ʁ
n ə m ə p a ʁ l e p a d ə v o t ʁ m ə s j ø d ə
v y l ə t ɑ̃ p ɛ ʁ s ɔ n ɛ n a v ɛ p ʁ i l ə v o l ɑ̃
d ɔ n e ʒ ə v ɛ v u z ɑ̃ f ɛ ʁ ʃ o f e
s e ɛ s ə k i p a ʁ ɛ n a t y ʁ ɛ l
l e d e s ɛ n i s y i v ɑ̃ t f y ʁ t a ʒ i t e p u ʁ l a ʒ ø n d i n a s t i
s t ɛ f ɛ n a y n l j ɛ z ɔ̃ a v ɛ k k ʁ i s t a l a l ɛ n y n v ɑ̃ d ø z a ʁ i v i s t
s ə z o o l o ʒ i s t e t y d i d ə n ɔ̃ b ʁ ø ɡ ʁ u p d e ɑː θ ɹ ə p əʊ d z
œ̃ n ɔ̃ b ʁ k ɔ̃ ɡ ʁ y t ɛ d i p ʁ i m i t i f s i l ɛ s ɑ̃ f a k t œ ʁ k a ʁ e
ʒ ɑ̃ p j ɛ ʁ d ɔː n u ɛ l a ʁ a p l e ɑ̃ d e f ɑ̃ d ɑ̃ n o t ʁ m o s j ɔ̃ d ə ʁ ə ʒ ɛ p ʁ e a l a b l m a ʁ d i a p ʁ ɛ m i d i
a l b ɛ ʁ ʁ o m ɑ̃ s ɛ z i œ̃ k ɔ d s y ʁ p ə t i t e k ʁ ɑ̃ t a k t i l
i l z a v ɛ d ø f i l z e y n f i j
s i ʒ ə s y i l a s e ɛ ʒ y s t m ɑ̃ a p ʁ o p o d ə l a k l e
d o t ʁ z a f ʁ ɔ̃ t m ɑ̃ z ɑ̃ t ʁ ʒ y i f z e a ʁ m e ʁ o m ɛ n ɔ̃ l j ø
l œ ʁ f w a j e s ɛ t ɛ̃ s t a l e d ɑ̃ l a ʁ u t i n
l ə ʒ ø n ɔ m m ɔ̃ t ɛ ɛ l ɛ s k a l j e t ʁ ɑ̃ k i l m ɑ̃
a v ɛ k s ə l a p a d ə ʁ ɑ̃ p
i l ɑ̃ ʁ ʒ i s t ʁ a l a ʃ ɑ̃ s ɔ̃ p u ʁ b a m a ʁ ə k ɔ ʁ
d ʁ i d ɛ n a e ɡ a l m ɑ̃ l j e d a m i t j e a v ɛ k l o t œ ʁ a s y k s ɛ b a ʁ b a ʁ a k a ʁ t l ɑ̃
i l ɛ t o ʒ u ʁ y i t ɑ̃ m ə s j ø l ə m i n i s t ʁ d ə ʁ e a l i z e s ɛ t ɑ̃ ɡ a ʒ m ɑ̃
s ɛ t ɛ̃ f ɔ ʁ m a s j ɔ̃ a p a ʁ a j œ ʁ z e t e k ɔ̃ f i ʁ m e s y ʁ l ə k ɔ̃ t t w i t e ɔ f i s j ɛ l d ə p o k e m ɔ n
i l n ə f y t u t f w a p a ʁ e y t i l i z e l ɔ ʁ s k ə l a v j ɔ̃ ɑ̃ t ʁ a ɑ̃ p ʁ o d y k s j ɔ̃ ɑ̃ s e ʁ i
s ɛ t ɛ s p ɛ s m ə z y ʁ d ə a s ɑ̃ l a k ø
t ʁ ɑ̃ t y i t
ʒ i ɑ̃ v w a p l y d e œ̃ v ə n i ʁ p a ʁ l a ʁ u t
ɛ l n ɔ̃ p ø t ɛ t ʁ p a t ɔ ʁ
ɛ l e s ɑ̃ s d y p u v w a ʁ k ɔ̃ t i n y d e a p a ʁ t ə n i ʁ o k ɔ m y n
ɛ l ɛ d ə v ɑ̃ s e p a ʁ l a k e n j a n d eɪ z i ʒ ɛ p k m ɛ
s y ʁ l e k a t ʁ t ʁ ɔ̃ p l e z e v ɑ̃ ʒ e l i s t s ɔ̃ t e v o k e a v ɛ k l œ ʁ z a t ʁ i b y
d ɛ s ɑ̃ d ɔ̃ z o t ʁ ɑ̃ t d ø z œ ʁ
h ɛ ŋ k a d ɔ̃ k k ʁ y k ə l e b ʁ i t a n i k v u l ɛ l ə ʒ y ʒ e k ɔ m k ʁ i m i n ɛ l d ə ɡ ɛ ʁ
ɔ̃ n i t ʁ u v s ə p ɑ̃ d ɑ̃ l a p ɛ̃ p ʁ ə n ɛ l e p i n ø z e l ə ʃ ɛ n
œ̃ n ɛ̃ s t ɑ̃ i l ʁ ɛ s t ɛ ʁ t i m o b i l p y i k oː t a k oː t i l ʁ ə p a ʁ t i ʁ v ɛ ʁ m a ʁ ʃ j ɛ n
i l f ə z ɛ t a t ɑ̃ s j ɔ̃ a n ə p a ʁ i ʁ
l e p ʁ i z ɔ n j e s ɔ̃ t ɔ ʁ t y ʁ e z e s ɛ t ɛ ɡ z e k y t e d y n b a l d ɑ̃ l a n y k
i l a ʁ ɑ̃ p ɔ ʁ t e d ø f w a l ə ʃ ɑ̃ p j ɔ n a d a ʁ u b a
ɛ̃ p a s d ə s u l y ʁ m w a z a p a s l i
l ə v i l a ʒ p ʁ e z ɑ̃ t y n ɔ f ʁ d ə k ɔ m ɛ ʁ s d i v ɛ ʁ s i f j e
s ɑ̃ l y i e s ɑ̃ m a ʁ k ɔ f ʒ ə n ə t ə s o v ɛ p a
l a d a t d ə d i s p a ʁ i s j ɔ̃ d ə ɡ eɪ m s k uː t n ɛ p a k ɔ n y
i l s ɔ̃ t a t a k e p a ʁ œ̃ ɡ ɑ̃ ɡ d ə l a ʁ u t
d ə p y i k ɑ̃
l a d e t n y b ɛ ʁ s y n m ɛ ʃ d ə ʃ ə v ø
i l p ø t ɛ t ʁ l i m i t e u e t ɑ̃ d y
s a p o l i v a l ɑ̃ s l y i p ɛ ʁ m ɛ t ɑ̃ d ə ʒ w e a t u l e p ɔ s t d ə l a d e f ɑ̃ s
d ɔ n e m w a ɛ l o t ʁ
t u t f w a s u l a p ʁ ɛ s j ɔ̃ d y n e o d ɛ s t u ʁ i l d e m i s j ɔ n ɑ̃ n ɔ k t ɔ b ʁ d ə l a m ɛ m a n e
ʃ ə m ɛ̃ d ə p ʁ e k ə n a ʁ s w a s ɑ̃ t t ʁ ɛ z m i l y i s ɑ̃ m j ɑ̃
l e k o k d e k w a f y ʁ l œ ʁ f l œ ʁ z e l œ ʁ p ɛ n j d ɔ ʁ s ə f ʁ o l ɛ
i l s ə ʁ a d e t a ʃ e d ə l e d y k a s j ɔ̃ n a s j o n a l o z œ v ʁ l a i k t u t s a k a ʁ j ɛ ʁ
l ɛ̃ p ʁ i m ʁ i n ə p ø t ɔ b t n i ʁ l e k u l œ ʁ z o ʁ ɑ̃ ʒ v i f k a v ɛ k d e p i ɡ m ɑ̃ s p e s i f i k
i l a v ɛ p o z ə d u s m ɑ̃ s a m ɛ̃ s y ʁ l a b u ʃ d ə k o z ɛ t
l a t ʁ ɔ b ɛ s i t y e a o s y d ɛ s t d ə d ə v ɔ̃ p ɔ ʁ
l e p j ɛ s s ɔ̃ k ɔ̃ s t i t y e d ə ʃ ɑ̃ s ɔ̃ z e d ə s y i t b a z e s y ʁ d e t ɛ k s t d ɛ l ɪ ŋ t ə n
n œ v œ ʁ z e d ə m i
a ɛ l m ə f ɛ s i ɲ d ə v ə n i ʁ
l a m a ʒ o ʁ i t e d ə l a k l i k d a n y i a d e ʒ a p ʁ ɛ t e a l e ʒ ɑ̃ s a z ɑ̃ ɡ z y o l ɛ̃
k u ʁ ʃ a ʁ l s p ɪ n d l ə a o b ɛ ʁ n e
ɔ p u v e v u k ʁ w a ʁ
l ə p ʁ ɔ ɡ ʁ a m d ə b a s k ɪ t b ɔː l ɛ l ə f l ø ʁ ɔ̃ d ə l y n i v ɛ ʁ s i t e o n i v o d y s p ɔ ʁ y n i v ɛ ʁ s i t ɛ ʁ
v i v m ɑ̃ l e z ɛ d d y b u ʁ o d e m ɔ̃ t ɛ l a ɡ i j o t i n
l ə f i l m ʁ a k ɔ̃ t l i s t w a ʁ ʁ o m ɑ̃ s e a v ɛ k d i v ɛ ʁ s z i n ɛ ɡ z a k t i t y d d ə l a v i d y k ɔ̃ p o z i t œ ʁ
ɑ̃ f ɛ̃ l e z a n a l i z p y b l i k p ɛ ʁ m ɛ t t œ̃ s y i v i d ə t u l e p ʁ o ʒ ɛ əʊ p ə n s u ʁ s ʁ e f e ʁ ɑ̃ s e
b j ɛ̃ s yː ʁ v u n u z a k y z ʁ e d e e t u f e ɛ l e k o n o m i e n o z ɑ̃ t ʁ ə p ʁ i z
a s e ɛ ʒ y s t
ʒ ə s ə ʁ ɛ v ə n y ʒ y s k i s i k a l m t ʁ ɑ̃ k i l
i l l e p o z i s j ɔ n d ɑ̃ d e m i l j ø s y ʁ ʁ e a l i s t
i l p ɔ ʁ t s ə n ɔ̃ k a ʁ i l ɛ s i t y e a p ʁ o k s i m i t e d ə l a ʁ y p y t o
ɛ ʒ b ɛ n j e m e d w a d ɑ̃ m e l a ʁ m
d y ʃ a t o d y i l ʁ ɛ s t d ø t u ʁ k w a f e d ə p w a v ʁ i ɛ ʁ
l ɑ̃ s j ɛ̃ s p ɔ ʁ t i f d e s ɛ d l ə a a n ə s i
i l i ɛ s e l e b ʁ e l a l i t y ʁ ʒ i d y p a t ʁ i a ʁ k a s ɛ ʁ b
d e v a s t e l ɔ ʁ d ə l a p ʁ ə m j ɛ ʁ ɡ ɛ ʁ m ɔ̃ d j a l l ə ʃ a t o a e t e ʁ ɛ s t o ʁ e a l i d ɑ̃ t i k
d e b o t a n i s t s ə aː t d ə t ʁ ɛ̃ k e o m ɔ ʁ v i v ɑ̃
d ə p a ʁ t ə m ɑ̃ t a l y i s ɑ̃ v ɛ̃ t o n y m e ʁ o s w a s ɑ̃ t k ɛ̃ z
ɑ̃ p e ʁ j ɔ d d ə ʁ ə p ʁ o d y k s j ɔ̃ i l d ə v j ɛ̃ t ɛ̃ s ɛ k t i v ɔ ʁ
l e b o l o m ɛ t ʁ p ø v k u v ʁ i ʁ l ɛ̃ t e ɡ ʁ a l i t e d y s p ɛ k t ʁ e l ɛ k t ʁ o m a n j e t i k
y n p a ʁ t i k ɔ̃ s ɛ ʁ n l e k ɔ m y n z y n o t ʁ l e d e p a ʁ t ə m ɑ̃
l ə m y ʁ i k f ɛ p a ʁ t i d e l ɑ̃ ɡ l əʊ ə s ə p i k ʁ a m y
v u n ə k ʁ ɛ n j e k ə p u ʁ v o t ʁ v i ʒ ə k ʁ ɛ̃ p u ʁ m ɔ̃ k ʁ e d i m w a
l a ʁ e z ɛ ʁ v ɛ t e ɡ a l m ɑ̃ y n d ɛ s t i n a s j ɔ̃ p o p y l ɛ ʁ p u ʁ l e t u ʁ i s t
k i l p ʁ i ɛ k ɔ̃ ɛ l ɛ k s k y z a k i l v j ɛ̃ d ʁ ɛ d ə m ɛ̃ m a t ɛ̃
ɑ̃ s y i t i l a ɑ̃ t ʁ ə p ʁ i d e z e t y d d i s t w a ʁ t u t ɑ̃ s ɛ̃ t e ʁ ɛ s ɑ̃ t o m a t e m a t i k
s e ɛ p u ʁ k w a s ɛ t a m ɑ̃ d m ɑ̃ d ə m ɑ̃ d l a ʁ ə m i z d e œ̃ ʁ a p ɔ ʁ e t y d j ɑ̃ p l ɛ n m ɑ̃ s ɛ t p i s t
ʒ ə n ə v u z ɑ̃ p ʁ i v ʁ e p a l ɔ̃ t ɑ̃
l a l i s t d o b d o ʁ e ɛ s i z j ɛ m e ɔ b t j ɛ̃ œ̃ s j ɛ ʒ
i l s ɔ k y p p a ʁ a j œ ʁ d y n s o s j e t e d ə s t a ʒ d ə s i k l i s m o p ɛ i b a
t y p u ʁ ɛ m ə p a ʁ l e d ə s i l v i
s ɛ f i j l a s ɑ̃ n e t ɛ b j ɛ̃ t i ʁ e
l a t ə l j e s ɛ k ɔ̃ s t i t y e o t u ʁ d ə ʁ o ʒ e f l a m
o ʒ u ʁ d y i ɛ l ɛ k ɔ̃ p o z e d y n t ʁ ɑ̃ t ɛ n d ə ʃ ɛ ʁ ʃ œ ʁ m i l i t ɛ ʁ z e k ɔ̃ t ʁ a k t y ɛ l
l a b a k ɑ̃ ɛ t y t i l i z e p u ʁ l ə t ʁ ɑ̃ s p ɔ ʁ d y b w a z e l i ʁ i ɡ a s j ɔ̃
ʒ e n e ʁ a l m ɑ̃ l e z ɛ ɡ z a m ɛ̃ d ə ʁ a d j o l o ʒ i
ɛ l s ə ʁ ɑ̃ k ɔ̃ t ʁ d ɑ̃ l ə s y d d ə l i l i n w a z e d ɑ̃ l ɛ d y m i s u ʁ i
a l œ ʁ s a l y i l ʁ e p ɔ̃ d i t ɑ̃ s u l v ɑ̃ l e b ɔ ʁ p l a d ə s ɔ̃ ʃ a p o
y n p a ʁ t i d e m e d a j d ɛ l k ɑ̃ ɔ̃ s y ʁ v e k y a l a ɡ ɛ ʁ o m y z e d ə k a p ɑ̃ b ɛ ʁ ɡ
s e ɛ t œ̃ v ʁ ɛ p ʁ ɔ b l ɛ m
t j ɛ̃ s e ɛ m ə s j ø k u ʁ t ɛ̃ l ə b o p ɛ ʁ d ə m ə s j ø
ɛ l e t ɛ b a z e s y ʁ l a t a j d ə l a p a ʁ s ɛ l e n ɔ̃ s y ʁ s ɔ̃ ʁ ɑ̃ d m ɑ̃
a s i t y a s j ɔ̃ ɛ k s ɛ p s j ɔ n ɛ l ʁ e p ɔ̃ s z ɛ k s ɛ p s j ɔ n ɛ l
v ə n e a v ɛ k m w a
s a s e ɛ v ʁ ɛ
l e z a f ʁ ɔ̃ t m ɑ̃ z ɑ̃ t ʁ n a v i ʁ d ə p ɛ ʃ s ɔ̃ m ɔ n ɛ k u ʁ ɑ̃ t
o ʒ u ʁ d y i l ɑ̃ s ɑ̃ b l d ə l a ʁ e ʒ j ɔ̃ k a p i t a l k ɔ̃ t j ɛ̃ p l y d e d ø t j ɛ ʁ d ə l a p o p y l a s j ɔ̃ n a s j o n a l
ø ʁ ø z m ɑ̃ y n b ɔ n p ɔ ʁ s j ɔ̃ d ə l a f o ʁ ɛ d ə m ɑ̃ ɡ ʁ ɔ v ʁ ɛ s t ɛ̃ t a k t
k u d ə p j e d ə ʁ y d b œ f
s e v ɛ̃ p ø v s ə k ɔ̃ s ɔ m e t u t o l ɔ̃ d œ̃ ʁ ə p a
l ɛ s e k ɔ̃ k l y ʁ m a d a m d a l ɔ z ɛ s i l v u p l ɛ m e ʃ ɛ ʁ k ɔ l ɛ ɡ
a w i i l ɛ p a b j ɛ̃ m a l ɛ̃ t y ɛ m a s ʁ a k ɔ̃ t e
i l p ø t o s i p a ʁ f w a z ɛ t ʁ p ʁ o p o z e d ɑ̃ l ə k a d ʁ d y t ʁ ɛ t m ɑ̃ d ə ɛ l ɔ s t e o p o ʁ ɔ z
d a n œ̃ z j o ɛ s u v ɑ̃ p ɛ ʁ s y k ɔ m l ə p ʁ e d e s ɛ s œ ʁ d y m u v m ɑ̃ f a s i s t i t a l j ɛ̃
k a t ʁ v ɛ̃ d i ʁ y d y l y s t ɛ̃ k o n
m ɛ l ɑ̃ k ɔ ʁ b ɛ l m ɑ̃ p ø t ɛ t ʁ y t i l i z e a s o s j e a œ̃ o b a n a ʒ p ʁ o v i z w a ʁ u d e f i n i t i f
l e v ɛ ʁ s j ɔ̃ p ɔ ʁ t a b l s ɔ̃ t ɛ l z o s i t ʁ ɛ d i f e ʁ ɑ̃ t ɛ l y n d ə ɛ l o t ʁ
l ə f i l m d i v i z l a k ʁ i t i k m ɛ f ɔ̃ k s j ɔ n y n n u v ɛ l f w a z o b ɒ k s ɔ f i s
ɛ l ɛ s i t y e d ɑ̃ l a ʁ e ʒ j ɔ̃ a d m i n i s t ʁ a t i v d e l o ʁ ɑ̃ t i d
ʒ ə ɛ n a ʁ i v p a z a m ə p ɛ ʁ s y a d e k ə s ə s ə ʁ ɛ t y n ʃ ɔ z a f ɛ ʁ
f ɛ ʁ d i n ɑ̃ e p u z l ə l a p ʁ ɛ̃ s ɛ s m a ʁ i l w i z d ə p a ʁ m a v ɛ k k i i l a k a t ʁ ɑ̃ f ɑ̃
ʒ o ɛ l v a n u k l a k e d ɑ̃ l e d w a
l a t ʁ ɑ̃ s f ɔ ʁ m a s j ɔ̃ ɛ t y t i l i z e ɑ̃ k ʁ i p t ɔ ɡ ʁ a f i ɔ̃ p a ʁ l a l ɔ ʁ d ə p s ø d o t ʁ ɑ̃ s f ɔ ʁ m a s j ɔ̃ d ə a d a m a ʁ
l ə k a n o t a ʒ s ə ʁ e p ɑ̃ d i t ɑ̃ s y i t s y ʁ l e b ɔ ʁ d ə m a ʁ n
d i s y i ʁ y d y k a ʁ d i n a l ɛ l ɛ m b i j s ɛ̃ k ɑ̃ t t ʁ w a z e ʁ o z e ʁ o z e ʁ o l a v a l
i l ʁ ə m a ʁ k k ə l e z a l e u t s ɑ̃ s ɛ ʁ v k ɔ m l i ɲ p u ʁ l a p ɛ ʃ
ɛ l ɛ ɡ z i s t ɑ̃ k ɔ ʁ d e z ɔ ʁ m ɛ z ɔ k y p e p a ʁ l e ɡ l i z p ʁ o t ɛ s t ɑ̃ t d y n a z a ʁ e ɛ̃
i l ɔ k y p p ʁ ɛ̃ s i p a l m ɑ̃ l ə p ɔ s t d ə ʒ w œ ʁ d ə t ʁ w a z j ɛ m b y t m ɛ p a t ʁ u j o s i l a ʁ ɛ k u ʁ
l a k ɔ̃ s ɛ p s j ɔ̃ d ə v ɛ n e s ɛ s ɛ ʁ m ɑ̃ k ɔ̃ d y i ʁ a œ̃ m o d ɛ l s ɛ̃ p l a k ɔ̃ s t ʁ y i ʁ e a ɛ k s p l w a t e
l ə ʒ ø p ø t ɔ p o z e d ø ʒ w œ ʁ u œ̃ ʒ w œ ʁ e ɛ l ɔ ʁ d i n a t œ ʁ
ɑ̃ n e f ɛ i l f o d ʁ a s y p ʁ i m e l a s ɛ k s j ɔ̃ s ɛ̃ k b i s k i ɛ t y n s t ʁ y k t y ʁ p ʁ o v i z w a ʁ
s a s y p ɛ ʁ f i s i ʃ ə v o ʃ l e k ɑ̃ t ɔ̃ a k ɛ t e m a ʁ m j e
l ə ɡ l i s e ʁ ɔ l ɛ t œ̃ s u p ʁ o d y i d ə l a ʁ e a k s j ɔ̃ d ə p ʁ o d y k s j ɔ̃ d y b j o d j ə z ɛ l
i l ɛ k ɔ n y p u ʁ a v w a ʁ ɛ ɡ z e k y t e s ɛ ʁ t ɛ n p ɛ̃ t y ʁ m y ʁ a l d ɑ̃ d e p a l ɛ z ɛ̃ p e ʁ j o
l a p ʁ o v n ɑ̃ s d ə l œ v ʁ ɛ t ɛ̃ k ɔ n y
s ə s ə ʁ a l a p ʁ ə m j ɛ ʁ f w a k ə s ə t i p d e a k t i v i t e n ɛ t ɑ̃ m i l j ø e t y d j ɑ̃
m ɛ n u ɛ n a l ɔ̃ p a p u v w a ʁ v u z ɑ̃ b o ʃ e f i n a l m ɑ̃ v o t ʁ p ʁ o f i l n ə k o ʁ ɛ s p ɔ̃ p a
i l p ʁ e t ɑ̃ d k i l a ʒ w e œ̃ ʁ oː l ɛ̃ p ɔ ʁ t ɑ̃ d ɑ̃ ɛ l a s a s i n a d ə ɛ l ɛ j a t ɔ l a b ɛ b a a n i
i l s ɑ̃ b l a k ə s ə k u l y i ø d i a l ɔ̃
l e ɡ l i z ɛ s i t y e d ɑ̃ l ə d e p a ʁ t ə m ɑ̃ f ʁ ɑ̃ s ɛ d ə m j uː ə ð e m o z ɛ l s y ʁ l a k ɔ m y n d ə ʁ o z j ɛ ʁ z o s a l i n
i l ɛ t i n y m e d ɑ̃ l a ʃ a p ɛ l s ɛ̃ ʒ ɔ ʁ ʒ d ə s ɔ̃ ʃ a t o d ə p y ʃ a j m
l e k ɛ s ʁ e ʒ j o n a l d e e p a ʁ ɲ ɔ ʁ ɡ a n i z k ɑ̃ t a ɛ l ɛ l e p a ʁ ɲ
i l a b i t ɛ t a l ɔ ʁ d ɑ̃ l a m ɛ z ɔ̃ d y p a t ʁ i s p ʁ o b y s n ə v ø d ə l ɑ̃ p ʁ œ ʁ a n a s t a z
ʁ i ɛ̃ ɛ n ɛ t ɛ̃ p o z e
d e t a b l ɛ t k ɔ̃ t i n y t j ɛ n l j ø d ə t a j w a ʁ
l u v ʁ a ʒ a e t e t ʁ a d y i e a d a p t e ɑ̃ n a l m ɑ̃
s e ɛ b j ɛ̃ ʒ ɑ̃ t i
e i l s e t ɔ n ɛ k ə s a m ɛ ʁ y ʁ ɛ z ɔ̃ p a ʁ l ə f ɛ
p a ʁ a l ɛ l m ɑ̃ l a p ʁ a t i k d y ɡ ʁ a f i t i y ʁ b ɛ̃ s ɛ p ʁ o p a ʒ e o z e t a z y n i p y i z ɑ̃ n ø ʁ ɔ p
i l ɛ s ɑ̃ k s j ɔ n e d y n a m ɑ̃ d p a ʁ l ə k l œ b n ɔ ʁ d i s t
ɛ̃ s i d ə v i z ɑ̃ ɔ̃ n a t ɛ ɲ i l e k l y z d ə d ɔ̃ k u ʁ k i a ʁ ɛ t ɛ l ə k ɔ̃ v w a
d e s i t k ɔ m t a m y d a e a d n o v a ʁ ɛ s t t ɔ k y p e p a ʁ l e ʁ o m ɛ̃
p ɑ̃ d ɑ̃ l a p ʁ ə m j ɛ ʁ ɡ ɛ ʁ m ɔ̃ d j a l i l k ɔ̃ b a ɑ̃ ɡ a l i s i
l a v i d e o d e b y t l ɔ ʁ s k ə k a ʁ ɛ p l ɔ̃ ʒ d ɑ̃ l a p i s i n e k ɔ̃ d y i œ̃ ʒ ɛ s k i
v u p u v e ʁ ə d i ʁ s a s i l v u p l ɛ
m a ʁ j a t s ɑ̃ t s a n ɔ ɡ l u s p e s j a l i s t d ə l a v ɑ̃ ɡ a ʁ d ʁ y s l y i s y k s ɛ d
ɛ̃ b e s i l n ə l ə m ɛ t e p a d ə s y m ɛ z a k o t e b j ɛ̃ k ɔ m s ə l a
ɔ̃ n e t y d i ʁ a k a t ʁ v ɛ̃ d u z l ə s ɔ̃ s ɛ t a n e
m ɔ̃ t o b ɑ̃ e t ɛ t o p a ʁ a v ɑ̃ d i v i z e ɑ̃ t ʁ l e k ɑ̃ t ɔ̃ d ə m ɔ̃ t o b ɑ̃ ɛ t e d ə m ɔ̃ t o b ɑ̃ w ɛ s t
m ɛ z i l ɛ s a ʒ i s ɛ d e ɔ k y p e l a f ɛ̃ d ə s ɛ t ʒ u ʁ n ə
l ə k a n a d a a y n ɑ̃ b a s a d a t o k j o e œ̃ k ɔ̃ s y l a a n a ɡ w a j a
i l i a l a y n s i t y a s j ɔ̃ s ɑ̃ p ʁ e s ɛ d p ø t ɛ t ʁ
l e f l œ ʁ ɡ ʁ u p e s ɔ̃ s y i v i d ə f ʁ y i z o ʁ ɑ̃ ʒ
i l k i t ɑ̃ s y i t b a j ø p u ʁ p a ʁ i a v ɛ k l ə p ʁ o ʒ ɛ d ɛ̃ t e ɡ ʁ e l a p o l i s
s ə k ɔ̃ t ɛ k s t p ɛ ʁ m ɛ d ə k ɔ̃ p ʁ ɑ̃ d ʁ ɛ l e v o l y s j ɔ̃ d ə l a t ʁ a ʒ ɛ k t w a ʁ b y d ʒ e t ɛ ʁ
l ə m ɑ̃ n i ʁ m ə z y ʁ d ə o t œ ʁ p u ʁ d ə l a ʁ ʒ œ ʁ e d e p ɛ s œ ʁ
a v n y ʁ ə ɡ ʁ y t o a t u l ɔ̃
i l i a d ə ɛ l o ɑ̃ k ɑ̃ t i t e
e ɑ̃ k ɔ ʁ m w ɛ̃ z o t o n o m i n o
a l ɛ d ə l a f a j s ə t ʁ u v l ə ɡ ʁ u p d y p a l ɛ
ʒ ə m ə l ɛ v t u l e ʒ u ʁ z a s i z œ ʁ d y m a t ɛ̃
s y ʁ l ə k a ʁ t ɔ n j e y n s t a t y ɛ t ɑ̃ p l aː t ʁ d e y n v e n y s k ɛ l k ɔ̃ k
ɛ l e t e s y i v ɑ̃ i l p a ʁ t i s i p o f ɛ s t i v a l v i z a f ʁ ɑ̃ k o f ɔ n ɑ̃ f ʁ ɑ̃ s
d ø ʒ u ʁ z a p ʁ ɛ ʒ ə k i t ɛ m a d ʁ i d
l e l ɛ k s j ɔ̃ s ɛ d e ʁ u l e a v ɑ̃ l a k ʁ e a s j ɔ̃ d e p a ʁ t i p o l i t i k
ɛ̃ p ɔ s i b l d ə t y e l ə m ɛ ʁ s ə n ɛ p l y z œ̃ s ɛ̃ p l k ʁ i m
l e p ʁ ø v d ə d u b l v w a k ɑ̃ t a ɛ l s ɛ̃ p o z e e l ɛ n a b ʁ i y k o v ɛ z e n a t a l j a m ɛ d v ə d ə v a
s e ɛ s ə k ə n u f ə ʁ ɔ̃ z o k u ʁ d e z œ ʁ d ə d e b a k i n u z a t ɑ̃ d
ɔ̃ n i t ʁ u v k a t ʁ v i l a ʒ z e z i k y l a k a s a ʁ i ɔ ʁ ʒ a k y e t a ɡ a k y l a
ɛ l f i ʁ s u ʁ d ə m ɑ̃ ɛ k s p l o z j ɔ̃
k ɔ m y n b ɔ ʁ d e o n o ʁ ɛ s t p a ʁ l o z
s u ʁ i ʁ z y n f w a ɛ n ɛ p a k u t y m ʒ ə v ɛ d ɔ̃ k v u l i ʁ y n f i ʃ
œ̃ p ɛ i z ɑ̃ s e ɛ ʁ o b y s t s a f ʁ ɔ t p l y l ɔ̃ t ɑ̃
i l s e t ɛ m a ʁ j e a v ɛ k m a ʁ i d ə n w a j e
ɔ̃ n i a k s ɛ d p a ʁ d ə m a ʁ ʃ d ə p y i l ə p ɔ̃ t ʁ ɔ s y
s ə s ɔ̃ l e ʒ e n e ʁ a s j ɔ̃ ʁ a d i s i k o l d ə l ɛ̃ s ɛ k t k i s ɔ̃ d ɑ̃ ʒ ʁ ø z
d ə l a v i s a t a ʃ ɛ t a s a v i l a d u b l ɛ
ʁ y d y m a ʁ e ʃ a l ɔ ʁ n a n o o n y m e ʁ o t ʁ w a
i l n i ɑ̃ n a p l y z o k œ̃
k ɔ m ɑ̃
l ə s u m a ʁ ɛ̃ b e n e f i s i d y n n u v ɛ l k ɔ̃ s ɛ p s j ɔ̃ a v ɛ k l a ʁ ə ʃ ɛ ʁ ʃ d y n p l y ɡ ʁ ɑ̃ d d i s k ʁ e s j ɔ̃ a k u s t i k
l œ ʁ o ʁ i ʒ i n ʁ ɛ s t ɛ̃ s ɛ ʁ t ɛ n m ɛ z i l s ɔ̃ v ʁ ɛ s ɑ̃ b l a b l ə m ɑ̃ l e d ɛ s ɑ̃ d ɑ̃ d w a z o d o m ɛ s t i k
l ə b y dʒ ɛ f i k s l e l i n j d i ʁ ɛ k t ʁ i s d y ɡ u v ɛ ʁ n ə m ɑ̃ e d ə s a m a ʒ o ʁ i t e
s a v j ɛ n t i l n o k ɔ̃ p a n j ɔ̃
ɛ l ɛ s ɑ̃ n ɛ t i ʁ e
œ̃ s u f l œ ʁ d ə v ɛ ʁ d ə f ʁ ɑ̃ s ɛ t ɛ̃ s t a l e a a v ʁ i ø d ɑ̃ z y n v ɛ ʁ ʁ i a ʁ t i z a n a l
i l l ɔ b l i ʒ a a v o l e d e b ɑ̃ k
d e p ʁ o f ɛ s œ ʁ d ə b ʁ ə t ɔ̃
w ɪ l əʊ d ə v j ɛ̃ l a n u v ɛ l k a m a ʁ a d d ə ʃ ɑ̃ b ʁ d ə b ʌ f i
s a k a ʁ j ɛ ʁ p ʁ ɑ̃ d ɛ l ɔ ʁ z y n ɑ̃ p l œ ʁ ɛ̃ t ɛ ʁ n a s j o n a l
y n d e f ɛ t s y ʁ p ʁ i z s y ʁ l ə ɡ a z ɔ̃ d ə m ɛ l b u ʁ n
t ʁ w a ʃ ə m ɛ̃ d e ɡ ʁ u d o b ɛ̃ k a t ʁ v ɛ̃ t ɔ̃ z s ɛ t s ɑ̃ s w a s ɑ̃ t a i t v i l
m ɛ s ɛ s y ʁ t u b a l i k i ɛ k ɔ n y d ɑ̃ l ə m ɔ̃ d p u ʁ s ɛ t t ʁ a d i s j ɔ̃
