сыртынан караганда ал элүүгө чыгып калган
алар ырчы менен жубайы үйдө жок кезинде киришкен
бирок аларды соттор кантип ишке ашырышат
мен кошунамдын үйүнө чуркап барып отургучтагы адамды көрдүм
өлкөнүн ичинде да кыйынчылыктар бар болчу
келдибеков парламенттин спикерлик кызматын аркалаган
ошондуктан муну өкмөттүн алдындагы аппарат башчы ойлонушу керек
мындан ары кантип жашашты билбей турам
силер эмне үчүн паспортумду бербей жатасыңар
тарыхта калаарын калды бирок жакшы жагынан калган жок
сот абдан тандоочулук менен аракет кылууда
бизге эч кандай маалымат берилген жок
үйгө баратканыбызда артыбыздан автоунаа түшүп алды
түзүүчүсү катары борисова евгения михайловна көрсөтүлгөн
айдоочулардын турганына бир жума болду ачка болушту
ал ошол кезде 
эгерде бүгүн мени кызматтан алышса маселе чечилет
борбор азиянын өрөөндөрүнө абанын жылуу желдери кирген
аны жаап коюшкан эртеси өлүп жаткан болот
бул жерде ток айланып велопедди арекетке келтирет
бирок алар кошумча убакыт ичинде гана гол киргизүүгө жетишти
баяндоо закировдун атынан жүрөт
бул биз үчүн улуттук аза
таймаштын соңунда эки команда тең бирден оюнчуларын жоготушту
алардын төртөө жаш балдар болсо экөө аял калган тогузу эркек киши
эгерде ал үзүлүп кетсе аны кайрадан тигип жамап койсо болот
мен дагы эки операция жасатышым керек бирок каражат жок
алдын ала актылар түзүлдү
имарат жабылып каралбай калган экен
азыр маселенин себеби гана аныкталууда
бул кесипти ал бир тууган агасына шакирт түшүп үйрөнгөн
алар текебаев ушул документтер үчүн гана камалды деп айтышууда
менин максатым тең укуктуулуктун сакталышы
самараны түзгөндөр кантип бардык издерди өчүрө албай калышты
ал өзүн саясий мотивдер менен кармалды деп эсептейт
себеби бул дата аялдардын укуктарын коргоодон улам кетип чыккан
биздин чек араларыбыз жакын
бул долбоор ишке ашпай калат деген үмүттөмүн
мен акаев менен бакиевди кууп чыгууга каршы болчумун
орусиялыктар жер ортолук жана кара деңиздерде эс алышат
ага бул жерден жазылсаңыз болот
жөө өтмөктөн окуучуларды сүзгөн окуя коомчулукта чуу жараткан
бул компаниялар сынактын экинчи айлампасына өтүшкөн
ал ошондой эле эльвира усманованы тааный турганын четке кагууда
жубайы менен үч жашар бала реанимацияда
катышуучулар сот залына чогулуп башташты
бул жердеги доо бизге коюлбашы керек
бирок бул иштин материалдарын жоготуп жиберишкен
не выяснив ничегоне зная о подробностях судить очень даже легко
кароо иштери эки күбөнүн катышуусунда бир нече саатка уланды
исаев бийликти күч менен басып алууга шектелүүдө
бул факты боюнча милиция кылмыш ишин козгоду
чечим даярдоону суранам дүйшөмбүдө мен ага кол коем
аларда видео жазма болгондо эбак эле жарыялашмак дейт активист
мен анын университетти нормалдуу аякташын каалайм
оффшор компаниясы тууралуу маалыматты камтыйт
үч айга батир беришти
биз жашоочуларга алдын ала эскертип кеткенбиз
мындан улам суукта айрым тропикалык өсүмдүктөр куурап калат
биз өз ишибизди сапаттуу аткарып жатабыз деп эсептейбиз
милиционер тургунбек таиров аскаров кыйкырып жатканын айтат
так жаңылыктардан тигил темке болсо до конца барат экен
түркияга кыргыз тил мугалимдери келип бизди окутуп турушчу
браконьерлер жеке менчик аймакта аңчылык кылбайт
текшерүүгө эч ким келбейт
жумушсуздар үчүн алардын аймагы взнос төлөйт
ал тургай ал кандайдыр козголоңчу жөнүндө да эмес
ноокат районунда короз баккандарды парваз деп аташат экен
бул аял жүрөгү түшүп калган
биз асмандан алынып текшерилбеген маалымат берген эмеспиз
элнуранын балдары бейтапканада каттоодо турушат
мен жетишпей калдым деп айтат ал
баштапкы баскычында эле деди ал
ал кургак учук менен ооруган камактагы адамдар үчүн курулган
ал эми депутат өзүнө каршы ишти саясий мүнөздүү деп айткан
бул суу бизден барат а алар ээлик кылып жатышат
биз ок атууларды уктук
азыраак жаңылык көбүрөөк иликтөө окуя жана түшүндүрмө материал
финал аябай чыңалган абалда өттү
португалия эки катарга ылдыйлап алтынчы болуп калган
көңүл буруңуздар прокурордук айыптоонун текстине гана
мен өз күчүмө ишенем
беттешүү экинчи двизиондогу топтук баскычтын алкагында өттү
мен твеа менен келишим түзүүгө каршы чыккам
азыр жашоосуна наалыган адамдарды кезиктирсем аргасыздан жылмаям
бүбүсалы турдалиева металлды кесүү жана иштетүү менен алектенет
жолтандабас маммүлк башкаруу фондусунун карамагына өткөн
расмий статистика боюнча кыргызстанда ар бир үчүнчү бала иштейт
бул тарыхта биринчи жолу болду
ал эми бир жыныстуу нике бул жараянды аткара албайт
бул шайлоону административдик ресурс чечти
полиция жол кырсыгы боюнча текшерүү жүргүзүп жатат
ага автоунаа тогуз жашар баланы сүзүп өлтүргөнү себеп болгон
анан да ал кезде интернационализм идеологиясы болгон
мен балдардын бардыгы ар башкача экенин түшүнөм
биз отчетту колдодук палатада да колдомокпуз
манас ири кыргыз эпосу
андан сырткары мал бакканга шарттар жок
калган сегиз киши жергиликтүү тургундар болгон
анда сенин кимдир бирөөнүн тууганы экениңди эч ким эстеп койбойт
доо арыздын максаты кызматтан алуу мыйзамсыз экенин далилдөө
аны камакка алышканы кийинчерээк белгилүү болду деди сапаров
анда кимдер гана болгон жок
милиция ормуковго издөө жарыялады
ошондуктан дарыгерлер аны өз алдынча оңдогонго мажбур
анда ал турмушка даяр эмес болчу да
бул жол курулуп жатканда да эч нерсе дешкен эмес
түзүүчүсү дмитрий крылов менен сергей савин
образдын автору элдиярдын иниси эрмек кененсаров болчу
азыр автоунаалар атайын токтотмого жеткирилди
жаштардын баары бизнес менен алектенгенге кызыгышат
ай сайын сегиз миң сомдон төлөп ижарага алып иштетет
казак бийлиги бул келишимге ушул жылдын июль айында гана кол койду
жол кырсыгынан төрт киши каза тапкан
бул заводдун мурасы эки анжы
учурда бардык милиционерлерге карата кылмыш иши козголду
ар бир шайлоочунуку жашыруун жүргүзүлөт аны билүү мүмкүн эмес
чөптү орбосоң жайында өрт чыгат
биз муну ушул бойдон калтырып койбой дагы күчөтүшүбүз керек
исламда аялдын коомдогу ролу бийик жана барктуу
бүткүл франция боюнча ислам терроризми коркунучу турат
семиз короз уруша албай калат
бишкектеги газета жана журналдарын чыгарат
кол салуу боюнча дагы эмнелер белгилүү
жардам колун сунуу бул жакшы нерсе деди ал
ишкердик деген кардардын талабына ыңгайлашуусу керек
жол жабылган жок эч ким тартип бузган жок деди ал
ошондуктан муну кененирээк карап көрөлү
алар ошол жердеги талаштуу эки кабат үйдө жашачу
окуяда адам өмүрүнө зыян келген жок
ал эми андагы балдар жээккке чейин сүзүп чыга алышкан эмес
аларга карата алты жылга кесүү өкүмү чыкты
орусия сахнасына көрсөтүүдөн уялбай турган топтор
ошондуктан кордондун ичиндеги суу эң баалуу зат
эгерде өлкөдө биримдик болсо прогресс да болот
топоз кыргызстанда өндүрүлгөн алгачкы трактор
эмне үчүн аялдар аз
депутат өзүнө каршы иш саясий мүнөздүү деп эсептейт
буга бир ай кетет
жигиттер баарын тилден тандырдыңар
эки тарап тең окуяга байланыштуу өз иликтөөлөрүн жүргүзүп жатышат
аларга каршы кылмыш иши козголду
анын үстүнө өкмөттөн эркин уюмдар ар кандай болот
бул жерде дээрлик бардыгы алтынга байланышкан
кыла турган кишинин акыбалы мына өзү билбей отурат
башка парашютчулардын да кыйкырып жаткандыктарын уктум
шаар аткаминерлеринин кыялдарына саякат
бул учурда айылды кара түтүн каптап сыртта дем алуу оорлошот
негизинен ал эмнени айтса баарын жасайм
бай депутаттар эмне кааласа ошону жасабашы керек
биз бардык секторлорду бөлүштүрүп алганбыз
анан эле сен аябай сулуу экенсиң деп жатууну сунуш кылышат
алар салттарды колдогон адамдар
бирок алардын бардыгы тесттик түрдө иштеп жатат
мен салянова – өлкөгө керектүү адам деп айткым келет
адамдар алардын мындай аракеттерине нааразы
күнөөлүү адамдарды аныктайбыз деген ал
негизинен ар бир аймактын өзүнүн өзгөчөлүгү бар
бир ай мурда бир жарыяга туш болдум автору эсте жок аял болчу
ситинет – кара түстө түйүндү камтыган жерлердин чеги
жабыркагандардын бири башка жана денесине сокку жегенин айтты
анткени каражатты бөлүп берүүнүн шарты ошондой болчу
ушул өзгөрүүгө көп жагымсыз окуялар байланыштуу
жума намаздарында ал мечитке беш миңге чейин адам чогулат
ошонун өзү пропаганда болуп эсептелет да
биз халал колбасаны албайбыз
биздин ага бере турган суроолорубуз бар
дагы бир үйдүн тургундары эвакуациялаган
алай командасы азырынча упай топтой элек
ал эми сөз болуп жаткан мекемеде балдарды окутуу болбой калды
бирок куру кол келишти
бул бийлик жөнүндө иллюзия калбай калды
азыр алар депутаттардан талап кылып жатканы туура эмес
өз ара кытайча сүйлөшөбүз
ортосундагы эмгек чуусун караган
биз бишкекке жакын жердеги бардык көчөтканаларды текшерип чыктык
биз аны эч каалаган эмеспиз
неберем үйгө ыйлап келди деди чоң энеси
кандай мамиле кылышат болду экен
жагдайлар ушундай болуп калды деди ал
курулуш туурасында сөз болгон да жок
бир эле материал үчүн силердин маалымат агенттигиңер томолонбойт
кудайга шүгүр жумуш таап өз алдымча бутка турдум
алар автоунааны өздөрү койгон баада сатышкан
чынын айтсам таң калдым
сегизбаев өзү мындай дооматтарга жооп бере элек
жаңжалдын баары кайра куруу мезгилинде башталган деди тарыхчы
малиев болсо шайлоону мыйзамдуу добуш сатып алуу деп атады
ал жерде жүрөк кемтиги менен төрөлгөндөрдүн саны көп болуп чыкты
анткени ал жерде кылмышкерлерден тарта ар кандай адамдар бар
үйүмдө тоогумдан башка жандыгым калган жок дейт асатулла
мындай мисалдар башка да кысымчыл өлкөлөрдө бар
парваздар корозунун бой узундугун көз өлчөм менен ченешет
түзмөк зыян келтирүүчү элементтер менен толтурулган
айдоочу кырсык болгон жерден көз жумуп үч жүргүнчү ооруканада
биз башчыны тандаган эмеспиз анын ордуна тойдо жүрдүк
алар муну кантип аткарышат
бирок документ алуудагы баалар бир аз төмөндөйт
кармоо учурунда андан макаров тапанчасы табылган
бизге акчасын ишенип тапшырган адамдар күтүп жатышат
андан соң жакупбекова судьядан баш тартууну талап кылды
ал калыстардын чечимине макул болгон эмес
окуя болгон жерде түзүлгөн протоколду карасаңар
бирок ал өз күнөөсүн мойнуна алган эмес
алар бизди качан алып кетесиңер деп сурашат
азырынча бул боюнча сот отурумунун качан болоору белгисиз
бүркүт эч качан жерде турган эмес
бир айдан кийин чыдабай кетип калам го деп ойлогом
окумуштуулардын божомолу боюнча көл метеориттен пайда болгон
жакында мындай бир окуяга күбө болдум
биз азыр маселени чече албайбыз
анан эле усэйн болттун чуркашы жарыяланды
ар бир короздун өзүнө таандык урушуу жөндөмү мүнөзү болот
алар ушунчалык мыкаачылык менен адам өлтүрүүгө жол беришти
өрткө бөгөт коюу иштерине жалпы үч бөлүм тартылды
ал жаш кезинде ыр жаза баштап бирок кийин токтотуп койгон
буга чейин эки бала каза тапкан
мен түнкү саат үчтө кийинип алып анын үйүн көздөй жөнөдүм
бирок мындай портал буга чейин эле бар болчу
бул өлкө үчүн жаман
башында эле бул цирк болчу
элимди дал ушул эң баалуу жетишкендигибиз менен куттуктагым келет
николайдын айтымында ал өзүн өтө жакшы сезет
милиция аларды оңой эле таап алмак айыл кичинекей эле да
биз совет доорунда болгон мамилелерди калыбына келтирип жатабыз
мындай болуп кетээрин эч ким күткөн эмес
мен бизди памир кыргыздары менен көп салыштырышаарын байкадым
ашуров болотту ээритип ширетип калыпка салат
анын ичинде бирөөсү жаңы курулуп жатат
анда иш тажрыйбасы тууралуу ачык айтылат
окуучу көкүтүүчү тууралуу фильм
бул жасалган кылмыштарга да тийиштүү болуп калат
ал үчүн мамлекеттик бюджеттен акча каражаты бөлүнүшү керек
кыргыз катары кабыл алышабы же түрк деп коюшабы
бирок фамилияларын атай албайм деди ал
биздин балбандар олимпиадага даяр
ар дайым өзүңө ишенип аракет кылышың керек
ал эми храмды тазалоо иштерине ыктыярчылар жардам берип турушат
негедир буга ишенүү оор
алардын партия ишин кылууга убакыттары аз болот
чогулган курамалардын бардык тандоо оюндары ошол шаарда өтөт
ошол маалда кыз жардам бергиле
ал эми бабанов бул күндү тарыхый деп атады
бул шавкат мирзиёевдин кыргызстанга болгон алгачкы сапары
ага чейин бул кызматты фарид ниязов ээлеп турган
ушундай эле абал өлкөдөгү жогорку окуу жайларында да бар
музыкант токмокто жерге берилет
бийликти күч менен басып алууга даярдык
бардык күнөлүүлөр жоопко тартылат
шектүү адам учурда камакта
баяндоо зафер динчердин атынан жүргүзүлөт
бирок мени өз балдарымдын ден соолугу кабатыр кылат дейт ал
операциядан болсо кыргыз зыкинасы баш тартып койгон
кыздарды кышында да эшикте чечинткен учурлар катталган
исаков эч жакка кетпөө жөнүндө тилкат жазып берген
бул жердин келечеги жок дейт ал
жол кырсыгынан улам тогуз адам жабыркаган
анткени долбоор жок болчу акыркы сумма белгилүү эмес болчу
мен мектептин жанында көп жылдардан бери иштеп жатам
алардын пикиринде жаракат кыйноонун натыйжасы
баалар эмнеге көтөрүлүшү мүмкүн
бул жерде эч бир жаман нерсе жок
кээ бирлери кыргызстандагы жакындарын сагынганын айтышты
пенсияга чыккандан кийин ырдай баштагам
алардын пикиринде бул сөз эркиндигин чектейт
кара жыгач токойчосу бишкектин түндүгүндө жайгашкан чоң парк
учурда ошол байкалган үч жараканын саны жетиге жеткен
анда жергиликтүү бийлик авто жолдо жаткан полиция орноткон
архитектурадан келишпейт мамэкотехинспекциядан келишпейт
бала чакта эрте өнүгүү бул үзгүлтүксүз процесс
жаштар окуйт билим алып ой өрүшүн кеңейткенге аракет кылат
протоколдо бул тууралуу жазуу жок
бул жөнөкөй гана аялдык бакытты каалаган сүйгөн аялдын тагдыры
бирок жүктүү фуралар боюнча маселе аягына чейин чечиле элек
ал мага бир нерсе болсо жаза турган факстын номерин берди
биз аксакалдарды алып келдик
бөлүмдө аны суракка алып анын жеке маалыматтарын жазып калышкан
бирок абалы начар болгондуктан полицияга өз ыктыяры менен барган
аларга ыңгайлуу бааны сунуштабасаң кайра кайтып келбей коюшат
дагы төрт кишиге жеринен биринчи медициналык жардам көрсөтүлгөн
мамкурулуш жеке өзү компанияны тандаган эмес деп билдирди ал
жеңүүчүлөргө уюштуруучулар тарабынан атайын белектер тапшырылды
бирок гейлер укук коргоочуларга ишенишпейт
муну менен силер коррупцияга жол ачып жатасыңар
башкы сүрөттө рашод камалов
мен ошого каршы чыккандан бери сый акы албай калгам
биз бул маселе боюнча иштеп жатабыз деди айдосов
ал мыйзам чыгаруу бул тармакта күчөтүлөт деп эсептейт
телеканалдын өкүлдөрү бул чечимди даттана турганын билдиришти
судья келип токтом чыгарып туруп кетип калды
эң жакынкы шылтоо жаңы жылдык кайрылуу
жолдошевдин айтымында жаңы стандарт өндүрүлүп жаткан эт
тизмекте экинчи орунду иранга үчүнчүнү грузияга ыйгарышты
кийинки тема соттордун арасындагы коррупцияга арналды
мен ыйлап аткан болчумун айдоочудан тезирээк айдоосун өтүндүм
ал бишкекке өз семинары менен келген
бирок документтерсиз келгенге мүмкүнчүлүгү жок болду
соттор деле так эле чиновниктердей иштейт
кандай болгондо да бул жер европа эмес да
орусия мурдагы жылдай эле эркин эмес өлкө катары бааланган
ошол кайрадан эле анын смартфону жок
улан канат уулунун өзгөчө идеясы бул сувенирдик белектер
эл түз эле автоунаа өткөн жерден өтүп жатат
мамлекеттик комиссия карап элге берилген
ал эч бир жыйынтык берген жок
биз муну ачыктан ачык эле мыйзамсыз деп эсептейбиз
ал айбанаттардын генофондун бузат
башка өлкөлөр кантип жашашат
ал эркектердин кийимдерин сунуштаган жалгыз дизайнер болду
кийинки турда ал айтылуу теннисчи рожер федерерге каршы ойномокчу
бирок салянова өзү бул кылмышты саясий деп эсептейт
эми кыргызстандын курама командасынын жыйынтыгына көз жүгүртсөк
бирок милиция кызматкерлери аларды автобустан узакташтырышты
милиционерлер айылды көздөй басышты
мен тааныбаганда эмес мен бул шайлоону тоготпойм
андан ары катуу үн чыккан
мен аялдардын заводдо иштегенин туура көрбөйм
талантбек исаев канатбек исаевдин бир тууганы
биринчи күндөн тартып эле бардык далилдерди көрсөтүп келатабыз
бактар каралбай калгандыктан кыйылып жатат
алар анда газсыз электр энергиясына жүктөлүп алышабы
мен сөз берем деген сөздөрү себеп болгон
анткени бул ош облусу боюнча жападан жалгыз кышкы эс алуучу жер
ормуков жашырынбай эле ооруканада даарыланып жатканын билдирди
орус тили биздин расмий тил экенин билем
анда бизге акча да төлөнчү эмес
жаңы майрамдарды атамбаев өзү демилгелеген
бизде балдар эмгегин жоюу боюнча милдетибиз жана мандатыбыз жок
өлүмгө кан тамырдын үзүлүшү себеп болгон
кудай аялга да эркекке да бирдей эле эки кол эки бут берген
иракты бошотуу аракеттерине түрк аскерлери да катышкысы келет
сот жокко чыгарды деди вахитов
уюштуруучулар бул флэшмоб экенине таянып жатышат
суранам туура түшүнгүлө телеканалдын эфири машина эмес
жалпысынан музыканттар беш альбом жаздырышкан
бийликтин самарага карата бардык реакциясы
кээде гана келип мага жардам берет
бир гана ушул суроо болду башка суроо болгон жок
ким урганын эмне себептен ал жакка барганын билбей кала бердик
биз чуровдун кызматтык абалынан кетүүсүн талап кылганы акыбыз бар
ал штраф төлөйт же беш жылга чейин эркинен ажыратылышы мүмкүн
жогорку кеңешти айтпай эле коёюн
анжиян вилайетинин борборун ош шаарына көчүрүп келген
а бир кыз болсо мага салам алейкум
мунун бардыгы сот аркылуу болушу керек деди усенова
эгерде мыйзам долбоору кабыл алынса эмне өзгөрөт
тергөөчү андан эч жакка кетпөө жөнүндө тилкат алып коё берди
бул көрсөткүч маслова үчүн жеке жана улуттук рекорд болуп калган
депутаттары өкмөттүн курамын дээрлик бир күн талкуулашты
башыңа чайнек кайнап кетет
бирок парламенттин кызматкерлери макулдугун берген эмес
укук коргоочу уюм бул кампанияны этникалык тазалоо деп атаган
кинотеатрда кино көргөн түгөйлөрдү канча жолу көрдүңөр эле
окуучу милиция бөлүмүнө жеткирилди
айдоочу сактыгынан тайып жөө кишилерди койдуруп кетиши мүмкүн
бүгүнкү күндө бул эң маанилүү маселе
менде баары мыйзамдуу түрдө
балдарга билим берүү үчүн келдик
алар анда көптөгөн жыгач курулуштарын тургузушкан
иш жаңыдан эле козголду биз тергөө жүргүзүп жаткан чагыбыз
жөн гана алардын окуусун каалайбыз
анын эмгеги бааланышы керек
башкалар сыяктуу эле маалымат каражаттарынан окуп жатабыз
бул деген жөн эле эмес да
биз аларга фуфайке кийгизип кое албайбыз
ушуну бир карап көрсөңүз дастан артисбекович
ал чындыкты жазып жатканын айтып буга укугу бар деп эсептейт
голго топту өткөрүп берүү ахлидин исраиловдун эсебинде
бир канча суу чыгарган колонкалар бар
тарс эткен катуу үн чыкты
изденүүгө жардам берет дейт ал
эмнеге андай кылышканын өздөрүнөн сураш керек
кээ бир талапкерлер катыштырылган жок
күн жылыганда биз аякка башка сүрөттү тарттырабыз
жер тилкелерин мыйзамсыз сатуу
ал терезе эшиктерге ылайыктап түрдүү калыпта айнек кесип берет
сот айыптоонун башка эки пункту боюнча исаевди актады
суунун үлгүсү алынды таза болуп чыкты
мен ош шаарынын дача кыштагында туулуп өскөм
клубга ал бир жылдан бери келет
эки күн кичи памирде дагы эки күн улуу памирде болдук
ал алтуфьево жөнүндө болчу
мен үчүн бул хоббиби же жумушпу так айта албайм
менчик ээси эч качан өз аймагына чоочун кишини киргизбейт
азыр кудайга шүгүр жакшы болуп калды
эжеси ал көйгөйлөрдү чечүү үчүн орусияга кеткендигин айтууда
төрт топтогу клубдар сегизге бөлүндү
мага маевский дароо эле жаккан эмес алдамчы көрүндү
топтук баскычтан чейрек финалга бирден гана команда чыга алат
ар ким ар кандай тагдырлар менен келип түшкөн
ал атайын окутуу курсунан өтүп лицензия алган
жетекчилиги жана бир топ кызматкерлери кетип жатат
дөңгөлөктөрүн мен башка оюнчуктардан алдым дейт жаш уста
кангелдиев бул маалыматты четке кагууда
үсөнов кыргыз эли үчүн манас эпосу ыйык деп эсептейт
сөзсүз түрдө таманы бийик байлама спорттук бут кийим алуу керек
ага күйөөсүнө каршы арыз жазууну сунуш кылышкан
алар ойлогондой бул мода дагы искусство дагы эмес
аскерлер кирип келип бизди сабоого укугу жок эле
ошентип укук коргоочу өмүр бою эркинен ажыратууга өкүм чыкты
дүйнөдө жана аймакта кырдаал ансыз деле жөнөкөй эмес
биздин хостинг булуттуку америкалык компанияда
суунун агып келиши менен электр энергиясын өндүрүү көбөйөт
бирок абоненттик төлөм жөнүндө бир да сөз болгон жок
ал буюмдарын алыш үчүн машинеге чыкканда кар көчкү басып калган
салтты сактаганга аракет кылабыз
ал бишкектен түндүктү көздөй жети километр аралыкта жайгашкан
алардын арасында балдар пенсионерлер жана майыптар да бар
мурда ал ырдап эле калбастан бийлеп да жүрчү
аны биз баарыбыз билебиз деди депутат
аны жакшылап иштеп чыгыш керек
биз кантсе да муну мындан ары деле талкуулагыбыз келет
үстү ак асты кара болсо болгону
ош шаардык милициясы окуяны кокустук деп каттоого алган
башка эркектерди да укпагыла
президенттин тапшырмасы менен иликтөө иштери жүрүп жатат
барар жерибиз же үйүбүз жок
анан кичине кайгылуу болот
бул мекеме режимдуу объект болуп саналат аларды киргизишпейт
наристе ички органдары катуу жабыркагандыгы себептүү каза тапкан
 президентке каршы айып тагып андан соң аны кызматтан алуу
антпесе короз салмагы бутуна түшүп чарчап калат
уурулар кайын энемдин кулагы укпашын алдын ала билишкен
максим бакиевдин адвокатына лицензияны узартып берүү
столдор жетишсиз болот ошондон кыйналабыз
байгеге жетүүдөн артык эмне маанилүү болушу керек
бул турдун өзгөчөлүгү каршы пикир билдирүүнүн жоктугунда болду
келип ремонт кылып беришти анысы да жаман бойдон калды
анын артынан троллейбустун айдоочусу эшикке чыккан
үйүндө китептери өтө эле көп болгону үчүн
ру менен катар эле носик өзүнүн учурунда белгилүү болгон газета
апам менен сиңдим жөн гана урушуп кетишкен
алардын кимиси менин болочокогу күйөөм экенин билген да эмесмин
окуучу андай эмес ал андан кеңири
бирок андан кийин күтүлбөгөн кызыктуу окуя болот
мени ооруканага алып барышты
ошондуктан өкмөт жана банктар биригип бир пикирге келиши керек
штрафтар машина катталган адамга барып турат
бирок анда цехти курушкан эмес
а мүмкүн терс пикирдир
биринчиден экинчиге деп түшүндүрүп жатты ал
ал эрежелерге ылайык айыптар дээрлик алты эсеге жогорулайт
азыр алар да азайды
анын дубал жана кагаз бетине сүрөт тартып жүргөнүнө он жыл болду
алар жыйынга катышпагандырынын себебин түшүндүрүшкөн эмес
бирок бул факультет кийинчерээк жабылып калган
сот телеканал экстремисттик материал чагылдырган деп эсептеген
бийлик елисеевди сегиз жылга сырттан кескен
бирок компания азырга чейин сатыла элек
алар мага жардам беришет
эртең менен айдоочу көрсөтүлгөн үйдөн жаракат алган а
элдерди айыл жергесине келип жашоого чакырат элем
биздин музейдеги иштерибиз ары калып эле ошолорду тазаладык
миянын пьесасы оңунан чыкпай калган учурга күлүп көргүлө
кыргызстан тарыхта экинчи жолу айдын мыкты курамасы деп табылууда
ошондой эле жаңы тротуарлар курулуп сугат жаймалары орнотулат
берилген маалыматты факты деп айтканга болбойт деди ал
талаада мал багып жүрүп көп эле жерди көрөбүз
бирок тыюу салуу эч кандай пайда бербесе анда эмне кылыш керек
ар бир катышуучу өз көңүлүнө жаккан сабакка катыша алды
бирок кийин арыздарын кайра алышкан
бул жерде өткөн ар бир күндүн өзү жеңиш
болгону беш айдын маянасын ала элекпиз дейт ал
биз учурда буга чейинки макулдашылган насыяларды беришибиз керек
кайсы бир даражада бул биздин да эмгегибиз
техниканы тейлегендер жабдууларга жооптуулар иштей беришет
макаладагы бардык сандар изилденет
анын пикиринде бийлик шайлоо жараянына көзөмөл болушун каалабайт
айта берчи балам таанып калаармын деп койдум
мен ырларымды эстебей деле калдым дептерден гана окуйм дейт ал
биздин тамгалар менен үйрөтүп жатабыз
бирок анте албады деп билдирди ал
ал эми канча адам батир сатып алганын айта албайм
анын режиссёру хаяо миядзаки экен
кантип алар кызымды бөлүмдүн ичинде өлтүртүүгө жол беришти
сүйүмбаев экс президент алмазбек атамбаевдин жансакчысы
кантип бул баш мыйзам менен мындан ары жашай алабыз
так диагноз коюлган эмес
дагы канчасы жазылат эле
бирок чындыгында андай болбой чыкты
иликтөө бүткөндөн кийин объект сүрдүрүлөт деди ал
булардын баарын аралаштырып бир күндө эки маал берет
депутаттар кайрадан келин көрсөтүүсүнө көңүл бурушту
бул борбор азияда экинчи орундагы жыйынтыкка тең келет
балдарга билим бериш керек дейт гүлбарчын
адаттагыдай эле анын бул наам үчүн атаандашы лионель месси болду
продюсерим менен барам го бирок ал азырынча талкууланып жатат
башкалкага келген ар бир адам медициналык текшерүүдөн өтөт
ал эми самара ошол убакта иштебей жаткан болчу
аким бизде эки ай иштеген сыноо мөөнөтүнөн өтө алган эмес
добуш берүү ачык электрондук форматта өттү
мындай мыйзам долбоор жок
бакиев ошентип көргөн эч нерсе чыккан жок
алар жооп бериши керек
ал мага биринчи тийди
ал кезде миңден ашуун адам кармалган
троллейбустун айдоочусу дароо токтогондуктан кырсык болгон жок
садыр жапаров казакстанда төрт жыл жашаган
казак бийлиги азырынча комментарий бере элек
бирок негизги көзүрү – суу помпасы
жерлер үч жыл ушул кишинин менчигинде болгон
бул тууралуу кийин айтып беребиз деди осмонбаев
анткени бизде экономикалык шарт жакшыраак
оюндарда волейболист кыздар да артыкчылыгын көрсөтүштү
жээнбеков күч түзүмдөрүн сынга алды
бул тасма мына ушинтип гана тартылды
элди бул сел дейт эл турганда сел болуп агызып кетет
аял эмне болгонун дароо түшүнбөй өз үйүн көздөй чуркаган
алтын уурдагандар шаарга көчүп үй курушат
бизде болсо ооругандарды гана эмдеп калгандарыбыз отурабыз
эртең менен аны калыбына келтирүү иштери башталды
ал эми көз жумган жаш балдардын санын эсепке алышпайт экен
кээ бир аймактарда мектептер ооруканалар курулбай калган
бала көптөгөн жарааттары менен ооруканага жаткырылды
анткени алар берки жакшы акча табаарын билишкен
сыяктуу тематикалык тайлапаларда пайда болгон
бирок эгерде конституция сакталса андай кылууга мүмкүн эмес
бул эки матчтуу серия
долбоор боюнча бишкек шаарына видео байкоо жабдыктары орнотулмак
алар түркчө сүйлөсө деле кыргызча сүйлөп атабыз дешет
андан сырткары базар тымызын түрдө бир нече бөлүккө бөлүнгөн
кечинде рулга мен отурдум артымдан милиция түшүп мен токтодум
ар бир үйдө бирден бала бирден карыяларыбыз ооруп жатат
ошол себептүү балдызын өлтүрүүгө ниет кылган деди сыдыков
жолду бойлой өспүрүм балдар жарнамалык шаблондорду сатып иштешет
бул жактагы камералар кармоо режими менен айырмаланып турушат
азырынча бул камералар сыноо тартибинде иштеп жатат
ош өзүнүн чайханалары менен белгилүү
бул тууралуу айыл чарба министирлиги билдирет
балалыгын ал ушул үйдө бирок башка батирде жашап өткөргөн
активисттер бийлик буга жол бербейт деп эсептешет
ал учурда мектептин имаратында эч ким болгон эмес
буга чейин пландарыбыз көп эле
кеңешип жатабыз деди сапар исаков журналисттерге
өзгөчө чоң класстын балдары кичинекейлерди кордошот
бул үчүн элге марафон уюштурдук
жыйынтыгында жүздөй адам ар кандай жаракаттарды алышкан
тескерисинче көмөк көрсөтө башташты
нааразылык акциясынын катышуучуларын милиция коштоп жүрдү
акырында төлөй баарын жаба албай
анда жашагандар коопсуз жерге чыгарылды
бүгүн сотко берсе керек
аткаминер бул кызматта бир жылга жетпеген убакыт иштеди
азырынча сайттын качан калыбына келтирилери белгисиз
алгач иштеп баштаганымда ширетүүдөн колдорум күйүп кетип турган
бул жагынан ал ийгиликке жетти
мамлекет эмне кылаар айласын таппай эми ушуну ойлоп тапты
чемпиондук кур анда дагы эки ай гана боло турганын түшүнүп турат
тыптынч жашоо уланып жаткан отуз үй бир заматта кыйрап калды
бирок чынын айтсам тез эле тажатып жиберчү
акыркы жолу ал наабайканада айдоочу болуп иштеген
балким башка жаныбарларды деди ал
бул өнөрдү бир тууган агаларынан үйрөнгөн
ошондон кийин мындай көчөттөрдү сатып алууну чечтик
текебаевдин буту шишип кетиптир
андан чыккан кыштарды бизге тазалатты
курман болгондордун көпчүлүгү дача кыштагынын тургундары
алардын артында португалия жана аргентина турат
ал бир катар өлкөлөрдө террористтик деп табылган
курсант кыздын бирөөсүнө эскерүү бергеним эсимде
бул жакта жашаган коркунучтуу болуп калды
ал менин бул жакта кыздары менен жалгыз экенимди билет
мен эскертме беришим керек болчу деген ал
ал күндөр өтүп кетти
коомдук желелерден мындай маалыматтар көп эле учуратууга болот
буттары ооруганынан бийди таштаганга туура келген
анан мен ал дарбазаны ичинен ачканымды айттыңыз
көрсөтмөлөргө олутсуз мамиле кылган адамдар болгон
эч кандай душманы жок болчу
биз кыргызстанда климаттын олуттуу өзгөрүшүн байкадык
башка ой жок деди ал
мен аябай коркуп калгам
андан кийинки катарларда колумбия менен бельгия турат
калган министрлер мурдагыдай тартипте эле иштей беришет
мен буга эч качан ишенбейм
кыргызстандын эл аралык жоопкерчилигин депутаттар буза албайт
калгандары жол катары эле колдонулат деди өмүров
алар курулушка макулдук бербегендигин айтып жатышат
башкы прокуратура менен укмк токтоосуз чара көрүшү керек эле
исаев өзү билдиргендей ага карата кылмыш иши саясий мүнөзгө ээ
кичи автобус менен оор жүк унаасынын айдоочулары жабыркаган эмес
прокурор уюлдук телефонуна берилип кетти
биз унчукпай калбайбыз биз бул тууралуу жазып сүйлөй беребиз
ал бул маселе саясий мүнөз күтүп баратат деп эсептейт
бул борборлорго жарандардан маалыматтар түшүп турат
биз александра менен жолуктук
ал үчүн өкмөт ипотекалык компания түздү
негизи ал миллиондоп берген макала ошол тууралуу болгон
магистр даражасын хэнань шаарынын университетинен алгам
бирок суунун дээрлик бардыгын өзбек тарап колдонот
адатта корозго атаандашты салмагына эмес боюна карап тандашат
биз мындайча айтканда таштанды челегиндейбиз деп арызданды ал
тойдун күнү белгиленип калың берилип бардыгы чечилип калган
костюму дагы жакшы отурат экен
башкалар соода сатык менен алектенишет
ал ошол учурда кыйкырып элди жардамга чакырып жаткан деди ал
бардыгы тең биздин кайсыл баскычта экендигибизге жараша болот
клооптун редакциясы кыймылсыз мүлктүн ээсин текшерип көргөн
оштун борбордук базарындагы сатуучулар тыюу салууга нааразы
аны толугу менен бүтүрүүгө төрт ай убакыт кеткен
жол кырсыгынын себептери аныкталууда
алар суроо жашырылган сандарды тандап жатышты
бул менен жакшы эле киреше табам дейт жыгач уста
үй урап кетет деп коркууга негиз жок
корукта аңчылыкка тыюу салынган
бул ктрк үгүттөгөн кул ээлөөчүлүк түзүлүшкө эң мыкты жооп болот
мен ошонун электрондук вариантын чыгарып берем
далерду башка кабинетке өтүүнү суранышкан
мендеги жалгыз критерий бул музыка мага чынында эле жагышы керек
саясатчы экинчи орунду ээлеп утулгандыгын тааныган
бул өнөрдү аркалашына ага балдары себеп болгон экен
мен көбүнчө өзүм ырдайм
алар казак бийлигинен чек араны ачууну талап кылышкан
уу калдыктарын көп учурда сел менен ташкындар жууп кетип турат
адамдын субъективдүү мамилесин аныктоо өтө кыйын болот
ошонун баары кайсы бир кишинин колуна тийиши мүмкүн болчу
анда орус жана англис тилдеринин колдонулушу күтүлүүдө
мен эмне деп айтып жатканымды билем
эгерде жыныстык катнаш болсо анда бул айыпталат
акырындык менен адамдар машиналарды каттай башташат деди ал
бул долбоор дагы самара иштеген серверде жайгашкан
кыргызстандыктар да жаңы эрежелер тууралуу даттанып киришкен
ал эмес кулжа да көрдүк
ал жогорку кесипкөй адам жана барынан да ал дипломат
андан кийин аны тиешелүү комитеттерге бөлүштүрүшү керек
мүмкүнчүлүк түзүлгөн күндө дагы ооганстан аларды бербейт
куткарылгандардын бири жампьеро парете
орусия биздин стратегиялык өнөктөш
өз үйүбүзгө кирип жашагыбыз келип жатат
мен ал жакка ошентип барып калгам
мага окшоп корозго кызыгып кетишпесе экен дейм
биздин адистердин айтымында атайын өрттөө болгон
бул кызматта ал азыркы убакытка дейре иштеп келет
азыр имараттын ичине кирип болбойт
сапардын баасы ар түрдүү ал багытка жараша болот
бирок кандай жол менен
бул дем алыш жана иш эмес күндөр болот
буга байланыштуу бир гана дарья клишина жарышка түшө алды
бул эмнеге таасир этиши мүмкүндүгүн түшүндүрөбүз
алар сенден көз каранды болгондуктан демек сени сатып кетпейт
өрттү ошол жерден өтүп бараткандар өчүрүшкөн
факты жүзүндө менин төрт кабыргамды сындырышты деди ал
ал дайым эле өз партиясынын бирдиктүү көз карашын кармана бербейт
ал да кытай тектүү малай
башкысы ошону башташ керек
оозеки эле айтып коюшту деди бердникова
желек кызыл болгон үчүн эле кан төгүлө бербейт
ошентип парламент аңчылыкка тыюу салууну четке какты
келтирилген материалдык чыгым такталып жатат
адамдар аябай меймандос бирок эркектер сексист
өз алдынча аракет кылып аны кадимки арабадан жасап көргөн
биз объективдүү калыс тыгыз жана биримдикте иштешибиз керек
масалиев атамбаев тапшырма берген деп жатат
беш киши ар кандай деңгээлдеги жараат алып ооруканага жаткырылган
бирок кайра куруу иштери сентябрдын башында гана аяктайт
эми бул буйрук бардык паспорт столдорунда болот
азыр иштин материалдарын такташ керек
патрулдук милициянын кызматкери тосмону сүзүп алды
бизде уяткаруу инстинкти жок
учурда кыргызстандык ооруканага жаткырылды
милиция окуя болгон жерден бензин куюлган бөтөлкө таап алган
күнөөлүү ошол акимиатта жер тилкелерин бөлүп бергендер
ошол жактан сүрүп чыгыш керек да муну
бул адам укуктарын бузуучулукка алып келиши мүмкүн
адамгерчилик байгеден артык болгондо
милиция кылмыштын башка катышуучуларын издеп жатат
ал өзүнө керектүү маалыматты ала алды
мавлян аке жеңишти көрө берип көнө түшкөнбү кыйкырган жок
азырынча зилалиев кайсыл кызматты аркалай турганы белгисиз
бирок бул сөздүктөрдүн баардыгы сөздөрдү гана которо алат
азыр алар жалдама батирде жашап жатышат
чектөөлөргө кылдат мамиле кылыш керек
алардын рейтинг өлчөгүчтөрү ар башка
ал жакта сен сыяктуу акылдуулар көп экен
же конституция менен мыйзамдар декларативдик эле мүнөздөбү
мен уктап китептерди окуйм
ал жакка унааларды да жөнөтпөй жатабыз
ушул чечим азия микстин ийгилиги үчүн чечүүчү учур болуп калды
мыйзам баардыгына бирдей болушу керек
джиптер чынында эле алар жол тандабаган автоунаалар эмеспи
каза тапкандардын туугандары өкүмдү жеңил деп аташууда
эми келишимге президент сооронбай жээнбеков кол коюшу керек
эми сата албай жатабыз
негизги маселе кылмышкерлер менен өлтүргөндөрдү табыш керек
бирок бул да жүзөгө ашкан жок
токтогул суу сактагычы тосмо менен нарын дайрасында жасалган
эстелик жасоодо белге күч келет себеби таштардын салмагы оор
бул биздин майзамдар боюнча сөзсүз жасалышы керек
мен токтоп коюшун айтып ыйладым кыйкырдым жалындым
аларды алып келишсе мен эмне кылмакмын билбейм
по убийству брата а
алгач ош шаарында эле кызмат кылат
бул жыйынтыктоочу топтук баскыч болмокчу
кыргызстандын аялдарынын алдында кечирим сураңыз
соттолгондордун баары бир жерде эле отурушат
ал сактоочу жайдын абалы жакшы экендигин айтты
укмк азырынча комментарий алуу үчүн жеткиликсиз бойдон калууда
бирок кыргызстан коңшу казакстанга өзүнүн ордун бошотуп берген
чыксак эле кызды көтөрүп машинага жетип калышыптыр
эркин булекбаев жашылдар партиясынын уюштуруучуларынын бири
учурда киришип жаткан сайтым коммерциялык сайт болуп эсептелинет
бул жерде улуу жибек жолу сезилет
таза иштегенге каражатың жетиштүү болсо жебейсиң
чечим кабыл алуу укугу ак үйдүн жетинчи кабатында калды
никенин бирден бир максаты бул тукумду сактап калуу
ал эми диний ишмер өзү бул нерсеге тийиштигин четке каккан
соттолуучу сот залында бошотулду
учурда иш боюнча тергөө жүрүп жатат
жөн гана бошотуп коюу бул жаза эмес
аны менен кошо дагы сегиз киши соттолгон
февраль айында ал орусиядан абдан ооруп келип аны мен даарыладым
эколог эгемназар айдаралиев ишкананын билдирүүсүнө макул эмес
алар жапайы уруулардын акыркы мууну болот деп үмүттөнөм
ал балдарын багуу үчүн акча иштеп табуу менен алек
анда өкмөттүн токтомун да кабыл алышкан болчу
соттогу менин көрсөтмөлөрүм баары бир көңүлгө алынган эмес
ал билдиргендей жаңы мекемени түзүү жол коопсуздугун жакшыртат
анан мен бир гана жанр менен чектелбөөнү чечтим
ал жактан ооруканага түштүм
бир тайпаны эске албаганда бардык тайпаларда төрттөн команда бар
озерное чүй облусунун аламүдүн районуна караштуу айыл
биз мэрдин шайлоосу тарыхта калсын дедик эле
бул өсүмдүк күндү карап өсөт
бул жүк ташууга катуу таасир этет
карасам кошунам санжар өлүп жатат
бул жолу дарбазаны павел матяш коргоду
абалы жакшы деди ал заноза басылмасына
шыкмаматов азырынча депутаттык ишмердигин улантып жатат
алардын биздин жарандарды үндөп жаткандыктары да – бул факт
азия чемпионаты континенттеги эң абройлуу турнир
командалар эки жарым финалда жана бир финалда ойношот
журналист акыркы беш жылдан бери украинада жашап иштеп келген
мындай маалыматтар бизден алынышы мүмкүн эмес
ооба чндыгында эле михаил николаевич каза болду
сомдук бажы төлөмдөрүн төлөшү керек болгон
анын өнөрүн баалап мекемеде атайын бөлмө бөлүп беришкен
бул документ азыркыга чейин жасала элек дейт кулбатыров
акниет менен арген да балдар арасындагы тирешти баштан өткөргөн
мындай стилдеги көйнөк биринен экинчисине кубулжуп өтүп жатты
бизге алардын эч кандай тиешеси жок
албетте биз катышалы деп чечтик
азыр мен даярданып каражат издеп жатам
сот андан эч жакка кетпөө тууралуу тил катын жаздырып алган
эл бул инвесторлорго ишенбей деле калды
бул болсо ош базарынын аймагындагы эки чоң соода үйү
анан эми ал акаевдин саткан жок
эккен огороддор суу ичпей жатат
рулдагы инспектор чылгый мас болгон
айла жок аллахтын берген буйругу экен
ал бул машина менен үйдөн өз апасынын уруксаты жок кетип калган
материалдын түп нускасы азаттык үналгысынын сайтында жарыяланган
биз азыр аларды кайрадан жумушка чыккыла деп көндүрүп жатабыз
