аялы күйөөм сабайт деген
коорттун ордуна бешинчи канал иштей баштаган
ошентип президенттик жарышта жээнбеков мурдагыдай эле алдыда
мен бул абдан чоң кемчилик деп эсептейм
кайра эле мен күнөөлүү болуп калам деди президент
мында туристтердин көп агымы жок
аграм болсо эки сунуш берген
мисалы мени мент эч бир жүйөөсүз эле кармаган
башкы прокурорду дайындоодо да так эле ушундай абал түзүлдү
менин эч кандай күнөөм жок
орусиянын тергөө комитети авиакырсык боюнча кылмыш ишин козгоду
бизге бардык сметалык документтерди русгидро берди
анткени чынында эле азыр биз кооптуу абалда жашап жаткандайбыз
көбүнесе акчалуу бизнесмендер келип атат
ош базардагы жашоо уланууда
депутат билдиргендей ал ишенбөөчүлүк көрсөтүү үчүн кол койгон
бул балдардын көбү жакын арада бүт дүйнөгө аты чыкса керек
бир эле адам эки жолу президент боло албайт
үйдөгүлөр да оң кабыл алышты деп айтып берди сүрөтчү кыз
мени келтек менен чапкылашты
арызды чүй облустук соту карайт
камакка алуу чечими буйрутма экендиги көрүнүп турат
жумакадыров менен кошо анын эки жардамчысы каза болгон
бул эки мамлекеттин көйгөйү бирок жашоочулар кыйналып жатышат
ал катчысы аркылуу бизди орун басарына жөнөттү
жубайым менен жогорку окуу жайда таанышканбыз
анда жүздөгөн кишилер бар болчу
дүйшөнкул чотонов бул иште ортомчу болуп чыккан
азырынча кордоо жана сабоо боюнча күнөөлөр коюла элек
демонстранттар тынч турушат чагым болгон жок
өкмөттүн жети облусун жалаң мырзалар башкарат
жабыркагандар жана зыянга учураган экспонаттар жок
эдил мындай акцияга биринчи жолу катышып жатат
медиктер бул күндөрү памирликтердин ден соолугун текшерип жатышты
бир нече чакырым жол жүргөндөн кийин көл көрүндү
эми анын уулу чоочун шаарда колдоосуз жумушсуз жалгыз жүрөт
бул ошол жердин кожоюнунун аты
адатта барымтага алуунун максаты куткаруу акысы же талап болот
кыргызстанда мындай жок кыргыздарда мындай болгон эмес
милициянын маалыматы боюнча ишкерге операция жасалган
бирок жоопкерчиликтүү болуш керек да
кырсык болоор алдында ал мас абалында болгон
анын талапкерлигин президент сооронбай жээнбеков сунуштаган
жыл сайын жай мезгилинде үч ай бою эс алуучуларды кабыл алат
ошол чечимдер болгону үчүн аларды үйдөн чыгардык да
азыр көмүр да албай калдык
ошондон кийин алардын ортосундагы мамилеси сууп кеткен
бажы кызматында иш аракеттер планы стратегия бар
бардыгы эмес бирок көпчүлүгү деди ал
бир жыл бою биз менен бирге болгонуңуздар үчүн ыракмат
анан анын тамтыгы чыккан өрттөлгөн сөөгү табылган
үч адамды кар ширендисинин алдынан куткарып калууга жетишишкен
кайра дагы топ киргизгенге хосилоттун убактысы жетпей калды
зордуктоо аракети болгон жерде күбөлөр болгон эмес
унаалардын бири шаардагы облустук поликлиникага берилди
террорчу катталып же штраф төлөп олтурбайт
эми аларды жакшы көрөм
бирок мындай болгон эмес
азыр деле чачым түшөт бирок мурдагыдай эмес
өткөн жылдан тарта эл аралык университет макамын алган
мындан ары бул автоунаалар менен мамлекеттик мүлк фонду алектенет
эки тарап узакка созулган сүйлөшүүлөрдү жүргүздү
эртең менен берип жатышкан тамакка ыраазы болосуң
анын иши боюнча алгачкы сот жыйыны ушул жылдын июлунда болгон
башталды деп ойлонуп мен кайра видеого тарта бердим
бул тууралуу парламенттин төрагасынын орун басары белгиледи
сен жалгызсың ишенер кожоң жок
ал мөңгү суусунан абдан көз каранды
биз учурдагы бийликтин катачылыктарын кайталабайбыз
учурда бул кызматты мухамметкалый абулгазиев ээлеп турат
башкалкага ким кааласа келсе болот
ал жакта жаңы партия пайда болуп калды
суу сактагычты өзбек аскерлери кайтарышат
менин бутум ооруп курбумдун абалы начарлап кетти
тыныгуудан кийин балкан катуурак ойной баштады
дүйнөнүн айрым аймактарында гейлердин укуктары оор абалда
мунун баарын жөнгө салыш үчүн интернетте иштеген система керек
мен болсо баары жакшы экенин өзүм эле жетип алаарымды айттым
башка кайсы мюзикл ушундай батыл ойго бара алмак
сенин жумушунду эч ким жасап койбойт да
бардыгы бактын сортуна жараша болот
мен анын калыстыгына ишенбей турам
биз кандайча буйрук бере алабыз
сот текебаевдин иши боюнча төрт күбөнү суракка алууга үлгүрдү
ал сыналгы да көрбөйт
биз чын эле жолдо кетип бара жатканбыз
өздөрү аны кыла алышпайт да
ага фаралар менен белги берип жатттым бирок кеч болуп калган эле
бара албагандары кыргызстан кандай экен
кышта суук болгондуктан арыз жазсак үй жылыткыч алып беришкен
көлдө балык болсо жок
экинчиден албетте эл чечет
айнек кесип жатканда абайлоого аракет кылам
алардын көзү көрбөсө да айдоочу катары унааны башкаргылары келет
андай ченем кылмыш кодексинде бар бирок ага негиз болушу керек
жүргүнчүлөр өмүрүн тобокелге салып жолдон өтүп жатышат
элдин баары эле акча уурдаган
баары бир тынчыбайсыңар да
үйлөнүү той август айына белгиленген болчу
колуктум жана эки балам менен келдим
назира илимназиева долбоордун катышуучуларынын бири
бир топтору менин үйүмө жөнөдү
жер көчкү болоорун билгенде келбей эле коймок да
анын оюнда бул рухий тазаланууга жол ачат
анда актёрлор готикалык чиркөөдө жыныстык катнашка барышкан
анын мага акча бергендиги боюнча айткан сөзүнөн башка эч нерсе жок
ошондо булар референдум өткөрөбүз деген
азырынча жалпы так сан жок деди ал
алар менен кошо аялы айгүл текебаева да барган
кызы мадина эмгиче кырсык болгон күндү унута албайт
жыйынтыгында сот коргоочу тараптын өтүнүчүн четке какты
биз нукура элдик президентти шайлайбыз
акча каражатын алгандан кийин алдамчылар изин жашырышкан
атамбаев сыйлыкты элге сиңирген көөнөрбөс эмгеги үчүн алды
жанарбек кенжеев кыргызстандын эмгек сиңирген спорт чебери
бирок силердин ушунчалык билгиңер келип жаткандан кийин
ал анын куралын тартып алышканын билдирет
ошондон бери ар кандай жабдууларды жасап келет
анан бюджетте да так карабайбыз
анда шарлар илинип музыка ойноп жаткан
баарыбыз тең ар кайсыл компанияларда болчубуз
өспүрүм силер ал тарапта экенин сезиши керек
ошол эле категорияда нургазы асангулов коло медаль утту
сомго программалык камсыздоо сатып алуу үчүн жарыяланган
кыргызстанда себат түрк лицейлери сапат деген атка көчтү
анан аны тургунбаев үйүнө алып кетти
кээ бирлери ишенишкен жок а башкалары мени колдоого алышты
азиз алар менен барган
асма укол жасадык бардык медициналык жардамды көрсөттүк
ал беттешүүдөн да камчыбеков жеңүүчү болуп чыккан
алар браконьерликке бөгөт коюу боюнча иштерди да алып барышат
аянтка илип коюп өлүгүн чиритип калтырып коюш керек
ош шииби адам өлтүрүү беренеси боюнча кылмыш ишин козгоду
башка казандарда түтүктөрдү ачык от менен жылытууга туура келген
көпчүлүк иштери бүтүп калды
мындан тышкары ал конституцияны өзгөртүүнү көздөп жатат
мамлекетке дагы айыл өкмөткө дагы
мен бул жакта мындан ары жашайын деген ниетим жок
мырзалыков аттуу жаранын атып салганын кабарлаган
самара менен бир нече мамлекеттик сайттар бирдей кодго ээ
ал айрык жинсы шым кийген балдардан эле деди ал
милиционер тыкылдатканда эшикти башкача көрүнгөн бир кыз ачты
ага чала тааныш жигит келип берген экен
прокурор көпүрөдө болбогонун жана аскаровду көрбөгөнүн айткан
натыйжада адвокат кыргызстандан чыгып латвиядан башпаанек тапкан
сотто эксперт анын көзүнүн алды көгөрүп турганын ырастады
ушундай эле абал орусия менен казакстанда байкалган
сот өкүмүн жокко чыгаруу үчүн кайра арыз жазабыз го
эң эле титулдашкан команда дордой
бардыгы мурдагыдай эле болот
мээрим өзбекстанга саякатын өзү уюштурууну чечкен
абалдары орто деди айгерчинова
ал эми чотонов бул иште ортомчулук кылган
алар жыйынга келбей калган себебин түшүндүрүшкөн жок
кошуналары тез жардам чакыртышкан
айдоочу дагы ооруканага жеткирилген
биздин жарандардын өлүмүнө себепкер болгон ал эмне деген жүк эле
мында баа бычуу деген маселе бар
байыркы чет элдик баатыр же жөн гана викинг
ирак аскерлери мосулга өтө жакын жерге келип калышты
алар кылмыш болгон жерден кызды таксиге салып изин суутушкан
тонго уран көбүнчө боюнда бар аял пайдаланган суу аркылуу түшөт
менин эч бир күнөөм жок
бул жерде финансы министри акча жок деп айтып жатат
көрдүңөр мен маданияттуу болуп күттүм
алып салууга уруксат документтеринин жоктугу расмий себеп болгон
бул жаңы эреже кыргызстандыктарга да таасир эткен
бул мектеп биздин айылдан беш чакырым алыс
мен албетте мураскор болчу эркек баланы каалагам
учурда мыйзам долбоору иштелип жатат
сүрөтчү түндүк кавказга жөнөгөн
кылмыш ишинин козголушуна ким уруксат берген эмес
азыр өмүрбек текебаев камакта отурат
жаш сүрөтчү буюртмага сүрөт тартып киреше табат
ар бир жерден сынам алынат
исак өзү айткандай анын нанын бүт көчөдөгүлөр алчу
бул жөө жүрүшкө курбум чакырды
тактап айтканда өкмөт аны жакындан караганда эмес
курал кай жактан алынышы мүмкүн
жумаков жакында иш сотко өткөрүлөт деп эсептейт
мындай окуядан соң ким мени аялдыкка алат
каршы добуш берген депутаттар кандай жооп беришти
ал эми сүйүмбаев атамбаевдин мурдагы жансакчысы болгон
мен видеону талап кылдым
бул базада уюлдук байланыш тартпайт
бирок бул шайлоо мурдагы шайлоолордон да ашып түштү деди ал
алардын айтымында ал күнү саясатчы супарага барган эмес
артыкбаев ал учурда энергетика министри болгон
алар кантип көзөмөлдөгөнү жатышат
аларда маркетинг социология жана психология боюнча билими жок
баары бирин бири ансыз деле түшүнүп жатышты
алардан эргүү алып ошого окшош кылалы деп чечтик деди ал
түзүүчүсү дмитрий жданов
жабыркаган кыздын энеси ооруканага түшкөн
өнүгүү прогресс фракциясынан сегиз депутат сессияга келген жок
сөз менен эмес иш менен аны колдой турганыңарды көрсөткүлө
жалпысынан милиция бул кылмышка шектеп алты адамды кармаган
милиция кызматкерлеринин тести тескери натыйжа берген
мектеп окуучусу митингге чыгып губернатоду сынга алган
бул баа бычакка пайдаланылган материалдан көз каранды
биз буга чейин таап жаткан акчаны таппай калабыз –деди ал
күбөлөрдүн сөздөрү боюнча ал кандуу окуя болгон жерде болгон эмес
кайсыл бир жерлеринде түтүктөрү сырдалган эмес дегендей
ал учурда көрсө эбак эле өлүп калган экен да
анын айтымында алдын ала топтолгон суу жетишсиздик кылышы мүмкүн
жана буга болушунча көбүрөөк күчтөрдү тартыш керек
алардын үчөөнө жол тандабастар гана катышты
үч үйдө эч ким болгон эмес
бул кандай болгонун рустем ильясовдун сүрөт баянынан көрүңүздөр
нурлан сапиков кырсыкта келинчегин жана беш жашар уулун жоготкон
ал акча эми кайдан алынат
мен жоопкерчилик алууга даярмын деди ал
алар материалдарды өзүнө ыңгайлуу өңүттөн чогултса керек
спикердин оюнда объективдүүлүк бул парламент шумдук иштеп атат
мен аны коргогон жокмун ал жаңы эле келди
сөз мурдагы депутат кабай карабековдун сочиге сапар
алган жараатынан улам шаар тургуну көз жумган
кечээ өзбекстан милициясын алып чыгып кетти деп билдирди ал
алар өз күнөсканасын шаардын өпкөсү деп атап алышкан
ал музей жабдууларын өндүрүп чыгарат
анын соккулары абдан жакшы чыкты ага каршы бир нерсе кылыш кыйын
өз киндигиңди өзүң кесесиң
алар документтерге өзгөртүү киргизип жаңы документ түзүшкөн
облуста жабыркагандарга бөлүштүрүп берсе боло турган жерлер бар
исаев соттолгон эл өкүлү канатбек исаевдин бир тууганы
сиз бул сөздөрдү кайра аласызбы
мечитте жаман нерсе үйрөтүлбөйт деди депутат
тез жардамды автобустун айдоочусу өткөрбөй койду
ал жерде кадимкидей эле адилетсиздик болуп жаткан деди мушкер
натыйжада беш адам жабыркаган
зектер наркомандар жана бандиттер чыгышы мүмкүн
биз бул чечимге макул эмеспиз жана аны сотто даттанабыз деди ал
мамлекеттик төлөмдөрдү азайтуунун кажети деле жок болчу
учурда ал кармала элек
чечим кабыл алуу үчүн мекеменин жарым жыл убактысы бар
биз кыргызстанда рекорд кылып эң чоң момпосуй жасадык
бизде бир киши дайыма тендерлерге көз салып турат
данияр кудайберди уулу алты жылдан бери эстелик жасап иштейт
ал эми өз эмгектерин сатпайт
жактоочу бул боюнча комментарий берүүдөн баш тартууда
бирөө да жок деп ишенем деп жазды ал
шаарда эскилиги жетти дегидей бактар жок
нарында болсо азыраак убакыт жашадык
эгерде алар муну токтотууну каалашса эбак эле токтотуп коюшмак
ал менден сен айбектикине кондуңбу
анын отставкага кетишинин себептери белгисиз
эшимбеков электр станциялар ишканасын башкармакчы
анын айтымында өлкө мурунку туусун кайра кабыл алышы керек
буга чейин ага алдамчылык беренеси боюнча кылмыш иши ачылган
себеби аларды убактылуу окутканга алып келдик
малик айтбаев топту туура эмес тарапка узаткан
балдар силер менен сүйлөшкөнгө ой бөлүшкөнгө муктаж
күн сайын ошол эле нерсе дейт ал
ал кандайча жасалган схемалар кандай тартылган
бардыгы депутатардын колунда деп билдирген жумабеков
эл ар кандай кабыл алат экен да деди продюсер
алардын башкы максаты ошол деп ойлойм
өрттү жолдон өтүп бараткандар өчүрүшкөн эч ким жабыркаган эмес
андан сырткары кылмыш ишин козгоо маселеси чечилүүдө
жөн эле тигип штаб кылып алышкан
курман болгондордун көпчүлүгү жергиликтүү тургундар
бир аз убакыттан кийин бул кызмат ишин улантат
ал жерде чет элдик мугалим кыз мурун конуп калган болчу
эң начар көрсөткүч мьянманын курамасында катталган
айрымдары журналистти сотко берген
ал өзгөчө ири өлчөмдө акча каражатын уурдоого айыпталган
башка айылдарда баарын толук эмдөөдөн өткөрүшүптүр
ошондуктан муну комплекстүү караш керек
биз азыр эмне кылуу керектигин ойлонуп жатабыз деди ал
жесиртапканы эч нерсеге жетпеген адамдар не кылсын
ал үчүн элден жана өкмөттөн турган атайын комиссия түзүлдү
алар өздөрү бул жолду тандап алышкан
кылмыш ишинде күнөө далилденген жок
бир четинен ал кызыктуу болчу бизге жакчу
ал эми июль айындагы жай саратанда бир айдай эс алуу кылабыз
бишкекте техника баардык тармакта жогорку деңгээлде
датасет шилтеме аркылуу жеткиликтүү
ошондуктан мындай маселе карала элек
канат исаев баарына эле асылып жатат
милиционер аны аңдууга алууну чечкен
отчет кыргызстандын парламенти тарабынан кабыл алынган эмес
учак тумандан улам баткенге коно албай калган
мектеп он биринчи класстагы биология сабагы
жарандар эч кимге паспортун бербеши керек
катуу ылдамдыкта келген жүк унаасы адамдардын тобун аралап кеткен
жалаа жаап каралап дегендей
бир нече метрден кийин күтүүсүздөн өзбек блокпостуна туш келдик
дал ушундай жынысына карабай туруп
менде чынында эле бирөөнү кемсинтейин деген ниетим жок болчу
а эмне мен каталышым керекпи
жүргүнчүлөрдөн кийин автоунаалар да бошотулган
эгерде ал бул нерсеге капа болуп калса кечирим сурайм
буга чейин анда боор рагы илдети аныкталган
алар бизди кандашыбыз деп эсептешет
шектүү менен кошо дагы төрт киши камакка алынган
ал кыргызстандын жалгыз үмүтү болчу
мындай адамдарды жазалаш керек деди депутат
силер аны өзүңөр ачпашыңар керек
демилгенин четке кагылышы экологдордун кыжырын келтирди
биз тынч жашаганга аракет кылабыз
халмурзаев авто тетиктерин сатуу менен иш жүргүзгөн
чүй облусу менен сүйлөшүүлөрдү жүргүзүп жатабыз деди ибраимов
бул жакка мени таежем алып келди
ал мени сексуалдык ориентациямдын айынан коркуткан
учурда журналист убактылуу кармоочу жайда камакта
аскер прокуратурасы ага каршы кылмыш ишин козгоду
каржылоо качан башталаары белгисиз
аягында бирөө аны башка катуу чапкан
коопсуз шаардан акылдуу шаарга
мени принципсиздик таң калтырды
цезарь аттуу жылкыбыз сегиз үйүргө тең ээлик кылчу
менимче бабур төлбаев ушуну айткысы келсе керек
жарака байкалган жети жердеги көчкү дайыма активдүү
азыр анын түзүүчүсү катары баян алымбекова көрсөтүлгөн
бул өкүм боюнча кайрадан даттанууга болбойт деп билдирди ал
мындан болушу мүмкүн эмес анткени суук деле жүргөн жок
тергөө иштери жүрүп жатат
жакынкы күндөрү бардыгын кабарлайбыз деди компаниянын өкүлү
аппаратты учурда бишкекке келишкен мосванын инженерлери оңдошот
мен анын мүрзөсүнө барып таазим этким келип атат
мектеп окуучуларынын ден соолуктары чыңдалып жатат
андагылардын көбү баңгизатына көз карандуулук менен жабыркашат
бул жерде желектин эч кандай күнөөсү жок деп эсептейт сыдыков
 эми рейтинг ар бир матчтан кийин жаңыртылат
мыйзамда белгиленген убакта же камалып же акталыш керек да
бабанов өзүнүн куттуктоо сөзүн фэйсбукта жарыялаган
баатыр көңүл коштук кылып койбогон учур абдан жүрөктү жылытат
деги эле ошол кызматтык машиненин иштегенин көргөн жокпуз
төрөбаевдин максаты түштүк электоратын алуу
эстелик начар абалда жана оңдоп түзөөгө муктаж
биздин коомчулук көп тараптуу
бул маселени карай элекпиз
орто жолдон байыркы осуяттан да үзүндү келтирет
аягында көлдүн таптаза болгон тунук суусуна түшүп алдык
ал эми исаев өз күнөөсүн четке кагууда
ормуков тек гана аныкталган алдамчылардын бири болуп чыкты
мен сиздерге муну жоопкерчиликтүү түрдө билдирем
казактар менен орусиялыктар бизге ишенбегени деле туура
яша да колго түшпөс болууда
биз азыр бул кандай болгондугу жөнүндө маалымат ала элекпиз
мектепте окуп жүргөн кезде бишкекте менин өз тобум бар болчу
ошондуктан мындан башка эч нерсе айта албайм деди ал
бул кол салууну биз чечкиндүү түрдө айыптайбыз
алар чынында эле бизди уят кылып жатышабы
күн батканда башын жерге салып таң атышын күтөт
маалыматка ылайык жол кыймылы көчкү коркунучунан улам жабылды
а алар болсо дайыма кийинкиге жылдырышат
неберелерим кошуналарды барып сактайлы дешти
ош мага жагат мында көрө турган жерлер абдан көп
анын оюнча бул маевскийдин жалган көрсөтмө бергенин далилдейт
бирок тургундар көчүп кетүүдөн баш тартып келишет
кандай болгон күндө да силер ал материалды өчүрсөңөр жакшы болмок
анын айтымында арыздар менен эч ким кайрылган эмес
а ашканада шекери жок ботко даамсыз сорполорду беришчү
капыстан эле менин жүзүмө кимдир бирөө бир койду
бул башкысы деген ал
эмгиче жабыркагандардын жетөө батир жана үй сатып алып коюшту
бул окуя түйүнү сизди өзүнө тартып алдыбы же
келе жаткан жаңы жылыңыздар менен
ал милиция кызматкерин бетке чаап салды дейт шакирова
биз аларга ыраазы болушубуз керек
аны көргөн жарандардын көбүндө коркуу сезими жаралат
биз сунуштайбыз ал эми туристтер өздөрү бааларга ылайык тандашат
сулайманов ок атылгандан да каза болушу мүмкүн эле
биз аны төгүндөп жатабыз
курулуш компаниясынын жетекчисине каршы кылмыш иши козголду
муну көпчүлүк соттор ачык айта албай келет
 иликтөөлөр жана көлөмдүү репортаждар көбөйөт
ошондо ал мага кечки саат сегизде жеке аныктама чыгарган
жолдон өткөн анча ыңгайлуу эмес
өзөктүк текшерүүнү түштүк корея жана жапония тастыктады
каршылык акциясынын бир нечеси февралда жана мартта өткөн
анын тексти даана эле үгүттөөгө багытталган болчу
алар кандай максат менен бара жатышат
мен конвецияны дыкат карап чыкканмын
кийин кайра ошолордун продукциясын пайдаланышат деди тойчиев
бул эки өлкө үчүн пайдалуу деп билдирди ал
шашылыш түрдө калтырылган издер
мага кыргызча жооп бериңиз
англис тилинен мугалим болуп деле иштей берем дейт
ал деле туура деңизчи бирок бул медалдын экинчи тарабы гана
төрт жыл мурун кызым экөөбүз бишкектен келе жатканбыз
жооп иретинде анчейин түшүнүксүз жана негизсиз түшүндүрмө алдым
партиянын ынтымагы тууралуу саясий кеңеште да сөз болду
ошентип баланын келечегин жок кылып жатышат
учурда эстелик орнотула турган жерде курулуш иштери башталган
алар абдрахман инсульттун айынан оор абалда болгонун кабарлашкан
оңдоо иштеринин баарын быйыл жайында бүтүрүү пландалууда
мен салянованын сотуна барыш үчүн кете бергем деп билдирген ал
милиция бул кылмышка шектелип жаткан дагы эки адамды издеп жатат
татыктуу артисттер пайда боло турган күндү күтүү гана калды
окуянын себептерин тактоо боюнча териштирүү иштери жүрүп жатат
мен бир топ тапшырмаларды бердим
бишкекте жолдорду кайра куруу башталды
үч жолу кикбоксинг боюнча дүйнө чемпиону болгон
алгач мындай өкүмдү октябрь райондук соту чыгарган
жашоочулардын макулдугу мен бул жерди алганга чейин алынган
ал урандынын алдынан алып чыккан кичүү уулумду мага карматты
мэрлердин көпчүлүгү кызматтан алынды беле
анткени кантип сатуу керектигин азыртадан эле билишет
натыйжада оюн маанилүү болуп калды
ал жерде мен хор ансамблине кирип калдым
аскаров милиция кызматкерлеринин көрсөтмөсүн калп деп билдирди
милиция кызматкерлери митингдегилерге түшүндүрмө беришти
ал жакта бизди ким кабыл алат
ошондуктан квалификациялык тандоо болгон
азырынча сүйлөшүүлөрдүн качан баштала тургандыгы белгисиз
айрым адамдар үчүн башкалка алардын акыркы жайы болуп эсептелет
мен шакирт албайм өзүмдүн балдарыма гана үйрөтөм
аялы алдына кичинекей баласын алып башка атты минип келе жатат
активисттер албек отун кыйгыч биз таза шаар үчүн
көрсөтмө теориялык бөлүк менен практикалык даярдыктардан турат
ошондо мени кабинетке эки же үч саатка камап коюшту деди ал
өз жанын кыюуга жеткирүү фактысы боюнча кылмыш иши козголду
ага убакыт берүү керек
бирок кийин жолдошуң барбы
акчаны бөлүштүрүүгө эч ким ашыга элек
айыптоочулар бул боюнча комментарий беришкен жок
маалыматка ылайык саясатчылар арасынан бирөөсүн колдоп чыгышат
күнүнө ашып барса үч каттам болот
бул далилдерди алып алыш үчүн аны кармашкан
кийин бул иштин аягы эмне болгону белгисиз бойдон калды
биз өзүбүздү маскара кылдык деди ал
ал кыйратуу долбоорлорунда гений
кытай империясынын аталышы да ушундай болчу
электр энергиясына тартыштык болбойт деди ал
ошол эле маалда ал шаар куруучулардын гана планын чагылдырат
ал адвокат соттун алдында гана берилгенин айтты
каналдын жумушу токтобойт деп ишендирди ал
алар бүгүн митингде болуп сөз сүйлөштү
бул өнөр ээлери ар күнү тыным көрбөй иштеп жаткан болушат
тумар бийчилер тобу да четте калган жок
эне менен баланын өлүмү да күч
чүчүкулакта бир корзинага күчү бирдей командалар чогулат
мүмкүн сиздерде бул боюнча кандайдыр бир маалыматтарыңар бардыр
зыянды эсептөөнүн акыркы жыйынтыгы аркы жумада даяр болот
документтерибиздин баары жайында деп ишендирди цой
тилекке каршы коюлган талаптар ошол бойдон калган деди ал
өзгөчө сол колун кармай албай жатат
оппозициянын митингине карабастан сот аны эки айга камакка алган
бул абдан таң калычтуу деп билдирди депутат каныбек иманалиев
азыр болсо мен ал жакта ишкана болбойт деп айттым
жай мезгилинде ич өткөк оорусу көп катталат
азырынча республиканы уюмдан чыгаруу маселеси көтөрүлө элек
алар памирге барганда баары бир бөлүнүп калат эмеспи
биз баш коргоо чарасын жогорку сотто даттанабыз
аттиң журналистке да акынга да жашоо кыйын
алардын экөөсү тең маалыматтын ушак экенин билдиришти
анын патерсону ырлар жөнүндө поэтикалык фильм
кээде катуу тепки жеп өлүм тапкан учурлар болот экен
кезек күтүп калган унаалардын жүк ташыган акысы да кымбаттап кетти
алардын өлкөсүндө тартип жок деген ал
клиника жайгашкан имараттын ээси табып менен келишимин токтотту
өкмөт акциз салыгын товардын акыркы баасына үстөк катары киргизет
он жылдан бери аялдардын азыркы саясаттагы салмагы арттыбы
андан сырткары өзүмдүн бизнесим бар
биз өтүп кетиш үчүн жол түзүп бергенбиз
бул жерден оштун зоопаркы жөнүндө чакан тасманы көрсөңүз болот
өрт чыгуунун себептери белгисиз
ал өзү билимсиз калып жатпайбы
ал менин шайлоо алдындагы штабымды жетектеди
бактарды кыюу иштери парктын беш сотых жеринде жүргөн
ким урганын эмне болгонун билбесем бирөөгө кантип доомат кылам
бул жерде эч ким жөндөн жөн эле турбайт
аны белгисиз жигиттер ала качууга аракет кылышкан болчу
эл өз кайгысы менен жалгыз калды деди ал
анын чачы узун көп сүйлөчү эмес
эч ким жок көрдүңөрбү
жеринде эле кандайдыр бир шарт түзө баштасак болот
чакмактар ар бир мезгилде бренд түрдүү чакмак жейделерди чыгарат
мен динден жооп табууга аракет кылган күндөрүм да өткөн
бирок кыргыз милициясы азырынча жыйынтык чыгарууга шашыла элек
чынын айтканда бул жакшы эмес
ыйык орун бош калбайт
эми ал нан да жаба албайт
анан өзүмдөн сурагандар да толтура
биз короодо эмне болуп жатканына көз салып турдук
мектептер бизге жакшы көмөк көрсөтүп келе жатат
башкалар штативдерин жыйнап жатышканда биз күтүп турдук
куудулдун өлүмүн теле алып баруучу регина дубовицкая тастыктаган
анткени кулап түшкөн учак тандырын талкалап кеткен
кумтөр кыргызстандагы эң эле ири алтын кени
ошондой ыплас нерселер себеп болуп чыгарып салдык
биз туура эмес бир нерсени көрсөк ал тууралуу айтпайбыз
учурда бийлик мектеп пособияларын иштеп чыгууда
бирок шыр эле айлыктын көп болушуна кызыгышат
биздин алар менен мамилебиз бар биз кызматташканбыз
а азыр алар эмнени каалап жатышат
журналист үйүнөн чыгып унаа менен бир канча ондогон метр жүргөн
чындыгында текст өтө эле автордук
ал эмес элдер да чогулуп калды
салянова өз адвокатын колдоду
интернеттен көргөнүмдүн баарын практикада жасап көрөт элем
мен бир жакка барып калсам маршрутка менен барууга аракет кылам
коло жана күмүш топторун алексис санчес менен леон горецка алышты
бирок бийлик тарабынан эч кандай реакция болгон эмес
айгерчинова учурда бейтаптардын абалы орто экенин кошумчалады
бишкек шаардык кеңеши төрт фракциядан көпчүлүк коалициясын түздү
аттуу жаран бухгалтер болуп дайындалган
тасма калыстар өзгөчө сөзгө алган дипломуна татыган
ал орусияга оң бутундагы протезди алмаштыруу үчүн барган
чыныгы козутуучалар эркиндикте аларга тийбей жатышат
алардын үчөө үй камагына чыгарылып дагы экөө издөөдө
укук сакчылары окуянын жагдайларын териштирүүдө
өзүмөн башка бир да аял кишини көргөн жокмун
балам кыргыз болушун каалайм
мен тышка чыкканда от асманга жете жаздап күйүп жатыптыр
бирок өкмөт бул көйгөйдү көрбөй эле көз жумуп коюууда
бирок бийлик мурда көп эле жолу убакытты созуп келген
биз аларга болгонун болгондой түшүндүрүп жатабыз
ал алар кабыл алынганын көрсөттү
алар ошого карабастан кирип келишкен деп билдирди хасанов
дагы бирөөсү кан тамырын кесип жиберген
ал учурда ага полициянын тобу жөнөп бара жаткан болот
учурда мындан аркы иликтөөнү укмк жүргүзүүдө
бул ишкана оштун киреберишиндеги айкелди дагы жасаган экен
жайкы бассейндердин үстү ачык ичинде тамактануучу жайлары бар
алар таң калышып канча жаштасың
тасманы үмүт жаштар киносунун форумунда көрүүгө болот
келечекте ал архитектор болгусу келет
бул айрым бир кыйынчылыктарга алып келет
атамбаев андан кийин кача турган жерин издеши керек болот
анын аракеттери мамлекетке миллион сомдон ашуун зыян келтирген
ксдп республика боюнча бардык кызматтарды жөнгө салууда
бир нече жылдан кийин резидент болгариянын жарандыгын ала алат
бул жерде коррупциялык аракеттер бар
учактан секирейин деп турганда горизонтту карасаңар жакшы
алар өкмөттүн курамына ишеним көрсөтпөө сунушун киргизишти
шыкмаматов менен салянова компенсация доолаган жок
анан ал материалды тосмолообузду өтүнүштү
ал эми сот алардын арызын четке каккан
алар мага дайыма жыныстык буюм катары карашат
ошонун негизинде биз тургундарды чыгарып жатабыз
бул жаштар дагы сүйүүдө бактысыз болушканын божомолдосо болот
окуядан алты ай өтсө дагы динараны коюп кеткен айдоочу табыла элек
маалыматтын жетишпестиги да бул маселени курчутат
анткени ал жакта туризмди жайылтуу жакшы жолго салынган
аны улантуу үчүн дарыгер болуу кыялыман баш тарткам дейт ал
өлкөдө интернет начар өнүккөн
окуя боюнча милиция кызматтык иликтөө жүргүзүүдө
биз башка дүйнөдө жашайбыз
сомго кеңсе техникасын жеткирүү
сальвадорго композицияны эжеси луиза атайын жазып берген
мен кетем деген адамды кармай албайм деди жээнбеков
жаштар аллеясынын ортосуна имарат куруп аянтын бузушту
үсөновдун айтымында атамбаев кырдаалды көзөмөлдөп турат
ал кыргызстандын үч жолку чемпиону жана өлкө кубогуна ээ болгон
милиция тергөө амалдарын улантууда
ранохан ал абалда кандайча кыргызстанга кетерин түшүнбөй турам
лыжа сезону декабрь айында ачылат
мурда пенья рейтингде экинчи орунда турган
эми келе элек өкмөттүн бере элек чайын мактабайын
азырынча анын ордуна ким келээри белгисиз
ата мекен партиясынын мурдагы депутаты
азыр окуучулардын абалы оңолуп келатат
зыян тийгизет деп эсептесеңиз көрүү сунушталбайт
керосиндин жытынан башы ооруп кускан учурлары көп болот
алардын канчалык туура же туура эмес тартканы бул эми башка маселе
бул биздин конституциялык укугубуз
программа айрым адамдарга жагат кээ бирлерге жакпайт
мен өз көзүм менен көрдүм
сууга бышкан жумуртканы бир корозго бирден жегизебиз
исаков таза коом электрондук өкмөт программасын жетектейт
дагы эки киши анын ичинде жети жаштагы бала ооруканада көз жумган
өрт коопсуздугу үчүн эч ким жоопту эмес деди ал
өзбек башчысы кыргыз элине татыктуу башчыны шайлап алууну каалады
бул туурасында электр станциялар компаниясы билдирди
зым менен тартылган интернет жай иштеп кээде иштебей деле калат
ошондон бери рохиняларды куугунтуктоо токтобой келет
албетте өлкө мен үчүн ар дайым кымбат болот
мен ал күнү кой жайып талаада элем
бул чечимдин себептери белгисиз
турсунбай аттуу бегемот шымкенттеги зоопарктан келди
андан кийин тез жардамдын дарыгерлерине ал асынып өлгөнүн айтышат
тилсиз жоо менен күрөшкөнү эки атайын унаа чыккан
чоң туулганын кийинки турнири ушул жылдын жаз мезгилинде өтөт
күнүнө абдан көп кагаздар келет
аны таап интервью алууга макулдугун алуу кыйын болду
коомдук тармактарда ар бир экинчи ар нерсени айта алат
төрөбаев тараптан жолтоо болбойт бул багытта ал ага тийише албайт
ошол учурда сүрөттөн башка эч нерсеге көңүлүм жок болчу
саясий серепчи марат казакпаев сариевдин пикири менен макул
самолет степановское айылына кулаган
анда бир катар тренд жана тенденциялар тартууланды
биздин саясат биздин президенттер кыргыздар үчүн иштеши керек
партиянын лидери шайлана турган курултай январда өтөт
бүгүн эки өлкө үчүн тарыхый күн
гулира тогуз жашар өспүрүмүн апасы
көргөзмөгө концептуалдык дизайнер улуша жол да катышты
менин өмүр баянымды окусаңыз деди ал
 адамдардын ортосундагы байланышты курууга жардам берүү
үйүндө олтуруп эле жарыя берип коесуң
эртелеп топтолуп алынган суу жетпей калышы ыктымал
схема биринчи класстын окуучусу тарткандай элес калтырат
ушундай пландарыбыз бар эле
клооптун редакциясы кыймылсыз мүлктүн ээсин текшерип көрдү
кунай өспүрүмдөргө ылайыкталып саякат жана экшн жанрында жасалды
шаршеев мындай жыйынтыкка макул болбой рингден түшпөй койгон
жүзүн жоготкон учурлар болот
ал жерде римма николаевнанын туугандары үч эжеси жашачу
бул жөн эле каралоо мен ушул маселе боюнча сотко кайрылганы жатам
никитенко өзү мыйзам долбооруна каршы добуш бергенин кошумчалады
биз кыздарды кантип таярбиялайбыз
айылдагы жалпы беш үйдүн төртөөсүн көчкү басып жок болгон
биз алар менен таптакыр сүйлөшпөйбүз
коомчулукта ар кандай кептер чыгууда
эми ал үмүт жок деди акциянын катышуучусу талант акматов
кабатырланып аткан жаныбыз жай ала түштү
жарыш сөзгө бизден эч ким катышкан жок
андан кийин ал келбестигин билдиришти деди кулов
бирок мыйзам кабыл алынган соң ага баш ийүү керек деди
эгер аял киши кеңештин арасында болсо тартип дагы болот экен
бул тууралуу бизге кечээ айтышкан
бул суроолор ачык бойдон калат жана аны убакыт көрсөтөт
⅛ финалда мусаевдин атаандашы монгол доржханд худербулга болгон
анткени номерге чарчап келесиң деп эстеди ал
кармалгандардын арасында мектеп окуучулары да болгон
бирок күнөөкөрдүн аты атала элек
бизге белгилүү болгондой өрт үч жерден чыккан
курулуш шарты өзгөчө чөлкөм бул шаардын борбору
тергөөчүлөр аны банктык сырды таратууга шектешкен
калгандары орто жана ири ишканалар
ал кант диабети менен ооруп жүргөн деди ал
баяндоо улукбек канашевдин атынан жүрөт
бабанов мага саясий тандем түзүүнү сунуштады
пульт менен башкарылган машина жоодардын бешинчи эмгеги
эң башкысы биз революцияларды каалабайбыз
бул компания мегакомдун орусиялык мегафонго сатылышында катышкан
парашюттан секирип көрүү керекпи
билим берүү министри мектеп формасы өзгөрүүсүз калат деп билдирди
бул таптакыр чектен чыгуу мен нес болуп турам деген ал
ар бир кыргыз үчүн эли жери туусу ак калпагы ыйык
мен эмнеге мындай болуп жатат
азырынча өрт толугу менен өчүрүлө элек
биздин компания иштей баштагандан бери чыгымдарга учурап келет
ал ооруканага жеткирилип соттук жыйын башка күнгө жылдырылган
ал эми казакстанда аны конституциялык эмес деп таанышкан
президент катты министрлердин үчөөсүнө жөнөтөт
сомдон ашык акча алган
таймдын аягында хосилот азчылык абалда калды
диний иштерди оюнчукка айлантып болбойт деди молдо
биз бизнес тармагы интернет боюнча маалымат ала алдык
анткени мыйзам артка иштебейт
бизди бул кимге керек болсо ошолор жакшы билишет
чет өлкөдөгү турмуштун жакшы жагы эмне билесизби
бул акчаны кыргызстан кытайдын эксимбанкынан насыя катары алган
түзүүчүсү дементев владимир васильевич
ага каршы алдамчылык беренеси боюнча кылмыш иши козголгон
биз принципиалдык түрдө украин товарларын ташыбайбыз
доочу тарап кайда башкы прокурор кайда президент кайда
натыйжада спринтердин айдоочусу евгений лексин мерт болгон
чындыгында мен бул ырды балачагымдан бери өтө жакшы көрөм
балким себеби ушул болушу мүмкүн деди ал
алты баламдын төртөө мектеп окуучусу
мурда суу сактагычтын аймагында буудай өстүргөн совхоз бар болчу
ижара акысын төлөй албай көчөдө калышыптыр
канча жылдан бери намаз окуйт
качканым үчүн өкүнөм деди ал
сен мени бүтүндөй гезитке чыгарып оскорблять этип атасың блядь
кышкы чилдеде балдар бир сааттай жөө басып мектепке барышат
бирок бул көрүнүш аны күндө ичимдик ичүүгө түрткөн
алар менен да таанышып чыгуу зарыл
же эмне экиге бөлүнүп кетейинби
милициянын маалыматына ылайык кол салгандар үчөө болгон
милициянын кызматкерин өлтүрүү фактысы боюнча кылмыш иши козголду
бизде азыр андай акча жок
андыктан ал жерде патрондор көп болчу
сценарист каармандардын мүнөзүн сырткы келбетин жазып берет
болгондо да мюзикл кинематограф жанрынын эң күлкүлүүсү
ал бул чечим боюнча даттануу арызын жазуу ниетинде
дагы бири оор абалда баткендин ооруканасына жаткырылган
ал дагы адам чарчайт деди шыкмаматов
ош шаарындагы мектептерде акыркы коңгуроо үнү жаңырды
сиз мага кыргыз тилинде жооп бере аласызбы
анда ат майданда оңдоо иштерин темир канат компаниясы жүргүзгөн
аталган окуяда адам өмүрүнө зыян тийген эмес
аларга ссуда акча жер тилкеси берилген
биз башка эрежелер менен жашайбыз
атамбаев бул учурда эмне кылып жатты
эми болсо коңшу жашаган эженин баласын багып жүрөм
ага бир топ каражат талап кылынат
бирок иш мөөнөтү эскирип кеткенине байланыштуу токтотулган
бул иште саясий жүйөө бар
анткени бул журналисттер эмес бул жалганчылар
а бизде эмнеге түшүм жыйноо башталганда жогорулап кетет
бирок жаңы эн белги менен аталыш бекитиле элек деди ал
мага каршы жети томдон турган иш токулган
германияда төрөлгөн зафер динчер түркияда билим алган
баарыбыздын жүрөгүбүз тилинип турат
эгерде кар терең болсо анда болушу мүмкүн
мадина күндөрдүн биринде алар менен бейиштен жолугаарына ишенет
түндөсү саат тогуздарда алар мени үйүнө алып кетишти
мен ушунча коркуп атсам балдар кантип өтөт билбейм деди ал
автокырсыктын себептерин полиция териштирүүдө
учурда жалпы беш эле киши иштейт
ал канал жоюлган ал жок деп айтты умурканова
сомдук эки тендерде жеңип чыккан
сүрөттөргө күн тийип жатат
кубого узатылган топ да кыргыз курамасынын колунда болчу
ошондой улуу инсанды койбой кимди коебуз
коридор деген дедовщинанын бир элементи экен
андашева кичинекей бала көлгө заара ушатканын четке кагууда
бирок андай болушу мүмкүн эмес экенин түшүнүп турабыз
биз кайрылууларды тиешелүү органдарга жөнөтөбүз келгенден кийин
эмне үчүн аны өлтүрүшкөнүн биз билбейбиз
көпчүлүгү кредитти алып мал кылып койсом эле болду деп ойлошот
ал дайыма кыргызстан жалпыбыздын үйүбүз деп айтчу
кайрылууда кыргызстан каапырлар өлкөсү деп аталган
активисттер ушул отургучтар менен эле чектелип калууну каалабайт
сот таасирге алдырып жатат
кийин анын мойнунда из табылат
онунчу отурумда тараптарга жарыш сөз берилген
сен көз каранды эмессиң эркинсиң бирок ирденип өсүү жолундасың
бул даана эле техникалык ката менин добуш беришим эч мүмкүн эмес
башка максат болгон эмес спирт ичимдиктер болгон эмес
ал бул аймактарды коргоо тартибинин долбоорун иштеп чыгышы керек
казакстанга телефон чалганы үчүн
мен деле ушул тармакта иш кылып мангага өмүрүмдү арнагым келет
башкалардай эле намаз окучу
жылуу гидрокостюмдарга карабастан катышуучулар үшүп жатышты
а ал болсо качып атпайбы
мага демектен бийликтин кекиртегине 
ошентип ал жолдошу менен жумуш таба алышкан
бак африкада деле бак да
ошондон улам кыздарыбыздын көздөрүнө тирсек чыгып шишип чыгууда
алардын өздөрүнүн жаңы ойлору пайда болот
мен бул мыйзамга каршымын
ал аларды коррупция боюнча айыптапоого алган
анын оюнча өзүнө каршы козголгон иш саясий мүнөзгө ээ
кечки саат жетиде ыктыярчылар автобустарга отурушту
ал үчүн мамлекеттик мүлктү башкаруу фондунун чечимин күтүш керек
андан кийин рефери келип шаршеевди депортация менен коркуткан
депутат болуп мен дагы өз башымдан өткөрдүм
ошондуктан иним райымбек сапар жумакадыровичти сотко берди
чет жакта сенин экинчи жашооң башталат
башка механизмди иштетип менчикке берсек болот
салтанатка чет элдиктер да күбө болушту
маалыматты кыргызстандын чек ара кызматы таратты
бул техникалык жардам деп аталат
бирок кийин ойлонуп тынч эле кетели дедик
мен өкүмгө комментарий берүүгө укугум жок
бирок ошол сол тарабы иштебей жатат
польшалык мугалим кыз кыргызстанда ала качууга дуушар болду
эми бул датаны президент алмазбек атамбаев бекитиши керек
ал болсо ага акча керек эмес экенин айтып мага өзүңдү бас деди
мен милициянын кызматкеринен бомба жөнүндө сурадым
сиз мага улуу британияга роумингге чалып жатасыз
ал бычактарды куурчутуп жана башка ашкана буюмдарын оңдоп берет
дагы бир куруучу бекболот кадыралиев жумушту таштап кеткиси келет
силер мени билбейт деп жазышыңар мүмкүн
