b u l b ɑ: ɑ l dZ ɑ q t[ ɑ dZ ɑ j ɯ m ɑ q ɑ r m ɑ l ɯ p t[ u r ɑ t[
ɑ z ɯ r ɯ n tS ɑ s ɑ j t[ t[ ɯ n i S i q ɑ tS ɑ n q ɑ l ɯ b ɯ n ɑ k e l t[ i r i l e r i b e l ɡ i s i z
ɑ l b e t[ t[ e m ɯ n d[ ɑ j b o l u p q ɑ l ʁ ɑ n ɯ n ɑ oe k y n oe m d[ e d[ i ɑ l
b i r i n tS i s ɑ p ɑ r d[ ɑ n k i j i n d[ ɑ ʁ ɯ d[ ɑ l ɑ j dZ o l u q ɑ t[ t[ ɑ d[ ɯ m
b u l q ɑ d[ ɑ m ʁ ɑ e m n e y tS y n b ɑ r ʁ ɑ n ɯ N ɯ z d[ ɯ dZ ɑ q S ɯ t[ y S y n oe b y z
ɑ n d[ ɑ n b e r i oe l k oe d[ oe b i r n e tS e dZ o l u b i j l i k ɑ l m ɑ S t[ ɯ
dZ ɯ l ɯ n ɑ e k i dZ o l u ɑ n ɯ ɑ r d[ ɑ ɡ e r d[ e e s ɑ l u: ʁ ɑ dZ oe n oe t[ y S oe t[
m u n u n b ɑ r d[ ɯ ʁ ɯ n e s k e ɑ l u: k e r e k
s u: n u n dZ o q t[ u ʁ u k oe j ɡ oe j d[ y dZ ɑ r ɑ t[ t[ ɯ
ɑ l ɑ r ɑ n tS ɑ ɑ l ɯ s e m e s k e l e tS e k dZ ɑ N ɯ q o n u S u n d[ ɑ dZ ɑ S ɑ S ɑ t[
o S o n d[ o ɑ l oe z ɑ p ɑ s ɯ n ɑ ɑ ʁ ɑ q o S u n ɑ s ɯ dZ ɑ ʁ ɑ: r ɯ n ɑ j t[ q ɑ n
ɑ z ɯ r s y j l oe S y: l oe r u b ɑ q t[ ɯ l u: t[ o q t[ o t[ u l d[ u
b i r s oe z m e n e n ɑ j t[ q ɑ n d[ ɑ q o j tS u ʁ ɑ o q S o S
q o m p ɑ n i j ɑ n ɯ n dZ e t[ e k tS i s i n ɑ r ɡ i z dZ o l d[ o S b ɑ e ə ɑ
ɑ l k oe p n e r s e n i u q t[ u
m e n y tS k y n d[ oe n b e r i k oe tS oe d[ oe dZ ɑ t[ ɯ p q ɑ l ɯ p b u t[ u m b ɑ s p ɑ j b ɑ r ɑ t[ q ɑ n
q o m m e n t[ ɑ r i j b e r y: d[ oe n q ɑ r m ɑ n ɯ p t[ u r ɑ j ɯ n
S ɑ r S e m b i k y n y b ɑ: r ɯ b e l ɡ i l y: b o l o t[
ɑ l ɑ r ɯ z d[ ɑ n k i j i n f i l ɑ t[ t[ o ʁ u z dZ ɯ l ʁ ɑ e r k i n e n ɑ dZ ɯ r ɑ t[ ɯ l ʁ ɑ n
e m n e y tS y n e k e n i n d[ ɑ b i l e m
t[ o p o z d[ o r t[ u z q ɑ p t[ ɑ ʁ ɑ n dZ e: k t[ e r d[ e o t[ t[ o S o t[
l o: p r e d[ ɑ q ts i j ɑ s ɯ b o l ʁ o n i S tS ɑ r ɑ n ɯ tS ɑ ʁ ɯ l d[ ɯ r u: ʁ ɑ ɑ r ɑ k e t[ q ɯ l d[ ɯ
ɑ l b e t[ t[ e b u l tS e tS i m b o j u n tS ɑ dZ o ʁ o r q u s o t[ q o d[ ɑ t[ t[ ɑ n ɑ b ɯ z
o S o l u tS u r d[ ɑ ɑ l ɑ r q ɯ z d[ ɯ oe z k y tS y m e n e n q u t[ q ɑ r u: ʁ ɑ b e l s e n i S e t[
d[ ɑ l u S u l q o m ɑ n d[ ɑ l ɑ r u l u t[ t[ ɑ r l i ʁ ɑ s ɯ n ɯ n n ɑ: m ɯ y tS y n k y tS s ɯ n ɑ S ɑ t[
b ɑ r d[ ɯ ʁ ɯ b y ɡ y n k y k y n d[ oe ɡ y d[ oe j k oe z ɑ l d[ ɯ m d[ ɑ t[ u r ɑ t[
m e n p ɑ r i dZ ɡ e t[ e r ɑ q t[ t[ ɑ r d[ ɑ n e k i k y n oe t[ k oe n d[ oe n k i j i n k e l d[ i m
ɑ l ɑ r s oe z e r k i n d[ i ɡ i n e e: e m e s
b u ʁ ɑ tS e j i n q u b ɑ n ɯ tS b e k q ɑ d[ ɯ r o v s u: i tS i p b ɑ S t[ ɑ ʁ ɑ n e l e
o j u n dZ ɯ j ɯ r m ɑ m y n oe t[ t[ y k y tS b oe l y k t[ oe n t[ u r ɑ t[
b u l ɑ z i j ɑ tS e m p i o n ɑ t[ ɯ n d[ ɑ ʁ ɯ t[ ɯ n ɯ b e q o v ɑ n ɯ n e k i n tS i dZ e N i S i
ɑ j t[ m ɑ t[ o v v e t[ e r i n ɑ r d[ ɯ q i S i m e n e n b i r ɡ e p o ə e s t[ t[ e r d[ i dZ ɑ z ɯ p t[ u r ʁ ɑ n
ɑ l ɑ r d[ ɯ n m ɑ q s ɑ t[ ɯ b o r b o r d[ u n k oe r y n y S y n dZ ɑ q S ɯ r t[ u:
ɑ l dZ e r o S dZ ɑ n ɑ b ɑ S q ɑ ɑ j m ɑ q t[ ɑ r ʁ ɑ s ɑ l ɯ S t[ ɯ r m ɑ l u: oe n y k k oe n
k e tS i ɡ y: n y n s e b e b i oe k m oe t[ t[ ɑ r ɑ b ɯ n ɑ n q ɑ r dZ ɯ l o: n u n dZ e t[ i S s i z d[ i ɡ i
b ɑ q t[ ɯ m b ɑ r e k e n s t[ ɑ d[ i o n d[ u n o r t[ o s u n ɑ tS u r q ɑ p b ɑ r ʁ ɑ n ʁ ɑ dZ e t[ i S t[ i m
b i z b ɑ S q ɑ oe l k oe d[ oe n ɑ tS ɯ p ɑ l ɑ b ɯ z
s X e m ɑ b o l s o q ɑ n d[ ɑ j t[ ɑ r t[ ɯ l ʁ ɑ n
b i z ɑ l dZ e r d[ e ɡ i b y r k y t[ t[ y b i j i k dZ e r ɡ e q o n d[ u r d[ u q
b i z b u l y j l oe r d[ y s ɑ t[ ɯ p ɑ l ʁ ɑ n b ɯ z
dZ o l u ʁ u S u: d[ ɑ i S t[ ɑ S t[ o: n u n s e b e p t[ e r i t[ ɑ l q u: l ɑ n ʁ ɑ n
b i r o q b i z k y t[ y p ɑ l ʁ ɑ n o S o l m ɑ r S r u t[ t[ ɑ m i r z ɑ t[ dZ o q e k e n
ɑ n ɯ n q ɯ z ɯ b e r m e t[ ɑ q ɑ e ə ɑ d[ ɑ ɑ t[ ɑ l ʁ ɑ n m e k t[ e p t[ i ɑ j ɑ q t[ ɑ ʁ ɑ n
ɑ l ʁ ɑ tS e l e q ɯ t[ ɑ j d[ ɯ n e S i ɡ i n ɑ tS t[ ɯ m
u z u n u b i r dZ ɑ r ɯ m m e t[ r l i k t[ ɑ t[ t[ u: n u y tS k i S i y tS s ɑ: t[ t[ ɑ dZ ɑ s ɑ S q ɑ n
s e b e b i ɑ d[ m i n r e s u r s b ɑ S q ɯ r o l d[ u o j n o d[ u
ɑ l ɑ r q o l o n n ɑ b o l u p p e r ts ɯ m o t[ o b ɑ r ɯ n ɑ n dZ e N i S p ɑ r q ɯ n ɑ tS e j i n b ɑ r ɯ S t[ ɯ
t[ o q m o q t[ u n dZ ɑ q ɯ n ɯ n d[ ɑ ʁ ɯ ɑ j l ɑ m p ɑ dZ o l d[ o e k i ɑ v t[ o m ɑ S i n ɑ q ɑ ʁ ɯ S t[ ɯ
ɑ l v i d[ e o n u d[ y j n oe l y k b ɑ s ɯ l m ɑ l ɑ r d[ ɑ dZ ɑ r ɯ j ɑ l ɑ S q ɑ n
ɑ l dZ e r d[ e k i tS i n e k e j tS ɯ j ɯ r d[ ɑ e tS k i m d[ e l e dZ o q b o l tS u
ɑ n t[ k e n i dZ oe: tS ɯ j ɯ r t[ ɑ r ɑ j ɯ p k e t[ k e n
k e l i S i m q u r u: tS u l ɑ r d[ ɯ n k oe p tS y l y ɡ y oe z b e k s t[ ɑ n d[ ɑ n b o l u S u n S ɑ r t[ t[ ɑ j t[
m e n d[ e j l e r q o: m d[ u q t[ y j y n d[ oe r d[ oe k oe p
ɑ l b u l m ɑ s e l e b o j u n tS ɑ k oe m oe k k oe r s oe t[ oe: r y n oe s oe z b e r d[ i
e q o n o m i s t[ ɑ l e k s ɑ n d[ r X v ɑ n d[ ɯ n ɑ j t[ ɯ m ɯ n d[ ɑ b u l b ɑ z ɑ r y tS y n dZ ɑ q S ɯ b e l ɡ i
ɑ j m ɑ q t[ ɑ r d[ ɯ q ɯ d[ ɯ r ʁ ɑ n d[ ɑ ɑ j ɑ l ɑ k i m d[ e r ɑ b d[ ɑ n ɑ z dZ o q q o e s e
m ɯ q t[ ɯ l ɑ r d[ i ə i z i o n ʁ o k oe t[ oe r y l y p n ɑ tS ɑ r o j n o ʁ o n d[ o r t[ oe m oe n t[ y S oe b e r e t[
m u ʁ ɑ l i m ɡ e ɑ j t[ ɯ S q ɑ n d[ ɑ s ɯ r t[ q ɑ ɑ l ɯ p tS ɯ ʁ ɯ p ɯ r ʁ ɯ t[ u: s u n ɑ j t[ q ɑ n
dZ o q tS ɯ n e l e ɑ j t[ ɯ p ɑ t[ ɑ m q o S u l ʁ u l ɑ
b o t[ ɑ n i q ɑ l ɯ q b ɑ q tS ɑ d[ ɑ n b u l m ɑ: l ɯ m ɑ t[ t[ ɯ l o: p q o t[ ɑ s t[ ɯ q t[ ɑ p b e r i S t[ i
t[ oe m oe n t[ y S y: y tS m y n oe t[ t[ oe j u b ɑ q ɯ t[ q ɑ s o z u l ɑ t[
b i r r j u m q ɑ i tS t[ i m b o l ʁ o n u o S o l
b u l ɑ r ʁ ɑ s ɯ z dZ ɑ ʁ d[ ɑ j b o l u: d[ ɑ d[ e d[ i e S e n b ɑ e v
s i z m e n i m e n e n e m e s p r e z i d[ e n t[ t[ i n k e N e S tS i l e r i m e n e n k e N e S e s i z
m e n z ɑ k i j ɑ d[ e ɡ e n q ɯ z m e n e n t[ ɑ: n ɯ S t[ ɯ m
b i z b i r i n tS i dZ o l u m y m k y n tS y l y ɡ y tS e k t[ e l ɡ e n ɑ d[ ɑ m d[ ɑ r d[ ɯ o q u t[ u p dZ ɑ t[ ɑ b ɯ z
q ɑ tS ɑ n e k e n i b i z ɡ e b e l ɡ i s i z
t[ y z e l e dZ e r ɑ t[ ɯ l ɯ p k e t[ i p y s t[ y s y r y l y p t[ y S t[ y
u tS u r d[ ɑ m e k t[ e p o q u: tS u l ɑ r ɯ n ɯ n ɑ b ɑ l ɯ q ɑ n ɑ: t[ t[ ɑ n d[ ɯ r ɑ r l ɯ q d[ e d[ i ɑ l
b i z d[ e d[ ɑ m ɯ n d[ ɑ j m e n e n ɑ l e k t[ e n ɡ e n b ɑ l d[ ɑ r d[ ɯ n t[ o p t[ o r u b ɑ r
b u l b t[ q o: m tS u l u ʁ u n u n dZ ɑ b ɯ q b o l u: s u n u n d[ ɑ ʁ ɯ b i r s e b e b i
s t[ ɑ m b u l d[ ɑ m ɑ n ɑ s e p o s u t[ y r t[ i l i n d[ e k oe r s oe t[ y l d[ y
b u l dZ ɑ q t[ ɑ e r k e k t[ e r y tS y n ɑ j ɑ l d[ ɑ r e n e dZ e ɑ j ɑ l ʁ ɑ n ɑ b o l o ɑ l ɯ S ɑ t[
dZ o l d[ o s t[ u d[ e n t[ e d[ i l b ɑ S q ɑ ɯ q t[ ɯ j ɑ r tS ɯ s ɯ r ʁ ɑ q m e n e n t[ ɑ: n ɯ S q ɑ n
b i z d[ i n q ɯ z m ɑ t[ k e r l e r s t[ u d[ e n t[ t[ e r d[ i n q ɯ z m ɑ t[ k e r l e r i m e n e n i S t[ e S k e n
f i f ɑ dZ ɑ N ɯ r e j t[ i n d[ i dZ ɑ r ɯ j ɑ l o: n u n u b ɑ q t[ ɯ s ɯ n d[ ɑ j ɯ n d[ ɑ b ɑ j t[
ɑ n ɯ q t[ ɑ l ʁ ɑ n f ɑ q t[ e tS q ɑ n d[ ɑ j t[ i n t[ y: dZ y r ɡ y z y l b oe ɡ oe n y n k oe r s oe t[ y p t[ u r ɑ t[
m ɑ m l e k e t[ m e n i d[ u S m ɑ n d[ e p dZ ɑ N ɯ l ɯ S ɑ t[
ɑ l dZ e r d[ e ɑ j ɑ l dZ e e r k e k d[ e p dZ ɑ z ɯ l ʁ ɑ n e m e s
s i l e r q ɑ r t[ ɑ n ɯ k oe r d[ y N oe r b e l e
t[ y r k i j ɑ d[ ɑ ʁ ɯ s t[ u d[ e n t[ t[ i k f e s t[ i v ɑ l d[ ɑ t[ ɑ s m ɑ e k i n tS i o r u n ʁ ɑ e: b o l ʁ o n
ɑ l k y n d[ oe r y n ɑ: r ɑ z ɯ l ɯ q ɑ q ts i j ɑ s ɯ n ɑ t[ y m oe n d[ oe ɡ oe n ɑ d[ ɑ m d[ ɑ r tS ɯ q q ɑ n
b oe l m oe l oe r b e k i l b e j t[ dZ ɑ S ɯ r ɯ n ɯ p q ɑ l u: ʁ ɑ e tS m y m k y n e m e s
ɑ l dZ ɑ q t[ ɑ s u l t[ ɑ n b o l o ɑ l b ɑ j s ɯ N
s y r oe t[ t[ ɑ r t[ u: m e n y tS y n b i z n e s e m e s
m e n i n q ɑ j m ɑ n ɑ ɑ t[ ɯ m s ɑ j X i r o s ɑ k i
b i r o q ɑ l ɑ r d[ ɯ n e tS k i m i s i m e n e n s y j l oe S y: ɡ oe m y m k y n b o l ʁ o n e m e s
b i r i n tS i l e r z ɑ l d[ ɑ o t[ u r u S ɑ t[ ɑ e k i n tS i l e r i d[ ɑ l i s t[ e dZ y r y S oe t[
b u ʁ ɑ ɑ n ɯ n s ɑ q ɑ l ɯ S e k t[ u: d[ u r ʁ ɑ n
ɑ l ɑ r b i o l o ɡ i j ɑ l ɯ q dZ ɑ q t[ ɑ n d[ ɑ m e X ɑ n i q ɑ l ɯ q dZ ɑ q t[ ɑ n d[ ɑ dZ ɑ b ɯ r q ɑ ʁ ɑ n
ɑ l s ɑ j ɑ s ɑ t[ t[ ɑ n tS e t[ t[ e ɡ e n d[ e n k i j i n tS u q u l o: n u n k e r e ɡ i dZ o q
u tS u r d[ ɑ d[ e p u t[ ɑ t[ u b ɑ q t[ ɯ l u: ɑ b ɑ q t[ ɑ q ɑ r m ɑ l u: d[ ɑ
b i z ɑ l k y n oe: l y: dZ e k y n oe: l y: e m e s e k e n i n b i l b e j b i z
n u n e s b e t[ t[ e S t[ i n ɑ q ɯ r q ɯ s e q u n d[ ɑ l ɑ r ɯ n d[ ɑ q ɑ r S ɯ l ɑ S ɯ n dZ ɯ ʁ ɯ t[ ɑ ɑ l d[ ɯ
ɑ l e m i ɑ l d[ ɯ d[ ɑ ʁ ɯ o n d[ u q q ɑ f r ɑ n ts i j ɑ n ɯ n q u r ɑ m ɑ s ɯ i l i n ɡ e n
m ɑ t[ e r i ɑ l d[ ɯ n t[ y p n u s q ɑ s ɯ n ɑ s t[ o j ɑ S e: v r e m j ɑ s ɑ j t[ ɯ n ɑ tS ɯ q q ɑ n
k e N i r i y tS b oe l m oe l y: b ɑ t[ i r
b u l ɑ j ɑ l d[ ɑ r ʁ ɑ q ɑ r ɑ t[ ɑ k oe r oe ɑ l b ɑ s t[ ɯ q dZ ɑ n ɑ oe t[ oe m i z o ɡ i n i s t[ t[ i k b i l d[ i r y:
s y j l oe S y: d[ oe n k i j i n d[ ɑ ʁ ɯ k oe r oe b y z d[ ɑ
b o l ʁ o n u s t[ ɑ n d[ ɑ r t[ f o r m ɑ d[ ɑ dZ ɑ s ɑ p b e r i l e t[
b e S i n tS i n i n d[ i r e k t[ o r u i z i l d[ oe: l oe r d[ y n dZ ɯ j ɯ n t[ ɯ q t[ ɑ r ɯ m e n e n m ɑ q u l e m e s
k e: d[ e p e n s i o n e r l e r d[ i ɑ s ɯ r ɑ p ɑ l u: n u q ɑ: l ɑ ʁ ɑ n d[ ɑ r tS ɯ ʁ ɯ S ɑ t[
d[ e n e s i n d[ e ɡ i o: r dZ ɑ r ɑ q ɑ t[ t[ ɑ r d[ ɑ n X ɑ l m u r z ɑ e v o: r u q ɑ n ɑ d[ ɑ q ɑ z ɑ b o l ʁ o n
q ɑ r S ɯ d[ e p n ɑ z ɑ r ɑ l i ɑ r i p o v m e n e n ɑ b d[ r ɑ X m ɑ t[ o ə ɑ oe z y d[ o b u S b e r i S k e n
b ɑ j l ɑ n ɯ S ɯ b ɯ z u S u l k y n ɡ oe tS e j i n y z y l oe e l e k b o l tS u
dZ e r d[ i n b ɑ: r ɯ n d[ ɑ m e k t[ e p t[ e r o: r u q ɑ n ɑ l ɑ r b ɑ r
b u l b e r e n e l e r e m n e dZ oe n y n d[ oe
d[ ɑ r ɯ m e n e n q ɑ m s ɯ z q ɯ l ʁ ɑ n d[ ɑ d[ e l e ɑ l ɑ r ɑ n ɯ e m n e q ɯ l ɑ: r ɯ n b i l i S p e j t[
m o s ə i n b i j l i k k e oe z y b ɑ r ɯ p oe r t[ b o j u n tS ɑ oe z k y n oe: s y n m o j n u n ɑ ɑ l d[ ɯ
ɑ l ɑ r k e l i p e l e t[ o: ʁ o dZ oe n oe ɡ y s y k e l e t[
ɑ l q o S u m tS ɑ l ɑ ʁ ɑ n d[ ɑ j q ɯ r ʁ ɯ z t[ ɑ r ɑ p t[ e r ɡ oe: ɡ oe t[ ɑ: s i r e t[ p e j t[
b i z d[ i n dZ ɑ b d[ ɯ q t[ ɑ r ɑ l dZ e r d[ e o r n o t[ u l ʁ ɑ n e m e s
ɑ n d[ ɑ o q u j ɑ l ɑ r s y r oe t[ t[ oe r m e n e n b ɑ j ɑ n d[ ɑ l ɯ p t[ e k s t[ i ɑ z b o l o t[
u n q ɑ m p ɑ s ɯ n ɯ n ɑ l d[ ɯ n d[ ɑ k y n ɡ oe k y j ɡ oe n k i r k i j i m tS e n y tS b ɑ l ɑ o t[ u r ɑ t[
ɑ l q ɯ z ɯ t[ ɑ r ɑ p t[ ɑ b o l u p q ɯ z ɯ n ɑ ɑ l dZ ɑ l ʁ ɯ z e m e s e k e n i n k oe r s oe t[ oe ɑ l d[ ɯ
m e n oe z p o z i ts i j ɑ m d[ ɯ b i r q ɑ n tS ɑ dZ o l u b i l d[ i r ɡ e m dZ ɑ n ɑ ɑ n ɯ oe z ɡ oe r t[ p oe j m
m o l d[ o v ɑ d[ ɑ dZ ɑ N ɯ p r e z i d[ e n t[ S ɑ j l ɑ n d[ ɯ b ɑ: r ɯ t[ u r u q t[ u:
o S o l t[ y n y b ɑ S q ɑ l ɑ r ɯ d[ ɑ ɑ tS q ɑ tS ɯ l ɯ q q ɑ r m o: d[ o n b ɑ S t[ ɑ r t[ ɯ S t[ ɯ
z v e z d[ i n ɑ b ɑ s m ɑ q ɑ n ɑ n ɯ n i S i n u l ɑ n t[ ɑ b e r y: s y n t[ ɑ l ɑ p q ɯ l u: d[ ɑ
d[ ɑ ʁ ɯ q ɑ j s ɯ s ɑ j ɑ s ɑ t[ tS ɯ l ɑ r s o t[ t[ o l d[ u
b u l s u: s ɑ q t[ ɑ ʁ ɯ tS q u r tS q ɯ r d[ ɑ: l ʁ ɑ e tS q ɑ n d[ ɑ j t[ i e S e s i dZ o q
ɑ n ɯ n ɑ j t[ ɯ m ɯ n d[ ɑ b u l S ɑ j l o: n u n dZ ɯ j ɯ n t[ ɯ ʁ ɯ n ɑ t[ ɑ: s i r e t[ k e n
d[ o r d[ o j d[ u n o j u n tS u l ɑ r ɯ k oe k ɑ l ɑ j d[ ɯ q ɯ ɑ q f o r m ɑ d[ ɑ
o S o n d[ u q t[ ɑ n ɑ l ɑ r m ɯ q t[ ɯ d[ ɑ j ɑ r d[ ɯ q t[ ɑ b o l u S u k e r e k
b u l t[ e X n i q ɑ n ɯ m ɑ j ɯ p ɑ d[ ɑ m d[ ɑ r ʁ ɑ ɯ N ʁ ɑ j l ɑ S t[ ɯ r ɯ p dZ ɑ s ɑ d[ ɯ m
m i l i ts i o n e r l e r o: r u q ɑ n ɑ d[ ɑ ɑ ʁ ɑ b i r ʁ ɑ n ɑ d[ ɑ r ɯ ɡ e r l e r d[ i k i r ɡ i z i S tS y
b u l ɑ tS ɯ q t[ ɑ n ɑ tS ɯ q q ɑ l p
b i z q o n t[ e n t[ i b i z d[ i i n t[ e r n e t[ ɑ r q ɯ l u: ʁ ɑ n ɑ dZ ɑ j ɯ l t[ p ɑ j b ɯ z
y tS y n tS y ʁ o l o j u n d[ u n e k i n tS i dZ ɑ r ɯ m ɯ n d[ ɑ ɑ t[ q ɑ r ɯ l d[ ɯ
ɑ l d[ ɑ q ɑ n tS ɑ q o r q u n u tS t[ u: n e r s e d[ o b u S t[ ɑ r d[ ɯ s ɑ t[ ɯ p ɑ l u:
b i z b ɑ S q ɑ tS ɑ dZ o l m e n e n b ɑ r ɑ b ɯ z
ɑ n ɯ n l u b d[ ɑ S ɯ dZ o e l ɑ q o dZ o n u n e s e b i n d[ e b e S dZ o l u k i r ɡ i z i l ɡ e n ʁ o l b ɑ r
dZ ɑ p ɑ r o v oe z y s u d[ j j ɑ d[ ɑ n i S t[ i ɑ j ɑ ʁ ɯ n ɑ tS e j i n i l i k t[ e p tS ɯ ʁ u: n u oe t[ y n d[ y
dZ ɑ b ɯ r q ɑ ʁ ɑ n d[ ɑ r dZ ɑ n ɑ q ɯ j r o: l o r dZ o q
tS ɑ ʁ ɯ m tS ɯ l ɑ r ɑ k e t[ t[ e r k oe p b o l d[ u
b o j d[ u n u z u n d[ u ʁ u k oe z oe l tS oe m m e n e n e l e b e l ɡ i l e n e t[
tS i l i n i n q u r ɑ m ɑ s ɯ o r u n u n s ɑ q t[ ɑ p t[ u r ɑ t[
ɑ l b i z m e n e n k e l i p t[ ɑ: n ɯ S q ɑ n b i r i n tS i k i S i b o l d[ u
m ɯ n d[ ɑ j n e r s e e ɡ e m e n d[ y: l y k k y n y n d[ oe d[ ɑ ʁ ɯ b o l d[ u
t[ ɯ S q ɯ s ɑ j ɑ s ɑ t[ t[ ɑ ɑ t[ ɑ m b ɑ e v b ɑ s ɯ m d[ ɯ o r u s i j ɑ ʁ ɑ dZ ɑ s ɑ j t[
b ɑ r d[ ɯ ʁ ɯ b i S k e k t[ e d[ e p ɑ ʁ ɑ ɑ j t[ ɯ S q ɑ n
q ɯ m b ɑ t[ ɑ j t[ ɯ p q ɑ r d[ ɑ r l ɑ r d[ ɯ q ɑ tS ɯ r b ɑ S k e r e k
e l e n ɑ dZ ɯ l q ɯ tS ɯ e ə ɑ m e n e n ɡ y l n ɑ r ɑ dZ o r o b ɑ e ə ɑ o t[ u r u m ʁ ɑ q ɑ t[ ɯ S q ɑ n e m e s
ɑ l m ɑ d[ i n ɑ b ɑ z ɑ r ɯ n ɯ n dZ ɑ n ɯ n d[ ɑ ʁ ɯ S ɑ b d[ ɑ n b ɑ: t[ ɯ r k oe tS oe s y n d[ oe dZ ɑ j ʁ ɑ S q ɑ n
s i l e r ɡ e b i r e p i z o d[ t[ u: r ɑ l u: ɑ j t[ ɯ p b e r e j i n
m e n i q ɑ r S ɯ d[ e p k i r ɡ i z i p q o j u S u p t[ u r b u e:
m ɯ n d[ ɑ j dZ o l m e n e n b ɑ l d[ ɑ r y j y n y n dZ o j u l u S u n ɑ s ɑ l ɯ m ɯ m d[ ɯ q o S q u m k e l e t[
ɑ l k y n y t[ ɑ r t[ ɯ l ʁ ɑ n s y r oe t[ t[ oe q ɯ z b ɑ q t[ ɯ l u: k oe r y n oe t[
ɑ l ɑ r m e n i y j l oe n t[ k oe n y dZ ɑ t[ ɯ S q ɑ n ɯ n t[ y S y n d[ y m d[ e p b ɑ j ɑ n d[ ɑ j t[ ɑ l
b i r o q k e l e tS e k t[ e ɑ l q ɑ j r ɑ dZ ɑ n d[ ɑ n ɯ S ɯ k e r e k
m e n ɑ j ɑ b ɑ j k oe p k e N e S t[ e r d[ i u q t[ u m
e m n e y tS y n e k e n i n ɑ j t[ ɯ p b e r e b i z
m o d[ i n t[ e k e b ɑ e ə d[ i n q ɑ b i n e t[ i n i n dZ ɑ n ɯ n ɑ n oe t[ t[ y
b i l d[ i r m e t[ o l t[ u r u: ʁ ɑ oe t[ oe b e r e j i n
oe s y p k e l e dZ ɑ t[ q ɑ n dZ ɑ S t[ ɑ r d[ ɯ n i tS k i d[ y j n oe s y t[ ɑ z ɑ b o l o t[
n ɑ t[ ɯ j dZ ɑ d[ ɑ ɑ l e k s e j ɑ t[ ɑ s ɯ n ɯ n t[ ɑ l ɑ b ɯ m e n e n b e k i n i p ɑ l ʁ ɑ n
b u ʁ ɑ tS e j i n ɑ l ɑ r m ɑ m l e k e t[ t[ i k t[ i l s ɯ n ɑ ʁ ɯ n ɑ n i j ɡ i l i k t[ y: oe t[ y S k oe n
o n b i r dZ ɑ S ɑ r i S k e r m u r d[ ɑ e l e ɑ t[ ɑ: n d[ ɑ S t[ ɑ r ɯ m e n e n k e l i S i p ɑ l ʁ ɑ n
ɑ l i S s ɑ p ɑ t[ t[ u: b u dZ e dZ o q p u b ɑ S q ɑ m ɑ s e l e
m e n e tS n e r s e d[ e n q o r p o j m m e n i n ɑ b i j i r i m t[ ɑ z ɑ
ɑ l b u l ɑ j ɯ p t[ o: n u s ɑ j ɑ s i j m y n oe z d[ y: d[ e p ɑ t[ ɑ ʁ ɑ n
t[ ɑ q t[ ɑ p ɑ j t[ q ɑ n d[ ɑ ɑ l ɑ r m e n i n oe l k oe d[ oe e m e s t[ i ɡ i m d[ i b i l i S k e n
b u l e k i t[ ɑ r ɑ p t[ ɯ b i r d[ e j ɯ n ɑ n d[ ɯ r ʁ ɑ n tS e tS i m b o l d[ u d[ e d[ i r ɯ s q u l o v
b u l s u r o: p ɑ j d[ ɑ b o l ʁ o n d[ o m e n b ɑ S q ɯ p r o q u r o r e l e m
u tS u r d[ ɑ dZ e r ɡ i l i k t[ y: m i l i ts i j ɑ oe r t[ b o j u n tS ɑ k e n e n i r e: k i l i k t[ e p dZ ɑ t[ ɯ S ɑ t[
dZ ɑ b ɯ r q ɑ ʁ ɑ n d[ ɑ r d[ ɯ n ɑ b ɑ l ɯ t[ u r u q t[ u: d[ e d[ i ɑ l
ɑ l e m i ɑ s q ɑ r o v s u l ɑ j m ɑ n o ə d[ u oe l t[ y r b oe ɡ oe n y n ɑ j t[ t[ ɯ
ɑ l k e l e tS e k t[ e oe z y n y n i S q ɑ n ɑ s ɯ n ɑ e: b o l u: n u q ɯ j ɑ l d[ ɑ n ɑ t[
s o t[ t[ u q o t[ u r u m d[ ɑ m ɑ l i q ɑ t[ y r dZ ɑ r ɑ n ɯ m
b u l m ɯ j z ɑ m tS e n e m d[ y: n e r s e
dZ ɑ N ɯ ɑ q ts i j ɑ tS ɯ ʁ ɑ r u: ʁ ɑ q ɑ r S ɯ b o l d[ u
ɑ z ɑ m ɑ t[ s ɯ N s e n i m e n e n s ɯ j m ɯ q t[ ɑ n ɑ m
p ɑ t[ e r s o n ɑ v t[ o b u s t[ u n ɑ j d[ o: tS u s u t[ u: r ɑ l u: f i l j m
b u l dZ ɑ n ɯ b ɑ r d[ ɯ n d[ e: r l i k k oe b y b o r b o r d[ u q dZ ɑ n ɑ t[ y S t[ y k ɑ f r i q ɑ d[ ɑ dZ ɑ S ɑ j t[
k oe N y l b u r u N u z v i d[ e o d[ o dZ ɑ n ɯ b ɑ r d[ ɯ oe l t[ y r y: k oe r y n y S y b ɑ r
s y j l oe S y: l oe r d[ y n dZ ɯ j ɯ n t[ ɯ ʁ ɯ dZ oe n y n d[ oe ɑ z ɯ r ɯ n tS ɑ e tS n e r s e ɑ j t[ ɯ l ɑ e l e k
b i r o q ɑ n ɯ n ɯ r l ɑ r ɯ q ɯ l m ɯ S i S i n i n q o z ʁ o l u S u n ɑ s e b e p b o l ʁ o n e m e s
i b r ɑ i m o v dZ u r n ɑ l i s t[ t[ e r ɡ e ɑ l e tS n e r s e b i l b e s i n ɑ j t[ t[ ɯ
e m n e y tS y n e m ɡ i tS e e l e ə ɑ q u ɑ ts i j ɑ l ɑ n ʁ ɑ n e m e s
o t[ tS e t[ u S u l ɑ p t[ ɑ n ɯ n s o N u n ɑ tS e j i n d[ ɑ j ɑ r b o l u S u k e r e k
u tS u r d[ ɑ s ɑ l t[ ɑ n ɑ t[ t[ ɯ n tS ɯ ʁ ɯ m d[ ɑ r ɯ n ɯ n e s e p t[ e r i b e k i t[ y: d[ oe n oe t[ y: d[ oe
t[ ɑ j b o q s u b o j u n tS ɑ e l ɑ r ɑ l ɯ q t[ u r n i r b ɑ n q o q S ɑ: r ɯ n d[ ɑ oe t[ k oe n
b i z ɡ e e tS n e r s e q ɑ l b ɑ j ɑ t[ p ɑ j b ɯ
s e j i l b ɑ q S ɑ: r d[ ɯ q m e r i j ɑ n ɯ n m ɑ N d[ ɑ j ɯ n d[ ɑ dZ ɑ j ʁ ɑ S q ɑ n
tS ɯ n d[ ɯ ʁ ɯ n d[ ɑ m e n b i j i k t[ e n s e k i r y: m e l d[ e S i n t[ ɑ r t[ ɯ p dZ ɑ t[ q ɑ m
e m i q ɯ r ʁ ɯ z s t[ ɑ n d[ ɯ q e r k e k t[ e r d[ e n d[ ɑ s u r ɑ S ɯ m y m k y n
m e n ɑ n ɯ m e n e n s y j l oe S oe j y n d[ e p u n ɑ: ʁ ɑ o t[ u r u: s u n oe t[ y n d[ y m
o j u n d[ ɑ dZ ɑ l ʁ ɯ z ʁ o l d[ u l ɑ r s S t[ i n d[ j k i r ɡ i z d[ i
o S o n d[ u q t[ ɑ n m e n b u l m ɯ j z ɑ m d[ o l b o: r u n q o l d[ o ʁ o n u m dZ o q
b i r i n tS i m ɑ t[ tS t[ ɑ S k e n t[ t[ e oe t[ y p
ɡ e r m ɑ n i j ɑ d[ ɑ q u s p e r t[ d[ e s o d[ o ʁ s ɑ X n ɑ ɑ t[ ɯ m e n e n b e l ɡ i l y: b o l ʁ o n
b y ɡ y n u q m t[ oe r ɑ ʁ ɑ s ɯ dZ ɑ n ɑ b ɑ S q ɯ p r o q u r o r i S dZ y r y p dZ ɑ t[ ɑ t[ d[ e p ɑ j t[ ɯ S t[ ɯ
t[ o q t[ o ʁ u l ɡ e s i ɑ q ɯ r q ɯ dZ o l u b u z u l ʁ ɑ n d[ ɑ y tS ɑ j i tS i n d[ e o N d[ o l ʁ o n
d[ o s t[ u q oe k m oe r m oe b e k e t[ i t[ o l u p q ɑ l ʁ ɑ n
b u l dZ e r ɡ e k e l i p q ɑ l ʁ ɑ n ɯ m d[ ɯ n s e b e b i k e m p i r i m q ɑ j t[ ɯ S b o l u p q ɑ l d[ ɯ
oe r t[ q ɑ t[ ɑ r l ɑ S dZ ɑ j ʁ ɑ S q ɑ n y tS y j ɡ oe oe t[ oe b ɑ S t[ ɑ ʁ ɑ n
b u l dZ ɑ s ɑ l ʁ ɑ n e m e s i z i l d[ oe: b ɑ S q ɑ dZ e r d[ e dZ y r ɡ y z y l ɡ oe n
m ɑ q u l ɑ ɑ n d[ ɑ k e s i l ɡ e n e t[ m e n e n s ɑ m s ɑ d[ e ɡ e n i e m n e s i
ɑ l ɑ r ɑ d[ ɑ m oe l t[ y r y: m e n e n q ɑ r ɑ q tS ɯ l ɯ q q ɑ S e k t[ e l i S y: d[ oe
k oe N y l b u r b ɑ ʁ ɑ n d[ ɯ q t[ ɑ n dZ o ʁ o r q u k e N e S k e q ɑ j r ɯ l d[ ɯ q
b u l tS ɑ r ɑ l ɑ r q ɑ n tS ɑ l ɯ q n ɑ t[ ɯ j dZ ɑ l u:
b i r o q b i l i m b e r y: s ɑ p ɑ t[ ɯ ɑ j ɑ b ɑ j dZ ɑ q S ɯ
b u l dZ ɑ q S ɯ e l e t[ ɑ dZ r ɯ j b ɑ d[ e d[ i m i n i s t[ r
ɑ l oe z y n y n b i z n e s i n i j ɡ i l i k s i z d[ e p ɑ t[ ɑ j t[
e r t[ e d[ e n k e tS k e tS e j i n i tS e b e r i S e t[
e k i n tS i q ɯ z ɯ m m ɑ r ʁ u b ɑ dZ o l u m d[ u u l ɑ j t[ d[ e p y m y t[ t[ oe n oe m
m e n u l ɑ n i s r ɑ i l o ə d[ u dZ ɑ q S ɯ b i l e m b i z b i r ɡ e i S t[ e ɡ e n b i z
ɑ l ɑ r y tS y n ɑ t[ ɑ j ɯ n q o s t[ j u m d[ ɑ r d[ ɯ t[ i ɡ i p m ɯ l t[ ɯ q t[ ɑ r d[ ɯ d[ ɑ j ɑ r d[ ɑ S ɯ b ɯ z k e r e k
o S o n u n ɑ j ɯ n ɑ n e k s p o n ɑ t[ t[ ɑ r d[ ɯ s ɑ q t[ o: n u n t[ ɑ l ɑ b ɯ b u z u l d[ u
ɑ r b i r i b i z e l d[ i n ʁ ɑ n ɑ t[ ɑ n d[ o: s u n ɑ y m y t[ ɑ r t[ t[ ɯ q d[ e d[ i dZ e: n b e q o v
b i r o q s u: n u oe z b e k t[ ɑ r ɑ p q o l d[ o n o t[ u r ʁ ɑ n b o l d[ u
t[ y s q o l l e k ts i j ɑ q ɑ r ɑ dZ ɑ S ɯ l dZ ɑ n ɑ q ɯ z ɯ l t[ y s t[ oe r d[ oe n t[ u r ɑ t[
ɑ l b e t[ t[ e m e n p ɑ r l ɑ m e n t[ t[ i s ɯ n d[ ɑ j m
d[ o l b o: r d[ o dZ ɑ S ɯ l q u r u l u S oe n y ɡ oe t[ u r ʁ ɑ n dZ ɑ N ɯ ɑ j m ɑ q t[ ɑ r b oe l y n ɡ oe n
ɑ l ɑ r d[ ɯ n k oe b y ɑ s ɯ l t[ u q u m
b i r o q b i z q u r ɑ t[ o r ɑ r q ɯ l u: q ɑ t[ dZ o l d[ o d[ u q
ɑ n d[ ɑ k oe l d[ y n oe z y n oe tS e j i n ɑ v t[ o u n ɑ: m e n e n dZ e t[ t[ i k
m e n s i l e r ɡ e e tS q ɑ tS ɑ n b ɑ: r ɯ n ɑ j t[ ɯ p b e r b e j m
b i z d[ e e r k i n f o r m ɑ q ɑ n d[ ɑ j d[ ɯ r b i r tS e k t[ oe: l oe r d[ y k i r ɡ i z b e j b i z
b i z b u l b i r z ɑ l d[ ɑ o t[ u r ʁ ɑ n d[ ɑ r dZ ɑ l p ɯ i S y tS y n k y r oe S k oe d[ ɑ j ɑ r b ɯ z
q ɑ r S ɯ l ɑ S t[ ɑ r ɯ n ɑ q ɑ r ɑ t[ ɑ dZ ɑ n ɑ ɑ n ɯ n ɑ t[ ɯ n ɑ k y tS k oe r s oe t[ y: ɡ oe t[ ɯ j u: s ɑ l ɯ n ɑ t[
b i S k e k m e r i j ɑ s ɯ e k i n tS i dZ e r y s t[ y n d[ oe ɡ y oe t[ m oe k t[ y q u r u p b y t[ t[ y
oe k m oe t[ t[ y n oe k y l d[ oe r y s o t[ t[ u n b i r i n tS i dZ ɯ j ɯ n ɯ n ɑ k e l i S k e n dZ o q
ɑ q ɯ r ɯ n d[ ɑ m ɯ n u S u l t[ e X n i q ɑ n ɯ dZ ɑ s ɑ d[ ɯ m
m ɑ t[ e r i ɑ l d[ ɯ n t[ y p n u s q ɑ s ɯ l i ə e n j
e l ɑ i d[ ɑ dZ e N i S b e q o v n ɑ ʁ ɑ i S e n ɡ e n
o n l ɑ j n q o t[ o r m o tS u ʁ ɑ dZ ɑ N ɯ s oe z d[ oe r d[ y n t[ y r y n dZ ɑ z s ɑ b o l o t[
