бул баа ал жакта жайыма кармалып турат
азырынча сайттын иши качан калыбына келтирилери белгисиз
албетте мындай болуп калганына өкүнөм деди ал
биринчи сапардан кийин дагы далай жолу каттадым
бул кадамга эмне үчүн барганыңызды жакшы түшүнөбүз
андан бери өлкөдө бир нече жолу бийлик алмашты
жылына эки жолу аны ардагерде эс алууга жөнөтүшөт
мунун бардыгын эске алуу керек
суунун жоктугу көйгөйдү жаратты
алар анча алыс эмес келечек жаңы конушунда жашашат
ошондо ал өз апасына ага кошунасы жагаарын айткан
азыр сүйлөшүүлөр убактылуу токтотулду
бир сөз менен айтканда койчуга окшош
компаниянын жетекчиси наргиз жолдошбаева
ал көп нерсени укту
мен үч күндөн бери көчөдө жатып калып бутум баспай бараткан
комментарий берүүдөн карманып турайын
шаршемби күнү баары белгилүү болот
ал арыздан кийин филат тогуз жылга эркинен ажыратылган
эмне үчүн экенин да билем
топоздор туз каптаган жээктерде оттошот
клооп редакциясы болгон иш чараны чагылдырууга аракет кылды
албетте бул чечим боюнча жогорку сотко даттанабыз
ошол учурда алар кызды өз күчү менен куткарууга белсенишет
дал ушул командалар улуттар лигасынын наамы үчүн күч сынашат
бардыгы бүгүнкү күндөгүдөй көз алдымда турат
мен парижге теракттардан эки күн өткөндөн кийин келдим
алар сөз эркиндигине ээ эмес
буга чейин кубанычбек кадыров суу ичип баштаган эле
оюн жыйырма мүнөттүк үч бөлүктөн турат
бул азия чемпионатындагы тыныбекованын экинчи жеңиши
айтматов ветеринардык иши менен бирге повесттерди жазып турган
алардын максаты борбордун көрүнүшүн жакшыртуу
ал жер ош жана башка аймактарга салыштырмалуу өнүккөн
кечигүүнүн себеби өкмөт тарабынан каржылоонун жетишсиздиги
бактым бар экен стадиондун ортосуна чуркап барганга жетиштим
биз башка өлкөдөн ачып алабыз
схема болсо кандай тартылган
биз ал жердеги бүркүттү бийик жерге кондурдук
биз бул үйлөрдү сатып алганбыз
жолугушууда иш таштоонун себептери талкууланган
бирок биз күтүп алган ошол маршрутта мирзат жок экен
анын кызы бермет акаева да аталган мектепти аяктаган
алгач эле кытайдын эшигин ачтым
узуну бир жарым метрлик таттууну үч киши үч саатта жасашкан
себеби админресурс башкы ролду ойноду
алар колонна болуп перцы мотобарынан жеңиш паркына чейин барышты
токмоктун жакынындагы айлампа жолдо эки автомашина кагышты
ал видеону дүйнөлүк басылмалар да жарыялашкан
ал жерде кичинекей чыйырда эч ким деле жок болчу
анткени жөө чыйыр тарайып кеткен
келишим куруучулардын көпчүлүгү өзбекстандан болушун шарттайт
мендейлер коомдук түйүндөрдө көп
ал бул маселе боюнча көмөк көрсөтөөрүнө сөз берди
экономист александр хвандын айтымында бул базар үчүн жакшы белги
аймактарды кыдырганда аял акимдер абдан аз жокко эсе
мыктылар дивизионго көтөрүлүп начар ойногондор төмөн түшө берет
мугалимге айтышканда сыртка алып чыгып ыргытуусун айткан
жок чын эле айтып атам кошулгула
ботаникалык бакчадан бул маалыматты клоопко тастыктап беришти
төмөн түшүү үч мүнөттөй убакытка созулат
бир рюмка ичтим болгону ошол
бул аргасыз жагдай болууда деди эшенбаев
сиз мени менен эмес президенттин кеңешчилери менен кеңешесиз
мен закия деген кыз менен тааныштым
биз биринчи жолу мүмкүнчүлүгү чектелген адамдарды окутуп жатабыз
качан экени бизге белгисиз
түз эле жер атылып кетип үстү сүрүлүп түштү
учурда мектеп окуучуларынын абалы канааттандырарлык деди ал
бизде да мындай менен алектенген балдардын топтору бар
бул лгбт коомчулугунун жабык болуусунун дагы бир себеби
стамбулда манас эпосу түрк тилинде көрсөтүлдү
бул жакта эркектер үчүн аялдар эне же аял гана боло алышат
жолдо студент эдил башка ыктыярчы сыргак менен таанышкан
биздин кызматкерлер студенттер дин кызматкерлери менен иштешкен
фифа жаңы рейтингди жарыялоонун убактысын дайындабайт
аныкталган факт эч кандай тинтүү жүргүзүлбөгөнүн көрсөтүп турат
мамлекет мени душман деп жаңылышат
ал жерде аял же эркек деп жазылган эмес
силер картаны көрдүңөр беле
түркиядагы студенттик фестивалда тасма экинчи орунга ээ болгон
ал күндөрү нааразылык акциясына түмөндөгөн адамдар чыккан
бөлмөлөр бекилбейт жашырынып калууга эч мүмкүн эмес
ал жакта султан боло албайсың
сүрөт тартуу мен үчүн бизнес эмес
менин каймана атым сайхиросаки
бирок алардын эч кимиси менен сүйлөшүүгө мүмкүн болгон эмес
биринчилер залда отурушат а экинчилери далисте жүрүшөт
буга анын сакалы шек туудурган
алар биологиялык жактан да механикалык жактан да жабыркаган
ал саясаттан четтегенден кийин чукулоонун кереги жок
учурда депутат убактылуу абакта кармалууда
биз ал күнөөлүү же күнөөлүү эмес экенин билбейбиз
нунес беттештин акыркы секундаларында каршылашын жыгыта алды
ал эми алдыдагы ондукка франциянын курамасы илинген
материалдын түп нускасы настоящее время сайтына чыккан
кеңири үч бөлмөлүү батир
бул аялдарга карата көрө албастык жана өтө мизогинисттик билдирүү
сүйлөшүүдөн кийин дагы көрөбүз да
болгону стандарт формада жасап берилет
бешинчинин директору изилдөөлөрдүн жыйынтыктары менен макул эмес
кээде пенсионерлерди асырап алууну каалагандар чыгышат
денесиндеги оор жаракаттардан халмурзаев ооруканада каза болгон
каршы деп назарали арипов менен абдрахматова өзү добуш беришкен
байланышыбыз ушул күнгө чейин үзүлө элек болчу
жердин баарында мектептер ооруканалар бар
бул беренелер эмне жөнүндө
дары менен камсыз кылганда деле алар аны эмне кылаарын билишпейт
москвин бийликке өзү барып өрт боюнча өз күнөөсүн мойнуна алды
алар келип эле тоого жөнөгүсү келет
ал кошумчалагандай кыргыз тарап тергөөгө таасир этпейт
биздин жабдыктар ал жерде орнотулган эмес
анда окуялар сүрөттөр менен баяндалып тексти аз болот
ун кампасынын алдында күнгө күйгөн кир кийимчен үч бала отурат
ал кызы тарапта болуп кызына ал жалгыз эмес экенин көрсөтө алды
мен өз позициямды бир канча жолу билдиргем жана аны өзгөртпөйм
молдовада жаңы президент шайланды баары туруктуу
ошол түнү башкалары да ачкачылык кармоодон баш тартышты
звездина басмакананын ишин уланта берүүсүн талап кылууда
дагы кайсы саясатчылар соттолду
бул суу сактагыч курч кырдаалга эч кандай тиешеси жок
анын айтымында бул шайлоонун жыйынтыгына таасир эткен
дордойдун оюнчулары көк алайдыкы ак формада
ошондуктан алар мыкты даярдыкта болушу керек
бул техниканы майып адамдарга ыңгайлаштырып жасадым
милиционерлер ооруканада ага бир гана дарыгерлерди киргизишчү
бул ачыктан ачык калп
биз контентибизди интернет аркылуу гана жайылтпайбыз
үчүнчү гол оюндун экинчи жарымында аткарылды
алда канча коркунучтуу нерсе добуштарды сатып алуу
биз башкача жол менен барабыз
анын клубдашы жоэла кожонун эсебинде беш жолу киргизилген гол бар
жапаров өзү судьядан ишти аягына чейин иликтеп чыгууну өтүндү
жабыркагандар жана кыйроолор жок
чагымчыл аракеттер көп болду
бойдун узундугу көз өлчөм менен эле белгиленет
чилинин курамасы орунун сактап турат
ал биз менен келип таанышкан биринчи киши болду
мындай нерсе эгемендүүлүк күнүндө дагы болду
тышкы саясатта атамбаев басымды орусияга жасайт
бардыгы бишкекте деп ага айтышкан
кымбат айтып кардарларды качырбаш керек
елена жылкычыева менен гүлнара жоробаева отурумга катышкан эмес
ал мадина базарынын жанындагы шабдан баатыр көчөсүндө жайгашкан
силерге бир эпизод тууралуу айтып берейин
мени каршы деп киргизип коюшуптурбу ээ
мындай жол менен балдар үйүнүн жоюлушуна салымымды кошкум келет
ал күнү тартылган сүрөттө кыз бактылуу көрүнөт
алар мени үйлөнткөнү жатышканын түшүндүм деп баяндайт ал
бирок келечекте ал кайра жанданышы керек
мен аябай көп кеңештерди уктум
эмне үчүн экенин айтып беребиз
модин текебаевдин кабинетинин жанынан өттү
билдирме толтурууга өтө берейин
өсүп келе жаткан жаштардын ички дүйнөсү таза болот
натыйжада алексей атасынын талабы менен бекинип алган
буга чейин алар мамлекеттик тил сынагынан ийгиликтүү өтүшкөн
он бир жашар ишкер мурда эле атаандаштары менен келишип алган
ал иш сапаттуубу же жокпу башка маселе
мен эч нерседен коркпойм менин абийирим таза
ал бул айыптоону саясий мүнөздүү деп атаган
тактап айтканда алар менин өлкөдө эместигимди билишкен
бул эки тарапты бирдей ынандырган чечим болду деди рыскулов
бул суроо пайда болгондо мен башкы прокурор элем
учурда жергиликтүү милиция өрт боюнча кененирээк иликтеп жатышат
жабыркагандардын абалы туруктуу деди ал
ал эми аскаров сулаймановду өлтүрбөгөнүн айтты
ал келечекте өзүнүн ишканасына ээ болууну кыялданат
соттук отурумда малика түрк жараны м
бул мыйзам ченемдүү нерсе
жаңы акция чыгарууга каршы болду
азаматсың сени менен сыймыктанам
патерсон автобустун айдоочусу тууралуу фильм
бул жаныбардын дээрлик көбү борбордук жана түштүк африкада жашайт
көңүл буруңуз видеодо жаныбарды өлтүрүү көрүнүшү бар
сүйлөшүүлөрдүн жыйынтыгы жөнүндө азырынча эч нерсе айтыла элек
бирок анын ырлары кылмыш ишинин козголушуна себеп болгон эмес
ибраимов журналисттерге ал эч нерсе билбесин айтты
эмне үчүн эмгиче эл эвакуацияланган эмес
отчет ушул аптанын соңуна чейин даяр болушу керек
учурда салтанаттын чыгымдарынын эсептери бекитүүдөн өтүүдө
тай боксу боюнча эл аралык турнир бангкок шаарында өткөн
бизге эч нерсе калбай атпайбы
сейил бак шаардык мэриянын маңдайында жайгашкан
чындыгында мен бийиктен секирүү мелдешин тартып жаткам
эми кыргызстандык эркектерден да сурашы мүмкүн
мен аны менен сүйлөшөйүн деп унаага отуруусун өтүндүм
оюнда жалгыз голду ларс штиндль киргизди
ошондуктан мен бул мыйзам долбоорун колдогонум жок
биринчи матч ташкентте өтүп
германияда кусперт десо догг сахна аты менен белгилүү болгон
бүгүн укмк төрагасы жана башкы прокурор иш жүрүп жатат деп айтышты
токтогул гэси акыркы жолу бузулганда үч ай ичинде оңдолгон
достук өкмөрмө бекети толуп калган
бул жерге келип калганымдын себеби кемпирим кайтыш болуп калды
өрт катарлаш жайгашкан үч үйгө өтө баштаган
бул жасалган эмес изилдөө башка жерде жүргүзүлгөн
макул а анда кесилген эт менен самса дегени эмнеси
алар адам өлтүрүү менен каракчылыкка шектелишүүдө
көңүл бурбагандыктан жогорку кеңешке кайрылдык
бул чаралар канчалык натыйжалуу
бирок билим берүү сапаты аябай жакшы
бул жакшы эле тажрыйба деди министр
ал өзүнүн бизнесин ийгиликсиз деп атайт
эртеден кечке чейин иче беришет
экинчи кызым маргуба жолумду улайт деп үмүттөнөм
мен улан исраиловду жакшы билем биз бирге иштегенбиз
алар үчүн атайын костюмдарды тигип мылтыктарды даярдашыбыз керек
ошонун айынан экспонаттарды сактоонун талабыбузулду
ар бирибиз элдин гана тандоосуна үмүт арттык деди жээнбеков
бирок сууну өзбек тарап колдоно турган болду
түс коллекция кара жашыл жана кызыл түстөрдөн турат
албетте мен парламентти сындайм
долбоордо жашыл курулуш өнүгө турган жаңы аймактар бөлүнгөн
алардын көбү асыл тукум
бирок биз куратор аркылуу кат жолдодук
анда көлдүн өзүнө чейин автоунаа менен жеттик
мен силерге эч качан баарын айтып бербейм
бизде эркин форма кандайдыр бир чектөөлөрдү киргизбейбиз
биз бул бир залда отургандар жалпы иш үчүн күрөшкө даярбыз
каршылаштарына карата жана анын атына күч көрсөтүүгө тыюу салынат
бишкек мэриясы экинчи жер үстүндөгү өткмөктү куруп бүттү
өкмөттүн өкүлдөрү соттун биринчи жыйынына келишкен жок
акырында мын ушул техниканы жасадым
материалдын түп нускасы ливень
эл аида жеңишбековнага ишенген
онлайн котормочуга жаңы сөздөрдүн түрүн жазса болот
